2026-06-13 13:24:46,400 - INFO - Starting training for efficientnet_b0
2026-06-13 13:24:46,436 - INFO - Using device: cuda
2026-06-13 13:24:46,554 - INFO - Creating model: efficientnet_b0
2026-06-13 13:24:47,352 - INFO - Epoch 1/30
2026-06-13 13:27:20,630 - INFO - Train - Loss: 0.6257, Acc: 0.8034, F1: 0.7455
2026-06-13 13:27:20,630 - INFO - Val - Loss: 0.2878, Acc: 0.9031, F1: 0.8514
2026-06-13 13:27:20,685 - INFO - Saved new best model with F1: 0.8514
2026-06-13 13:27:20,686 - INFO - Epoch 2/30
2026-06-13 13:29:55,089 - INFO - Train - Loss: 0.2350, Acc: 0.9188, F1: 0.8965
2026-06-13 13:29:55,089 - INFO - Val - Loss: 0.1513, Acc: 0.9501, F1: 0.9216
2026-06-13 13:29:55,131 - INFO - Saved new best model with F1: 0.9216
2026-06-13 13:29:55,132 - INFO - Epoch 3/30
2026-06-13 13:32:25,055 - INFO - Train - Loss: 0.1715, Acc: 0.9422, F1: 0.9272
2026-06-13 13:32:25,055 - INFO - Val - Loss: 0.1087, Acc: 0.9637, F1: 0.9364
2026-06-13 13:32:25,091 - INFO - Saved new best model with F1: 0.9364
2026-06-13 13:32:25,091 - INFO - Epoch 4/30
2026-06-13 13:34:57,927 - INFO - Train - Loss: 0.1380, Acc: 0.9529, F1: 0.9398
2026-06-13 13:34:57,927 - INFO - Val - Loss: 0.1523, Acc: 0.9505, F1: 0.9168
2026-06-13 13:34:57,927 - INFO - Epoch 5/30
2026-06-13 13:37:24,628 - INFO - Train - Loss: 0.1164, Acc: 0.9602, F1: 0.9488
2026-06-13 13:37:24,630 - INFO - Val - Loss: 0.1273, Acc: 0.9615, F1: 0.9435
2026-06-13 13:37:24,694 - INFO - Saved new best model with F1: 0.9435
2026-06-13 13:37:24,694 - INFO - Epoch 6/30
2026-06-13 13:39:55,239 - INFO - Train - Loss: 0.1041, Acc: 0.9640, F1: 0.9551
2026-06-13 13:39:55,239 - INFO - Val - Loss: 0.0780, Acc: 0.9747, F1: 0.9656
2026-06-13 13:39:55,287 - INFO - Saved new best model with F1: 0.9656
2026-06-13 13:39:55,287 - INFO - Epoch 7/30
2026-06-13 13:42:24,400 - INFO - Train - Loss: 0.0933, Acc: 0.9678, F1: 0.9597
2026-06-13 13:42:24,401 - INFO - Val - Loss: 0.0466, Acc: 0.9824, F1: 0.9758
2026-06-13 13:42:24,448 - INFO - Saved new best model with F1: 0.9758
2026-06-13 13:42:24,448 - INFO - Epoch 8/30
2026-06-13 13:45:31,447 - INFO - Train - Loss: 0.0859, Acc: 0.9700, F1: 0.9622
2026-06-13 13:45:31,448 - INFO - Val - Loss: 0.0462, Acc: 0.9857, F1: 0.9805
2026-06-13 13:45:31,487 - INFO - Saved new best model with F1: 0.9805
2026-06-13 13:45:31,487 - INFO - Epoch 9/30
2026-06-13 13:48:12,087 - INFO - Train - Loss: 0.0799, Acc: 0.9724, F1: 0.9655
2026-06-13 13:48:12,087 - INFO - Val - Loss: 0.0325, Acc: 0.9879, F1: 0.9856
2026-06-13 13:48:12,141 - INFO - Saved new best model with F1: 0.9856
2026-06-13 13:48:12,141 - INFO - Epoch 10/30
2026-06-13 13:50:41,542 - INFO - Train - Loss: 0.0750, Acc: 0.9746, F1: 0.9676
2026-06-13 13:50:41,542 - INFO - Val - Loss: 0.0403, Acc: 0.9868, F1: 0.9770
2026-06-13 13:50:41,543 - INFO - Epoch 11/30
2026-06-13 13:53:40,557 - INFO - Train - Loss: 0.0672, Acc: 0.9765, F1: 0.9699
2026-06-13 13:53:40,557 - INFO - Val - Loss: 0.0306, Acc: 0.9905, F1: 0.9883
2026-06-13 13:53:40,612 - INFO - Saved new best model with F1: 0.9883
2026-06-13 13:53:40,612 - INFO - Epoch 12/30
2026-06-13 13:57:36,114 - INFO - Train - Loss: 0.0669, Acc: 0.9773, F1: 0.9714
2026-06-13 13:57:36,116 - INFO - Val - Loss: 0.0322, Acc: 0.9912, F1: 0.9896
2026-06-13 13:57:36,203 - INFO - Saved new best model with F1: 0.9896
2026-06-13 13:57:36,203 - INFO - Epoch 13/30
2026-06-13 14:01:18,522 - INFO - Train - Loss: 0.0643, Acc: 0.9781, F1: 0.9720
2026-06-13 14:01:18,523 - INFO - Val - Loss: 0.0340, Acc: 0.9868, F1: 0.9814
2026-06-13 14:01:18,523 - INFO - Epoch 14/30
2026-06-13 14:05:07,982 - INFO - Train - Loss: 0.0626, Acc: 0.9786, F1: 0.9728
2026-06-13 14:05:07,984 - INFO - Val - Loss: 0.0219, Acc: 0.9930, F1: 0.9913
2026-06-13 14:05:08,095 - INFO - Saved new best model with F1: 0.9913
2026-06-13 14:05:08,096 - INFO - Epoch 15/30
2026-06-13 14:08:19,787 - INFO - Train - Loss: 0.0576, Acc: 0.9800, F1: 0.9753
2026-06-13 14:08:19,787 - INFO - Val - Loss: 0.0290, Acc: 0.9905, F1: 0.9879
2026-06-13 14:08:19,788 - INFO - Epoch 16/30
2026-06-13 14:10:52,351 - INFO - Train - Loss: 0.0581, Acc: 0.9805, F1: 0.9751
2026-06-13 14:10:52,352 - INFO - Val - Loss: 0.0164, Acc: 0.9949, F1: 0.9924
2026-06-13 14:10:52,407 - INFO - Saved new best model with F1: 0.9924
2026-06-13 14:10:52,407 - INFO - Epoch 17/30
2026-06-13 14:13:22,794 - INFO - Train - Loss: 0.0605, Acc: 0.9801, F1: 0.9747
2026-06-13 14:13:22,794 - INFO - Val - Loss: 0.0239, Acc: 0.9919, F1: 0.9905
2026-06-13 14:13:22,795 - INFO - Epoch 18/30
2026-06-13 14:15:48,583 - INFO - Train - Loss: 0.0536, Acc: 0.9818, F1: 0.9772
2026-06-13 14:15:48,584 - INFO - Val - Loss: 0.0191, Acc: 0.9952, F1: 0.9947
2026-06-13 14:15:48,646 - INFO - Saved new best model with F1: 0.9947
2026-06-13 14:15:48,646 - INFO - Epoch 19/30
2026-06-13 14:18:52,697 - INFO - Train - Loss: 0.0544, Acc: 0.9818, F1: 0.9769
2026-06-13 14:18:52,698 - INFO - Val - Loss: 0.0195, Acc: 0.9938, F1: 0.9925
2026-06-13 14:18:52,698 - INFO - Epoch 20/30
2026-06-13 14:22:22,938 - INFO - Train - Loss: 0.0547, Acc: 0.9815, F1: 0.9766
2026-06-13 14:22:22,938 - INFO - Val - Loss: 0.0189, Acc: 0.9945, F1: 0.9929
2026-06-13 14:22:22,939 - INFO - Epoch 21/30
2026-06-13 14:25:50,719 - INFO - Train - Loss: 0.0468, Acc: 0.9842, F1: 0.9802
2026-06-13 14:25:50,719 - INFO - Val - Loss: 0.0155, Acc: 0.9967, F1: 0.9964
2026-06-13 14:25:50,773 - INFO - Saved new best model with F1: 0.9964
2026-06-13 14:25:50,774 - INFO - Epoch 22/30
2026-06-13 14:29:19,018 - INFO - Train - Loss: 0.0470, Acc: 0.9843, F1: 0.9801
2026-06-13 14:29:19,019 - INFO - Val - Loss: 0.0264, Acc: 0.9930, F1: 0.9920
2026-06-13 14:29:19,019 - INFO - Epoch 23/30
2026-06-13 14:32:55,377 - INFO - Train - Loss: 0.0483, Acc: 0.9838, F1: 0.9790
2026-06-13 14:32:55,378 - INFO - Val - Loss: 0.0259, Acc: 0.9927, F1: 0.9909
2026-06-13 14:32:55,378 - INFO - Epoch 24/30
2026-06-13 14:36:33,969 - INFO - Train - Loss: 0.0492, Acc: 0.9836, F1: 0.9800
2026-06-13 14:36:33,969 - INFO - Val - Loss: 0.0394, Acc: 0.9879, F1: 0.9845
2026-06-13 14:36:33,969 - INFO - Epoch 25/30
2026-06-13 14:40:06,673 - INFO - Train - Loss: 0.0446, Acc: 0.9848, F1: 0.9807
2026-06-13 14:40:06,673 - INFO - Val - Loss: 0.0376, Acc: 0.9901, F1: 0.9868
2026-06-13 14:40:06,673 - INFO - Epoch 26/30
2026-06-13 14:43:44,114 - INFO - Train - Loss: 0.0360, Acc: 0.9872, F1: 0.9840
2026-06-13 14:43:44,114 - INFO - Val - Loss: 0.0262, Acc: 0.9927, F1: 0.9904
2026-06-13 14:43:44,114 - INFO - Epoch 27/30
2026-06-13 14:47:23,646 - INFO - Train - Loss: 0.0334, Acc: 0.9882, F1: 0.9848
2026-06-13 14:47:23,646 - INFO - Val - Loss: 0.0193, Acc: 0.9952, F1: 0.9933
2026-06-13 14:47:23,646 - INFO - Epoch 28/30
2026-06-13 14:50:52,554 - INFO - Train - Loss: 0.0331, Acc: 0.9887, F1: 0.9861
2026-06-13 14:50:52,554 - INFO - Val - Loss: 0.0231, Acc: 0.9941, F1: 0.9920
2026-06-13 14:50:52,555 - INFO - Epoch 29/30
2026-06-13 14:54:25,899 - INFO - Train - Loss: 0.0346, Acc: 0.9878, F1: 0.9845
2026-06-13 14:54:25,899 - INFO - Val - Loss: 0.0245, Acc: 0.9938, F1: 0.9922
2026-06-13 14:54:25,900 - INFO - Epoch 30/30
2026-06-13 14:57:59,044 - INFO - Train - Loss: 0.0262, Acc: 0.9912, F1: 0.9888
2026-06-13 14:57:59,044 - INFO - Val - Loss: 0.0189, Acc: 0.9949, F1: 0.9935
2026-06-13 14:59:09,644 - INFO - Test - Loss: 0.0234, Acc: 0.9952, F1: 0.9947, Precision: 0.9941, Recall: 0.9954
2026-06-13 14:59:19,732 - INFO - Tomato-Village Eval - Loss: 7.4682, Acc: 0.1589, F1: 0.0996, Precision: 0.1433, Recall: 0.1618
2026-06-13 15:00:18,523 - INFO - Tomato_Leaves Eval - Loss: 8.3980, Acc: 0.1678, F1: 0.0722, Precision: 0.1446, Recall: 0.2139
2026-06-13 15:00:18,525 - INFO - Metrics saved to d:\Code\python\plant-disease-detection\results/augmented_result\efficientnet_b0_metrics.json
2026-06-14 07:27:28,989 - INFO - Starting training for efficientnet_b0
2026-06-14 07:27:29,025 - INFO - Using device: cuda
2026-06-14 07:27:29,161 - INFO - Creating model: efficientnet_b0
2026-06-14 07:27:29,961 - INFO - Epoch 1/30
2026-06-14 07:30:08,887 - INFO - Train - Loss: 0.6794, Acc: 0.7856, F1: 0.7276
2026-06-14 07:30:08,887 - INFO - Val - Loss: 1.1069, Acc: 0.7038, F1: 0.6001
2026-06-14 07:30:08,932 - INFO - Saved new best model with F1: 0.6001
2026-06-14 07:30:08,932 - INFO - Epoch 2/30
2026-06-14 07:32:46,282 - INFO - Train - Loss: 0.2897, Acc: 0.9024, F1: 0.8734
2026-06-14 07:32:46,282 - INFO - Val - Loss: 0.4497, Acc: 0.8604, F1: 0.8040
2026-06-14 07:32:46,321 - INFO - Saved new best model with F1: 0.8040
2026-06-14 07:32:46,321 - INFO - Epoch 3/30
2026-06-14 07:35:21,756 - INFO - Train - Loss: 0.2094, Acc: 0.9293, F1: 0.9110
2026-06-14 07:35:21,757 - INFO - Val - Loss: 0.3121, Acc: 0.8965, F1: 0.8609
2026-06-14 07:35:21,796 - INFO - Saved new best model with F1: 0.8609
2026-06-14 07:35:21,797 - INFO - Epoch 4/30
2026-06-14 07:37:52,246 - INFO - Train - Loss: 0.1705, Acc: 0.9427, F1: 0.9270
2026-06-14 07:37:52,246 - INFO - Val - Loss: 0.2023, Acc: 0.9327, F1: 0.9031
2026-06-14 07:37:52,289 - INFO - Saved new best model with F1: 0.9031
2026-06-14 07:37:52,290 - INFO - Epoch 5/30
2026-06-14 07:41:20,298 - INFO - Train - Loss: 0.1448, Acc: 0.9520, F1: 0.9386
2026-06-14 07:41:20,299 - INFO - Val - Loss: 0.2082, Acc: 0.9327, F1: 0.9106
2026-06-14 07:41:20,344 - INFO - Saved new best model with F1: 0.9106
2026-06-14 07:41:20,344 - INFO - Epoch 6/30
2026-06-14 07:44:53,053 - INFO - Train - Loss: 0.1292, Acc: 0.9564, F1: 0.9444
2026-06-14 07:44:53,054 - INFO - Val - Loss: 0.2561, Acc: 0.9197, F1: 0.8880
2026-06-14 07:44:53,054 - INFO - No improvement for 1/5 epoch(s).
2026-06-14 07:44:53,054 - INFO - Epoch 7/30
2026-06-14 07:48:29,086 - INFO - Train - Loss: 0.1206, Acc: 0.9598, F1: 0.9486
2026-06-14 07:48:29,086 - INFO - Val - Loss: 0.1748, Acc: 0.9449, F1: 0.9308
2026-06-14 07:48:29,130 - INFO - Saved new best model with F1: 0.9308
2026-06-14 07:48:29,131 - INFO - Epoch 8/30
2026-06-14 07:52:09,131 - INFO - Train - Loss: 0.1078, Acc: 0.9641, F1: 0.9546
2026-06-14 07:52:09,131 - INFO - Val - Loss: 0.1873, Acc: 0.9396, F1: 0.9103
2026-06-14 07:52:09,132 - INFO - No improvement for 1/5 epoch(s).
2026-06-14 07:52:09,132 - INFO - Epoch 9/30
2026-06-14 07:55:54,745 - INFO - Train - Loss: 0.1032, Acc: 0.9655, F1: 0.9559
2026-06-14 07:55:54,745 - INFO - Val - Loss: 0.2043, Acc: 0.9350, F1: 0.9155
2026-06-14 07:55:54,745 - INFO - No improvement for 2/5 epoch(s).
2026-06-14 07:55:54,745 - INFO - Epoch 10/30
2026-06-14 07:59:35,022 - INFO - Train - Loss: 0.0919, Acc: 0.9693, F1: 0.9605
2026-06-14 07:59:35,023 - INFO - Val - Loss: 0.1896, Acc: 0.9367, F1: 0.9248
2026-06-14 07:59:35,023 - INFO - No improvement for 3/5 epoch(s).
2026-06-14 07:59:35,023 - INFO - Epoch 11/30
2026-06-14 08:03:13,999 - INFO - Train - Loss: 0.0887, Acc: 0.9696, F1: 0.9614
2026-06-14 08:03:14,000 - INFO - Val - Loss: 0.1959, Acc: 0.9406, F1: 0.9237
2026-06-14 08:03:14,018 - INFO - No improvement for 4/5 epoch(s).
2026-06-14 08:03:14,019 - INFO - Epoch 12/30
2026-06-14 08:06:50,678 - INFO - Train - Loss: 0.0728, Acc: 0.9751, F1: 0.9675
2026-06-14 08:06:50,678 - INFO - Val - Loss: 0.1399, Acc: 0.9522, F1: 0.9428
2026-06-14 08:06:50,735 - INFO - Saved new best model with F1: 0.9428
2026-06-14 08:06:50,735 - INFO - Epoch 13/30
2026-06-14 08:10:26,021 - INFO - Train - Loss: 0.0682, Acc: 0.9772, F1: 0.9698
2026-06-14 08:10:26,021 - INFO - Val - Loss: 0.1682, Acc: 0.9499, F1: 0.9364
2026-06-14 08:10:26,021 - INFO - No improvement for 1/5 epoch(s).
2026-06-14 08:10:26,021 - INFO - Epoch 14/30
2026-06-14 08:13:54,674 - INFO - Train - Loss: 0.0662, Acc: 0.9783, F1: 0.9720
2026-06-14 08:13:54,675 - INFO - Val - Loss: 0.1749, Acc: 0.9526, F1: 0.9424
2026-06-14 08:13:54,675 - INFO - No improvement for 2/5 epoch(s).
2026-06-14 08:13:54,675 - INFO - Epoch 15/30
2026-06-14 08:17:35,860 - INFO - Train - Loss: 0.0659, Acc: 0.9782, F1: 0.9719
2026-06-14 08:17:35,861 - INFO - Val - Loss: 0.1331, Acc: 0.9569, F1: 0.9433
2026-06-14 08:17:35,941 - INFO - Saved new best model with F1: 0.9433
2026-06-14 08:17:35,941 - INFO - Epoch 16/30
2026-06-14 08:21:21,505 - INFO - Train - Loss: 0.0635, Acc: 0.9787, F1: 0.9725
2026-06-14 08:21:21,505 - INFO - Val - Loss: 0.2082, Acc: 0.9406, F1: 0.9236
2026-06-14 08:21:21,506 - INFO - No improvement for 1/5 epoch(s).
2026-06-14 08:21:21,506 - INFO - Epoch 17/30
2026-06-14 08:25:04,695 - INFO - Train - Loss: 0.0598, Acc: 0.9799, F1: 0.9747
2026-06-14 08:25:04,695 - INFO - Val - Loss: 0.1445, Acc: 0.9502, F1: 0.9293
2026-06-14 08:25:04,695 - INFO - No improvement for 2/5 epoch(s).
2026-06-14 08:25:04,695 - INFO - Epoch 18/30
2026-06-14 08:29:00,006 - INFO - Train - Loss: 0.0532, Acc: 0.9820, F1: 0.9771
2026-06-14 08:29:00,007 - INFO - Val - Loss: 0.1381, Acc: 0.9536, F1: 0.9450
2026-06-14 08:29:00,093 - INFO - Saved new best model with F1: 0.9450
2026-06-14 08:29:00,093 - INFO - Epoch 19/30
2026-06-14 08:33:01,850 - INFO - Train - Loss: 0.0594, Acc: 0.9795, F1: 0.9733
2026-06-14 08:33:01,850 - INFO - Val - Loss: 0.1171, Acc: 0.9582, F1: 0.9457
2026-06-14 08:33:01,932 - INFO - Saved new best model with F1: 0.9457
2026-06-14 08:33:01,932 - INFO - Epoch 20/30
2026-06-14 08:36:54,864 - INFO - Train - Loss: 0.0538, Acc: 0.9815, F1: 0.9767
2026-06-14 08:36:54,865 - INFO - Val - Loss: 0.1040, Acc: 0.9635, F1: 0.9522
2026-06-14 08:36:54,919 - INFO - Saved new best model with F1: 0.9522
2026-06-14 08:36:54,919 - INFO - Epoch 21/30
2026-06-14 08:40:47,512 - INFO - Train - Loss: 0.0521, Acc: 0.9826, F1: 0.9776
2026-06-14 08:40:47,512 - INFO - Val - Loss: 0.1272, Acc: 0.9599, F1: 0.9455
2026-06-14 08:40:47,512 - INFO - No improvement for 1/5 epoch(s).
2026-06-14 08:40:47,512 - INFO - Epoch 22/30
2026-06-14 08:44:38,343 - INFO - Train - Loss: 0.0496, Acc: 0.9829, F1: 0.9779
2026-06-14 08:44:38,344 - INFO - Val - Loss: 0.1239, Acc: 0.9559, F1: 0.9423
2026-06-14 08:44:38,345 - INFO - No improvement for 2/5 epoch(s).
2026-06-14 08:44:38,345 - INFO - Epoch 23/30
2026-06-14 08:48:23,003 - INFO - Train - Loss: 0.0512, Acc: 0.9826, F1: 0.9770
2026-06-14 08:48:23,003 - INFO - Val - Loss: 0.1660, Acc: 0.9463, F1: 0.9319
2026-06-14 08:48:23,004 - INFO - No improvement for 3/5 epoch(s).
2026-06-14 08:48:23,004 - INFO - Epoch 24/30
2026-06-14 08:52:17,278 - INFO - Train - Loss: 0.0514, Acc: 0.9829, F1: 0.9781
2026-06-14 08:52:17,278 - INFO - Val - Loss: 0.1444, Acc: 0.9532, F1: 0.9405
2026-06-14 08:52:17,278 - INFO - No improvement for 4/5 epoch(s).
2026-06-14 08:52:17,278 - INFO - Epoch 25/30
2026-06-14 08:56:09,323 - INFO - Train - Loss: 0.0453, Acc: 0.9853, F1: 0.9808
2026-06-14 08:56:09,323 - INFO - Val - Loss: 0.1775, Acc: 0.9446, F1: 0.9317
2026-06-14 08:56:09,324 - INFO - No improvement for 5/5 epoch(s).
2026-06-14 08:56:09,324 - INFO - Early stopping triggered after 25 epochs!
2026-06-14 08:57:24,656 - INFO - Test - Loss: 0.1003, Acc: 0.9695, F1: 0.9633, Precision: 0.9719, Recall: 0.9576
2026-06-14 08:57:36,794 - INFO - Tomato-Village Eval - Loss: 23.3833, Acc: 0.0000, F1: 0.0000, Precision: 0.0000, Recall: 0.0000
2026-06-14 08:58:33,754 - INFO - Tomato_Leaves Eval - Loss: 11.0022, Acc: 0.1119, F1: 0.0311, Precision: 0.0806, Recall: 0.0689
2026-06-14 08:58:33,757 - INFO - Metrics saved to d:\Code\python\plant-disease-detection\results/augmented_result\efficientnet_b0_metrics.json
