2026-06-13 16:45:15,127 - INFO - Starting training for mobilenet_v3_small
2026-06-13 16:45:15,222 - INFO - Using device: cuda
2026-06-13 16:45:15,644 - INFO - Creating model: mobilenet_v3_small
2026-06-13 16:45:15,644 - WARNING - Failed to load via timm with name mobilenet_v3_small. Attempting fallback name mobilenetv3_small_100
2026-06-13 16:45:16,426 - INFO - Epoch 1/30
2026-06-13 16:48:47,762 - INFO - Train - Loss: 0.6381, Acc: 0.8028, F1: 0.7449
2026-06-13 16:48:47,762 - INFO - Val - Loss: 0.2333, Acc: 0.9149, F1: 0.8629
2026-06-13 16:48:47,807 - INFO - Saved new best model with F1: 0.8629
2026-06-13 16:48:47,809 - INFO - Epoch 2/30
2026-06-13 16:52:19,500 - INFO - Train - Loss: 0.2832, Acc: 0.9024, F1: 0.8739
2026-06-13 16:52:19,502 - INFO - Val - Loss: 0.1454, Acc: 0.9494, F1: 0.9319
2026-06-13 16:52:19,537 - INFO - Saved new best model with F1: 0.9319
2026-06-13 16:52:19,537 - INFO - Epoch 3/30
2026-06-13 16:55:42,790 - INFO - Train - Loss: 0.2218, Acc: 0.9235, F1: 0.9028
2026-06-13 16:55:42,790 - INFO - Val - Loss: 0.1033, Acc: 0.9673, F1: 0.9540
2026-06-13 16:55:42,824 - INFO - Saved new best model with F1: 0.9540
2026-06-13 16:55:42,824 - INFO - Epoch 4/30
2026-06-14 05:02:26,264 - INFO - Starting training for mobilenet_v3_small
2026-06-14 05:02:26,340 - INFO - Using device: cuda
2026-06-14 05:02:26,968 - INFO - Creating model: mobilenet_v3_small
2026-06-14 05:02:26,968 - WARNING - Failed to load via timm with name mobilenet_v3_small. Attempting fallback name mobilenetv3_small_100
2026-06-14 05:02:27,658 - INFO - Epoch 1/30
2026-06-14 05:06:33,580 - INFO - Train - Loss: 0.6062, Acc: 0.8082, F1: 0.7538
2026-06-14 05:06:33,587 - INFO - Val - Loss: 0.3100, Acc: 0.9042, F1: 0.8618
2026-06-14 05:06:33,715 - INFO - Saved new best model with F1: 0.8618
2026-06-14 05:06:33,715 - INFO - Epoch 2/30
2026-06-14 05:09:57,146 - INFO - Train - Loss: 0.2794, Acc: 0.9049, F1: 0.8800
2026-06-14 05:09:57,146 - INFO - Val - Loss: 0.1738, Acc: 0.9350, F1: 0.9120
2026-06-14 05:09:57,186 - INFO - Saved new best model with F1: 0.9120
2026-06-14 05:09:57,186 - INFO - Epoch 3/30
2026-06-14 05:13:19,948 - INFO - Train - Loss: 0.2228, Acc: 0.9232, F1: 0.9027
2026-06-14 05:13:19,948 - INFO - Val - Loss: 0.0954, Acc: 0.9651, F1: 0.9620
2026-06-14 05:13:19,977 - INFO - Saved new best model with F1: 0.9620
2026-06-14 05:13:19,977 - INFO - Epoch 4/30
2026-06-14 05:16:52,496 - INFO - Train - Loss: 0.1864, Acc: 0.9376, F1: 0.9213
2026-06-14 05:16:52,496 - INFO - Val - Loss: 0.1083, Acc: 0.9673, F1: 0.9639
2026-06-14 05:16:52,524 - INFO - Saved new best model with F1: 0.9639
2026-06-14 05:16:52,525 - INFO - Epoch 5/30
2026-06-14 05:20:17,248 - INFO - Train - Loss: 0.1652, Acc: 0.9427, F1: 0.9275
2026-06-14 05:20:17,248 - INFO - Val - Loss: 0.1057, Acc: 0.9651, F1: 0.9532
2026-06-14 05:20:17,248 - INFO - Epoch 6/30
2026-06-14 05:23:46,618 - INFO - Train - Loss: 0.1496, Acc: 0.9492, F1: 0.9359
2026-06-14 05:23:46,618 - INFO - Val - Loss: 0.0558, Acc: 0.9817, F1: 0.9771
2026-06-14 05:23:47,064 - INFO - Saved new best model with F1: 0.9771
2026-06-14 05:23:47,064 - INFO - Epoch 7/30
2026-06-14 05:27:08,363 - INFO - Train - Loss: 0.1403, Acc: 0.9515, F1: 0.9392
2026-06-14 05:27:08,363 - INFO - Val - Loss: 0.0614, Acc: 0.9787, F1: 0.9670
2026-06-14 05:27:08,363 - INFO - Epoch 8/30
2026-06-14 05:29:31,062 - INFO - Train - Loss: 0.1325, Acc: 0.9544, F1: 0.9428
2026-06-14 05:29:31,063 - INFO - Val - Loss: 0.0465, Acc: 0.9839, F1: 0.9774
2026-06-14 05:29:31,113 - INFO - Saved new best model with F1: 0.9774
2026-06-14 05:29:31,114 - INFO - Epoch 9/30
2026-06-14 05:32:04,956 - INFO - Train - Loss: 0.1223, Acc: 0.9572, F1: 0.9452
2026-06-14 05:32:04,957 - INFO - Val - Loss: 0.0391, Acc: 0.9872, F1: 0.9818
2026-06-14 05:32:04,983 - INFO - Saved new best model with F1: 0.9818
2026-06-14 05:32:04,983 - INFO - Epoch 10/30
2026-06-14 05:34:47,328 - INFO - Train - Loss: 0.1193, Acc: 0.9589, F1: 0.9484
2026-06-14 05:34:47,328 - INFO - Val - Loss: 0.0638, Acc: 0.9787, F1: 0.9720
2026-06-14 05:34:47,328 - INFO - Epoch 11/30
2026-06-14 05:37:32,494 - INFO - Train - Loss: 0.1106, Acc: 0.9616, F1: 0.9495
2026-06-14 05:37:32,494 - INFO - Val - Loss: 0.0714, Acc: 0.9761, F1: 0.9664
2026-06-14 05:37:32,495 - INFO - Epoch 12/30
2026-06-14 05:40:19,403 - INFO - Train - Loss: 0.1050, Acc: 0.9643, F1: 0.9555
2026-06-14 05:40:19,404 - INFO - Val - Loss: 0.0818, Acc: 0.9769, F1: 0.9728
2026-06-14 05:40:19,404 - INFO - Epoch 13/30
2026-06-14 05:43:04,196 - INFO - Train - Loss: 0.1034, Acc: 0.9646, F1: 0.9553
2026-06-14 05:43:04,196 - INFO - Val - Loss: 0.1111, Acc: 0.9640, F1: 0.9561
2026-06-14 05:43:04,206 - INFO - Epoch 14/30
2026-06-14 05:45:49,254 - INFO - Train - Loss: 0.0780, Acc: 0.9737, F1: 0.9667
2026-06-14 05:45:49,254 - INFO - Val - Loss: 0.0347, Acc: 0.9864, F1: 0.9857
2026-06-14 05:45:49,305 - INFO - Saved new best model with F1: 0.9857
2026-06-14 05:45:49,306 - INFO - Epoch 15/30
2026-06-14 05:48:40,207 - INFO - Train - Loss: 0.0673, Acc: 0.9761, F1: 0.9697
2026-06-14 05:48:40,208 - INFO - Val - Loss: 0.0099, Acc: 0.9967, F1: 0.9962
2026-06-14 05:48:40,246 - INFO - Saved new best model with F1: 0.9962
2026-06-14 05:48:40,248 - INFO - Epoch 16/30
2026-06-14 05:51:32,359 - INFO - Train - Loss: 0.0684, Acc: 0.9755, F1: 0.9693
2026-06-14 05:51:32,359 - INFO - Val - Loss: 0.0227, Acc: 0.9927, F1: 0.9918
2026-06-14 05:51:32,361 - INFO - Epoch 17/30
2026-06-14 05:54:23,582 - INFO - Train - Loss: 0.0648, Acc: 0.9781, F1: 0.9720
2026-06-14 05:54:23,582 - INFO - Val - Loss: 0.0127, Acc: 0.9963, F1: 0.9960
2026-06-14 05:54:23,583 - INFO - Epoch 18/30
2026-06-14 05:57:16,102 - INFO - Train - Loss: 0.0649, Acc: 0.9776, F1: 0.9713
2026-06-14 05:57:16,102 - INFO - Val - Loss: 0.0167, Acc: 0.9941, F1: 0.9939
2026-06-14 05:57:16,103 - INFO - Epoch 19/30
2026-06-14 06:00:07,117 - INFO - Train - Loss: 0.0613, Acc: 0.9785, F1: 0.9733
2026-06-14 06:00:07,117 - INFO - Val - Loss: 0.0139, Acc: 0.9960, F1: 0.9954
2026-06-14 06:00:07,117 - INFO - Epoch 20/30
2026-06-14 06:02:56,356 - INFO - Train - Loss: 0.0497, Acc: 0.9827, F1: 0.9778
2026-06-14 06:02:56,356 - INFO - Val - Loss: 0.0132, Acc: 0.9963, F1: 0.9952
2026-06-14 06:02:56,356 - INFO - Epoch 21/30
2026-06-14 06:05:42,286 - INFO - Train - Loss: 0.0484, Acc: 0.9833, F1: 0.9783
2026-06-14 06:05:42,288 - INFO - Val - Loss: 0.0125, Acc: 0.9963, F1: 0.9949
2026-06-14 06:05:42,288 - INFO - Epoch 22/30
2026-06-14 06:08:15,414 - INFO - Train - Loss: 0.0483, Acc: 0.9832, F1: 0.9788
2026-06-14 06:08:15,414 - INFO - Val - Loss: 0.0142, Acc: 0.9963, F1: 0.9949
2026-06-14 06:08:15,415 - INFO - Epoch 23/30
2026-06-14 06:10:38,875 - INFO - Train - Loss: 0.0429, Acc: 0.9856, F1: 0.9814
2026-06-14 06:10:38,875 - INFO - Val - Loss: 0.0079, Acc: 0.9971, F1: 0.9967
2026-06-14 06:10:39,513 - INFO - Saved new best model with F1: 0.9967
2026-06-14 06:10:39,513 - INFO - Epoch 24/30
2026-06-14 06:12:55,474 - INFO - Train - Loss: 0.0441, Acc: 0.9843, F1: 0.9794
2026-06-14 06:12:55,474 - INFO - Val - Loss: 0.0101, Acc: 0.9974, F1: 0.9971
2026-06-14 06:12:55,502 - INFO - Saved new best model with F1: 0.9971
2026-06-14 06:12:55,502 - INFO - Epoch 25/30
2026-06-14 06:15:15,284 - INFO - Train - Loss: 0.0462, Acc: 0.9839, F1: 0.9795
2026-06-14 06:15:15,284 - INFO - Val - Loss: 0.0081, Acc: 0.9974, F1: 0.9972
2026-06-14 06:15:15,364 - INFO - Saved new best model with F1: 0.9972
2026-06-14 06:15:15,364 - INFO - Epoch 26/30
2026-06-14 06:17:33,833 - INFO - Train - Loss: 0.0436, Acc: 0.9850, F1: 0.9807
2026-06-14 06:17:33,833 - INFO - Val - Loss: 0.0095, Acc: 0.9974, F1: 0.9969
2026-06-14 06:17:33,833 - INFO - Epoch 27/30
2026-06-14 06:19:50,721 - INFO - Train - Loss: 0.0448, Acc: 0.9848, F1: 0.9808
2026-06-14 06:19:50,721 - INFO - Val - Loss: 0.0070, Acc: 0.9982, F1: 0.9977
2026-06-14 06:19:50,742 - INFO - Saved new best model with F1: 0.9977
2026-06-14 06:19:50,742 - INFO - Epoch 28/30
2026-06-14 06:22:05,271 - INFO - Train - Loss: 0.0434, Acc: 0.9849, F1: 0.9804
2026-06-14 06:22:05,271 - INFO - Val - Loss: 0.0107, Acc: 0.9971, F1: 0.9968
2026-06-14 06:22:05,271 - INFO - Epoch 29/30
2026-06-14 06:24:22,392 - INFO - Train - Loss: 0.0409, Acc: 0.9854, F1: 0.9818
2026-06-14 06:24:22,399 - INFO - Val - Loss: 0.0129, Acc: 0.9963, F1: 0.9963
2026-06-14 06:24:22,400 - INFO - Epoch 30/30
2026-06-14 06:26:37,467 - INFO - Train - Loss: 0.0404, Acc: 0.9860, F1: 0.9823
2026-06-14 06:26:37,467 - INFO - Val - Loss: 0.0170, Acc: 0.9945, F1: 0.9931
2026-06-14 06:27:20,402 - INFO - Test - Loss: 0.0188, Acc: 0.9956, F1: 0.9947, Precision: 0.9940, Recall: 0.9955
2026-06-14 06:27:31,022 - INFO - Tomato-Village Eval - Loss: 8.5127, Acc: 0.1695, F1: 0.1098, Precision: 0.1740, Recall: 0.1827
2026-06-14 06:28:29,823 - INFO - Tomato_Leaves Eval - Loss: 8.7150, Acc: 0.1466, F1: 0.0394, Precision: 0.0904, Recall: 0.1248
2026-06-14 06:28:29,825 - INFO - Metrics saved to d:\Code\python\plant-disease-detection\results/augmented_result\mobilenet_v3_small_metrics.json
2026-06-14 09:06:11,138 - INFO - Starting training for mobilenet_v3_small
2026-06-14 09:06:11,209 - INFO - Using device: cuda
2026-06-14 09:06:11,356 - INFO - Creating model: mobilenet_v3_small
2026-06-14 09:06:11,357 - WARNING - Failed to load via timm with name mobilenet_v3_small. Attempting fallback name mobilenetv3_small_100
2026-06-14 09:06:12,099 - INFO - Epoch 1/30
2026-06-14 09:10:02,629 - INFO - Train - Loss: 0.7262, Acc: 0.7672, F1: 0.7029
2026-06-14 09:10:02,630 - INFO - Val - Loss: 0.4024, Acc: 0.8633, F1: 0.7968
2026-06-14 09:10:02,678 - INFO - Saved new best model with F1: 0.7968
2026-06-14 09:10:02,678 - INFO - Epoch 2/30
2026-06-14 09:13:43,126 - INFO - Train - Loss: 0.3733, Acc: 0.8727, F1: 0.8356
2026-06-14 09:13:43,126 - INFO - Val - Loss: 0.2486, Acc: 0.9161, F1: 0.8844
2026-06-14 09:13:43,155 - INFO - Saved new best model with F1: 0.8844
2026-06-14 09:13:43,155 - INFO - Epoch 3/30
2026-06-14 09:17:08,256 - INFO - Train - Loss: 0.3001, Acc: 0.8979, F1: 0.8690
2026-06-14 09:17:08,256 - INFO - Val - Loss: 0.3616, Acc: 0.8896, F1: 0.8384
2026-06-14 09:17:08,257 - INFO - No improvement for 1/5 epoch(s).
2026-06-14 09:17:08,257 - INFO - Epoch 4/30
2026-06-14 09:20:36,238 - INFO - Train - Loss: 0.2706, Acc: 0.9080, F1: 0.8812
2026-06-14 09:20:36,239 - INFO - Val - Loss: 0.2170, Acc: 0.9403, F1: 0.8638
2026-06-14 09:20:36,239 - INFO - No improvement for 2/5 epoch(s).
2026-06-14 09:20:36,239 - INFO - Epoch 5/30
2026-06-14 09:24:19,444 - INFO - Train - Loss: 0.2391, Acc: 0.9184, F1: 0.8938
2026-06-14 09:24:19,444 - INFO - Val - Loss: 0.2220, Acc: 0.9343, F1: 0.8704
2026-06-14 09:24:19,444 - INFO - No improvement for 3/5 epoch(s).
2026-06-14 09:24:19,445 - INFO - Epoch 6/30
2026-06-14 09:27:57,568 - INFO - Train - Loss: 0.2253, Acc: 0.9251, F1: 0.9023
2026-06-14 09:27:57,569 - INFO - Val - Loss: 0.2277, Acc: 0.9287, F1: 0.8790
2026-06-14 09:27:57,575 - INFO - No improvement for 4/5 epoch(s).
2026-06-14 09:27:57,575 - INFO - Epoch 7/30
2026-06-14 09:31:27,779 - INFO - Train - Loss: 0.1602, Acc: 0.9459, F1: 0.9296
2026-06-14 09:31:27,780 - INFO - Val - Loss: 0.2522, Acc: 0.9267, F1: 0.8647
2026-06-14 09:31:27,780 - INFO - No improvement for 5/5 epoch(s).
2026-06-14 09:31:27,780 - INFO - Early stopping triggered after 7 epochs!
2026-06-14 09:32:42,643 - INFO - Test - Loss: 0.2616, Acc: 0.9132, F1: 0.8843, Precision: 0.9108, Recall: 0.8709
2026-06-14 09:32:53,373 - INFO - Tomato-Village Eval - Loss: 13.5458, Acc: 0.0007, F1: 0.0010, Precision: 0.1083, Recall: 0.0005
2026-06-14 09:33:49,714 - INFO - Tomato_Leaves Eval - Loss: 6.6947, Acc: 0.0588, F1: 0.0189, Precision: 0.0920, Recall: 0.0600
2026-06-14 09:33:49,717 - INFO - Metrics saved to d:\Code\python\plant-disease-detection\results/augmented_result\mobilenet_v3_small_metrics.json
