2026-06-13 15:00:54,118 - INFO - Starting training for mobilenet_v2
2026-06-13 15:00:54,197 - INFO - Using device: cuda
2026-06-13 15:00:54,339 - INFO - Creating model: mobilenet_v2
2026-06-13 15:00:54,339 - WARNING - Failed to load via timm with name mobilenet_v2. Attempting fallback name mobilenetv2_100
2026-06-13 15:00:55,016 - INFO - Epoch 1/30
2026-06-13 15:04:20,133 - INFO - Train - Loss: 0.9052, Acc: 0.7147, F1: 0.6335
2026-06-13 15:04:20,135 - INFO - Val - Loss: 1.8193, Acc: 0.5556, F1: 0.4480
2026-06-13 15:04:20,184 - INFO - Saved new best model with F1: 0.4480
2026-06-13 15:04:20,184 - INFO - Epoch 2/30
2026-06-13 15:07:51,255 - INFO - Train - Loss: 0.3999, Acc: 0.8636, F1: 0.8242
2026-06-13 15:07:51,256 - INFO - Val - Loss: 1.9802, Acc: 0.6103, F1: 0.4852
2026-06-13 15:07:51,290 - INFO - Saved new best model with F1: 0.4852
2026-06-13 15:07:51,290 - INFO - Epoch 3/30
2026-06-13 15:11:24,936 - INFO - Train - Loss: 0.2947, Acc: 0.9000, F1: 0.8741
2026-06-13 15:11:24,937 - INFO - Val - Loss: 1.2798, Acc: 0.6602, F1: 0.5623
2026-06-13 15:11:24,979 - INFO - Saved new best model with F1: 0.5623
2026-06-13 15:11:24,979 - INFO - Epoch 4/30
2026-06-13 15:14:55,983 - INFO - Train - Loss: 0.2398, Acc: 0.9189, F1: 0.8970
2026-06-13 15:14:55,983 - INFO - Val - Loss: 1.0888, Acc: 0.6848, F1: 0.5573
2026-06-13 15:14:55,983 - INFO - Epoch 5/30
2026-06-13 15:18:14,427 - INFO - Train - Loss: 0.2041, Acc: 0.9299, F1: 0.9107
2026-06-13 15:18:14,428 - INFO - Val - Loss: 0.9472, Acc: 0.7105, F1: 0.6328
2026-06-13 15:18:14,473 - INFO - Saved new best model with F1: 0.6328
2026-06-13 15:18:14,473 - INFO - Epoch 6/30
2026-06-13 15:21:23,576 - INFO - Train - Loss: 0.1846, Acc: 0.9368, F1: 0.9199
2026-06-13 15:21:23,577 - INFO - Val - Loss: 1.0379, Acc: 0.7141, F1: 0.6064
2026-06-13 15:21:23,577 - INFO - Epoch 7/30
2026-06-13 15:24:41,398 - INFO - Train - Loss: 0.1620, Acc: 0.9450, F1: 0.9307
2026-06-13 15:24:41,398 - INFO - Val - Loss: 0.7353, Acc: 0.7839, F1: 0.7021
2026-06-13 15:24:41,443 - INFO - Saved new best model with F1: 0.7021
2026-06-13 15:24:41,443 - INFO - Epoch 8/30
2026-06-13 15:28:09,860 - INFO - Train - Loss: 0.1538, Acc: 0.9467, F1: 0.9322
2026-06-13 15:28:09,860 - INFO - Val - Loss: 0.5304, Acc: 0.8224, F1: 0.7421
2026-06-13 15:28:09,899 - INFO - Saved new best model with F1: 0.7421
2026-06-13 15:28:09,899 - INFO - Epoch 9/30
2026-06-13 15:31:32,620 - INFO - Train - Loss: 0.1424, Acc: 0.9511, F1: 0.9379
2026-06-13 15:31:32,621 - INFO - Val - Loss: 0.5821, Acc: 0.8066, F1: 0.7253
2026-06-13 15:31:32,621 - INFO - Epoch 10/30
2026-06-13 15:34:45,269 - INFO - Train - Loss: 0.1334, Acc: 0.9545, F1: 0.9424
2026-06-13 15:34:45,270 - INFO - Val - Loss: 0.6440, Acc: 0.7813, F1: 0.6978
2026-06-13 15:34:45,270 - INFO - Epoch 11/30
2026-06-13 15:37:56,201 - INFO - Train - Loss: 0.1240, Acc: 0.9585, F1: 0.9480
2026-06-13 15:37:56,201 - INFO - Val - Loss: 0.4936, Acc: 0.8301, F1: 0.7516
2026-06-13 15:37:56,246 - INFO - Saved new best model with F1: 0.7516
2026-06-13 15:37:56,246 - INFO - Epoch 12/30
2026-06-13 15:41:12,304 - INFO - Train - Loss: 0.1145, Acc: 0.9602, F1: 0.9495
2026-06-13 15:41:12,304 - INFO - Val - Loss: 0.4181, Acc: 0.8521, F1: 0.7983
2026-06-13 15:41:12,360 - INFO - Saved new best model with F1: 0.7983
2026-06-13 15:41:12,361 - INFO - Epoch 13/30
2026-06-13 15:44:26,193 - INFO - Train - Loss: 0.1120, Acc: 0.9621, F1: 0.9516
2026-06-13 15:44:26,193 - INFO - Val - Loss: 0.4287, Acc: 0.8503, F1: 0.7867
2026-06-13 15:44:26,195 - INFO - Epoch 14/30
2026-06-13 15:47:38,403 - INFO - Train - Loss: 0.1060, Acc: 0.9642, F1: 0.9536
2026-06-13 15:47:38,404 - INFO - Val - Loss: 0.3277, Acc: 0.8859, F1: 0.8309
2026-06-13 15:47:38,455 - INFO - Saved new best model with F1: 0.8309
2026-06-13 15:47:38,455 - INFO - Epoch 15/30
2026-06-13 15:50:49,687 - INFO - Train - Loss: 0.1038, Acc: 0.9640, F1: 0.9542
2026-06-13 15:50:49,687 - INFO - Val - Loss: 0.2787, Acc: 0.9009, F1: 0.8596
2026-06-13 15:50:49,730 - INFO - Saved new best model with F1: 0.8596
2026-06-13 15:50:49,731 - INFO - Epoch 16/30
2026-06-13 15:54:04,386 - INFO - Train - Loss: 0.0981, Acc: 0.9671, F1: 0.9589
2026-06-13 15:54:04,387 - INFO - Val - Loss: 0.4878, Acc: 0.8338, F1: 0.7579
2026-06-13 15:54:04,387 - INFO - Epoch 17/30
2026-06-13 15:57:32,041 - INFO - Train - Loss: 0.0944, Acc: 0.9669, F1: 0.9577
2026-06-13 15:57:32,045 - INFO - Val - Loss: 0.4896, Acc: 0.8422, F1: 0.7683
2026-06-13 15:57:32,045 - INFO - Epoch 18/30
2026-06-13 16:00:50,712 - INFO - Train - Loss: 0.0917, Acc: 0.9686, F1: 0.9602
2026-06-13 16:00:50,712 - INFO - Val - Loss: 0.5646, Acc: 0.8150, F1: 0.7377
2026-06-13 16:00:50,713 - INFO - Epoch 19/30
2026-06-13 16:04:14,816 - INFO - Train - Loss: 0.0905, Acc: 0.9686, F1: 0.9610
2026-06-13 16:04:14,817 - INFO - Val - Loss: 0.7583, Acc: 0.7853, F1: 0.6860
2026-06-13 16:04:14,821 - INFO - Epoch 20/30
2026-06-13 16:07:49,753 - INFO - Train - Loss: 0.0759, Acc: 0.9743, F1: 0.9672
2026-06-13 16:07:49,759 - INFO - Val - Loss: 0.5969, Acc: 0.8139, F1: 0.7309
2026-06-13 16:07:49,759 - INFO - Epoch 21/30
2026-06-13 16:11:13,615 - INFO - Train - Loss: 0.0713, Acc: 0.9743, F1: 0.9668
2026-06-13 16:11:13,624 - INFO - Val - Loss: 0.6610, Acc: 0.8000, F1: 0.7102
2026-06-13 16:11:13,625 - INFO - Epoch 22/30
2026-06-13 16:14:40,598 - INFO - Train - Loss: 0.0684, Acc: 0.9765, F1: 0.9708
2026-06-13 16:14:40,599 - INFO - Val - Loss: 0.5897, Acc: 0.8165, F1: 0.7406
2026-06-13 16:14:40,599 - INFO - Epoch 23/30
2026-06-13 16:18:00,822 - INFO - Train - Loss: 0.0688, Acc: 0.9765, F1: 0.9700
2026-06-13 16:18:00,822 - INFO - Val - Loss: 0.5449, Acc: 0.8290, F1: 0.7477
2026-06-13 16:18:00,823 - INFO - Epoch 24/30
2026-06-13 16:21:26,098 - INFO - Train - Loss: 0.0627, Acc: 0.9788, F1: 0.9736
2026-06-13 16:21:26,099 - INFO - Val - Loss: 0.5701, Acc: 0.8132, F1: 0.7310
2026-06-13 16:21:26,099 - INFO - Epoch 25/30
2026-06-13 16:24:52,936 - INFO - Train - Loss: 0.0574, Acc: 0.9800, F1: 0.9745
2026-06-13 16:24:52,941 - INFO - Val - Loss: 0.4253, Acc: 0.8598, F1: 0.7935
2026-06-13 16:24:52,941 - INFO - Epoch 26/30
2026-06-13 16:28:35,209 - INFO - Train - Loss: 0.0566, Acc: 0.9806, F1: 0.9757
2026-06-13 16:28:35,210 - INFO - Val - Loss: 0.5061, Acc: 0.8385, F1: 0.7666
2026-06-13 16:28:35,210 - INFO - Epoch 27/30
2026-06-13 16:32:05,143 - INFO - Train - Loss: 0.0586, Acc: 0.9796, F1: 0.9742
2026-06-13 16:32:05,153 - INFO - Val - Loss: 0.4801, Acc: 0.8477, F1: 0.7802
2026-06-13 16:32:05,153 - INFO - Epoch 28/30
2026-06-13 16:35:30,414 - INFO - Train - Loss: 0.0590, Acc: 0.9804, F1: 0.9752
2026-06-13 16:35:30,430 - INFO - Val - Loss: 0.4497, Acc: 0.8517, F1: 0.7869
2026-06-13 16:35:30,431 - INFO - Epoch 29/30
2026-06-13 16:38:52,733 - INFO - Train - Loss: 0.0504, Acc: 0.9832, F1: 0.9791
2026-06-13 16:38:52,734 - INFO - Val - Loss: 0.4877, Acc: 0.8437, F1: 0.7773
2026-06-13 16:38:52,734 - INFO - Epoch 30/30
2026-06-13 16:42:15,478 - INFO - Train - Loss: 0.0534, Acc: 0.9816, F1: 0.9764
2026-06-13 16:42:15,478 - INFO - Val - Loss: 0.4990, Acc: 0.8389, F1: 0.7659
2026-06-13 16:43:32,034 - INFO - Test - Loss: 0.2799, Acc: 0.9065, F1: 0.8722, Precision: 0.9007, Recall: 0.8594
2026-06-13 16:43:43,984 - INFO - Tomato-Village Eval - Loss: 8.8577, Acc: 0.1441, F1: 0.0933, Precision: 0.1867, Recall: 0.1592
2026-06-13 16:44:43,883 - INFO - Tomato_Leaves Eval - Loss: 9.0407, Acc: 0.0916, F1: 0.0370, Precision: 0.1019, Recall: 0.1647
2026-06-13 16:44:43,887 - INFO - Metrics saved to d:\Code\python\plant-disease-detection\results/augmented_result\mobilenet_v2_metrics.json
