2026-06-14 06:28:49,799 - INFO - Starting training for mobilevit_xs
2026-06-14 06:28:49,865 - INFO - Using device: cuda
2026-06-14 06:28:49,988 - INFO - Creating model: mobilevit_xs
2026-06-14 06:28:50,748 - INFO - Epoch 1/30
2026-06-14 06:31:51,097 - INFO - Train - Loss: 0.8175, Acc: 0.7771, F1: 0.6646
2026-06-14 06:31:51,098 - INFO - Val - Loss: 0.2456, Acc: 0.9259, F1: 0.8786
2026-06-14 06:31:51,309 - INFO - Saved new best model with F1: 0.8786
2026-06-14 06:31:51,310 - INFO - Epoch 2/30
2026-06-14 06:34:50,984 - INFO - Train - Loss: 0.3360, Acc: 0.8984, F1: 0.8609
2026-06-14 06:34:50,984 - INFO - Val - Loss: 0.1533, Acc: 0.9516, F1: 0.9359
2026-06-14 06:34:51,017 - INFO - Saved new best model with F1: 0.9359
2026-06-14 06:34:51,017 - INFO - Epoch 3/30
2026-06-14 06:37:50,160 - INFO - Train - Loss: 0.2505, Acc: 0.9198, F1: 0.8944
2026-06-14 06:37:50,161 - INFO - Val - Loss: 0.0802, Acc: 0.9772, F1: 0.9682
2026-06-14 06:37:50,193 - INFO - Saved new best model with F1: 0.9682
2026-06-14 06:37:50,193 - INFO - Epoch 4/30
2026-06-14 06:40:41,304 - INFO - Train - Loss: 0.2038, Acc: 0.9350, F1: 0.9149
2026-06-14 06:40:41,304 - INFO - Val - Loss: 0.1116, Acc: 0.9637, F1: 0.9535
2026-06-14 06:40:41,304 - INFO - Epoch 5/30
2026-06-14 06:43:37,273 - INFO - Train - Loss: 0.1780, Acc: 0.9422, F1: 0.9253
2026-06-14 06:43:37,274 - INFO - Val - Loss: 0.0755, Acc: 0.9754, F1: 0.9686
2026-06-14 06:43:37,305 - INFO - Saved new best model with F1: 0.9686
2026-06-14 06:43:37,306 - INFO - Epoch 6/30
2026-06-14 06:46:30,886 - INFO - Train - Loss: 0.1563, Acc: 0.9509, F1: 0.9356
2026-06-14 06:46:30,886 - INFO - Val - Loss: 0.0449, Acc: 0.9857, F1: 0.9831
2026-06-14 06:46:30,915 - INFO - Saved new best model with F1: 0.9831
2026-06-14 06:46:30,915 - INFO - Epoch 7/30
2026-06-14 06:49:26,259 - INFO - Train - Loss: 0.1427, Acc: 0.9535, F1: 0.9404
2026-06-14 06:49:26,259 - INFO - Val - Loss: 0.0501, Acc: 0.9842, F1: 0.9802
2026-06-14 06:49:26,259 - INFO - Epoch 8/30
2026-06-14 06:52:21,455 - INFO - Train - Loss: 0.1328, Acc: 0.9569, F1: 0.9448
2026-06-14 06:52:21,455 - INFO - Val - Loss: 0.0400, Acc: 0.9875, F1: 0.9853
2026-06-14 06:52:21,493 - INFO - Saved new best model with F1: 0.9853
2026-06-14 06:52:21,493 - INFO - Epoch 9/30
2026-06-14 06:55:17,976 - INFO - Train - Loss: 0.1216, Acc: 0.9596, F1: 0.9479
2026-06-14 06:55:17,977 - INFO - Val - Loss: 0.0363, Acc: 0.9886, F1: 0.9869
2026-06-14 06:55:18,019 - INFO - Saved new best model with F1: 0.9869
2026-06-14 06:55:18,019 - INFO - Epoch 10/30
2026-06-14 06:58:11,688 - INFO - Train - Loss: 0.1178, Acc: 0.9621, F1: 0.9520
2026-06-14 06:58:11,688 - INFO - Val - Loss: 0.0556, Acc: 0.9824, F1: 0.9795
2026-06-14 06:58:11,688 - INFO - Epoch 11/30
