2026-06-17 16:22:15,087 - INFO - Starting training for convnext_tiny
2026-06-17 16:22:15,198 - INFO - Using device: cuda
2026-06-17 16:27:55,574 - INFO - Starting training for convnext_tiny
2026-06-17 16:27:55,599 - INFO - Using device: cuda
2026-06-17 16:28:22,189 - INFO - Starting training for convnext_tiny
2026-06-17 16:28:22,206 - INFO - Using device: cuda
2026-06-17 16:29:47,491 - INFO - Starting training for convnext_tiny
2026-06-17 16:29:47,509 - INFO - Using device: cuda
2026-06-17 16:29:47,576 - INFO - Creating model: convnext_tiny
2026-06-17 16:30:00,906 - INFO - Using Mixup/CutMix with args: {'mixup_alpha': 0.8, 'cutmix_alpha': 1.0, 'prob': 1.0, 'switch_prob': 0.5, 'mode': 'batch', 'label_smoothing': 0.1, 'num_classes': 11}
2026-06-17 16:30:00,907 - INFO - Epoch 1/30
2026-06-17 16:33:55,943 - INFO - Starting training for convnext_tiny
2026-06-17 16:33:55,991 - INFO - Using device: cuda
2026-06-17 16:33:56,147 - INFO - Creating model: convnext_tiny
2026-06-17 16:33:57,185 - INFO - Using Mixup/CutMix with args: {'mixup_alpha': 0.8, 'cutmix_alpha': 1.0, 'prob': 1.0, 'switch_prob': 0.5, 'mode': 'batch', 'label_smoothing': 0.1, 'num_classes': 11}
2026-06-17 16:33:57,187 - INFO - Epoch 1/30
2026-06-17 16:35:29,096 - INFO - Starting training for convnext_tiny
2026-06-17 16:35:29,117 - INFO - Using device: cuda
2026-06-17 16:35:29,185 - INFO - Creating model: convnext_tiny
2026-06-17 16:35:30,035 - INFO - Using Mixup/CutMix with args: {'mixup_alpha': 0.8, 'cutmix_alpha': 1.0, 'prob': 1.0, 'switch_prob': 0.5, 'mode': 'batch', 'label_smoothing': 0.1, 'num_classes': 11}
2026-06-17 16:35:30,036 - INFO - Epoch 1/30
2026-06-17 16:37:52,055 - INFO - Train - Loss: 1.4557
2026-06-17 16:37:52,055 - INFO - Val - Loss: 0.4039, Acc: 0.9243, F1: 0.9232
2026-06-17 16:37:52,240 - INFO - Saved new best model with F1: 0.9232
2026-06-17 16:37:52,240 - INFO - Epoch 2/30
2026-06-17 16:40:14,981 - INFO - Train - Loss: 1.1981
2026-06-17 16:40:14,981 - INFO - Val - Loss: 0.2800, Acc: 0.9398, F1: 0.9440
2026-06-17 16:40:15,130 - INFO - Saved new best model with F1: 0.9440
2026-06-17 16:40:15,130 - INFO - Epoch 3/30
2026-06-17 16:42:39,310 - INFO - Train - Loss: 1.1540
2026-06-17 16:42:39,311 - INFO - Val - Loss: 0.2855, Acc: 0.9456, F1: 0.9500
2026-06-17 16:42:39,442 - INFO - Saved new best model with F1: 0.9500
2026-06-17 16:42:39,442 - INFO - Epoch 4/30
2026-06-17 16:45:03,574 - INFO - Train - Loss: 1.1143
2026-06-17 16:45:03,575 - INFO - Val - Loss: 0.2404, Acc: 0.9616, F1: 0.9622
2026-06-17 16:45:03,683 - INFO - Saved new best model with F1: 0.9622
2026-06-17 16:45:03,683 - INFO - Epoch 5/30
2026-06-17 16:47:28,459 - INFO - Train - Loss: 1.1009
2026-06-17 16:47:28,459 - INFO - Val - Loss: 0.2344, Acc: 0.9677, F1: 0.9691
2026-06-17 16:47:28,589 - INFO - Saved new best model with F1: 0.9691
2026-06-17 16:47:28,589 - INFO - Epoch 6/30
2026-06-17 16:50:04,427 - INFO - Train - Loss: 1.0833
2026-06-17 16:50:04,427 - INFO - Val - Loss: 0.2334, Acc: 0.9594, F1: 0.9625
2026-06-17 16:50:04,427 - INFO - No improvement for 1/5 epoch(s).
2026-06-17 16:50:04,427 - INFO - Epoch 7/30
2026-06-17 16:52:38,753 - INFO - Train - Loss: 1.0763
2026-06-17 16:52:38,753 - INFO - Val - Loss: 0.2042, Acc: 0.9669, F1: 0.9658
2026-06-17 16:52:38,753 - INFO - No improvement for 2/5 epoch(s).
2026-06-17 16:52:38,753 - INFO - Epoch 8/30
2026-06-17 16:55:00,686 - INFO - Train - Loss: 1.0652
2026-06-17 16:55:00,687 - INFO - Val - Loss: 0.2007, Acc: 0.9729, F1: 0.9755
2026-06-17 16:55:00,798 - INFO - Saved new best model with F1: 0.9755
2026-06-17 16:55:00,798 - INFO - Epoch 9/30
2026-06-17 16:57:23,442 - INFO - Train - Loss: 1.0452
2026-06-17 16:57:23,443 - INFO - Val - Loss: 0.1880, Acc: 0.9757, F1: 0.9774
2026-06-17 16:57:23,575 - INFO - Saved new best model with F1: 0.9774
2026-06-17 16:57:23,575 - INFO - Epoch 10/30
2026-06-17 16:59:58,433 - INFO - Train - Loss: 1.0607
2026-06-17 16:59:58,433 - INFO - Val - Loss: 0.2008, Acc: 0.9774, F1: 0.9783
2026-06-17 16:59:58,554 - INFO - Saved new best model with F1: 0.9783
2026-06-17 16:59:58,554 - INFO - Epoch 11/30
2026-06-17 17:03:34,232 - INFO - Train - Loss: 1.0414
2026-06-17 17:03:34,232 - INFO - Val - Loss: 0.1820, Acc: 0.9768, F1: 0.9781
2026-06-17 17:03:34,232 - INFO - No improvement for 1/5 epoch(s).
2026-06-17 17:03:34,233 - INFO - Epoch 12/30
2026-06-17 17:07:05,564 - INFO - Train - Loss: 1.0264
2026-06-17 17:07:05,564 - INFO - Val - Loss: 0.1558, Acc: 0.9812, F1: 0.9826
2026-06-17 17:07:05,674 - INFO - Saved new best model with F1: 0.9826
2026-06-17 17:07:05,674 - INFO - Epoch 13/30
2026-06-17 17:10:17,642 - INFO - Train - Loss: 1.0127
2026-06-17 17:10:17,643 - INFO - Val - Loss: 0.1747, Acc: 0.9796, F1: 0.9823
2026-06-17 17:10:17,643 - INFO - No improvement for 1/5 epoch(s).
2026-06-17 17:10:17,643 - INFO - Epoch 14/30
2026-06-17 17:13:37,106 - INFO - Train - Loss: 1.0090
2026-06-17 17:13:37,106 - INFO - Val - Loss: 0.1833, Acc: 0.9762, F1: 0.9767
2026-06-17 17:13:37,106 - INFO - No improvement for 2/5 epoch(s).
2026-06-17 17:13:37,106 - INFO - Epoch 15/30
2026-06-17 17:16:55,117 - INFO - Train - Loss: 1.0149
2026-06-17 17:16:55,118 - INFO - Val - Loss: 0.1910, Acc: 0.9782, F1: 0.9777
2026-06-17 17:16:55,118 - INFO - No improvement for 3/5 epoch(s).
2026-06-17 17:16:55,118 - INFO - Epoch 16/30
2026-06-17 17:20:13,860 - INFO - Train - Loss: 1.0303
2026-06-17 17:20:13,860 - INFO - Val - Loss: 0.1554, Acc: 0.9837, F1: 0.9851
2026-06-17 17:20:13,964 - INFO - Saved new best model with F1: 0.9851
2026-06-17 17:20:13,964 - INFO - Epoch 17/30
2026-06-17 17:23:31,612 - INFO - Train - Loss: 1.0095
2026-06-17 17:23:31,612 - INFO - Val - Loss: 0.1854, Acc: 0.9787, F1: 0.9808
2026-06-17 17:23:31,612 - INFO - No improvement for 1/5 epoch(s).
2026-06-17 17:23:31,613 - INFO - Epoch 18/30
2026-06-17 17:26:53,381 - INFO - Train - Loss: 1.0009
2026-06-17 17:26:53,381 - INFO - Val - Loss: 0.1946, Acc: 0.9754, F1: 0.9770
2026-06-17 17:26:53,382 - INFO - No improvement for 2/5 epoch(s).
2026-06-17 17:26:53,382 - INFO - Epoch 19/30
2026-06-17 17:30:13,447 - INFO - Train - Loss: 1.0117
2026-06-17 17:30:13,447 - INFO - Val - Loss: 0.1511, Acc: 0.9851, F1: 0.9862
2026-06-17 17:30:13,550 - INFO - Saved new best model with F1: 0.9862
2026-06-17 17:30:13,550 - INFO - Epoch 20/30
2026-06-17 17:33:30,741 - INFO - Train - Loss: 1.0011
2026-06-17 17:33:30,741 - INFO - Val - Loss: 0.1711, Acc: 0.9840, F1: 0.9858
2026-06-17 17:33:30,743 - INFO - No improvement for 1/5 epoch(s).
2026-06-17 17:33:30,743 - INFO - Epoch 21/30
2026-06-17 17:36:34,124 - INFO - Train - Loss: 0.9953
2026-06-17 17:36:34,124 - INFO - Val - Loss: 0.1798, Acc: 0.9845, F1: 0.9856
2026-06-17 17:36:34,124 - INFO - No improvement for 2/5 epoch(s).
2026-06-17 17:36:34,125 - INFO - Epoch 22/30
2026-06-17 17:39:53,065 - INFO - Train - Loss: 0.9927
2026-06-17 17:39:53,066 - INFO - Val - Loss: 0.1684, Acc: 0.9818, F1: 0.9835
2026-06-17 17:39:53,066 - INFO - No improvement for 3/5 epoch(s).
2026-06-17 17:39:53,066 - INFO - Epoch 23/30
2026-06-17 17:43:07,456 - INFO - Train - Loss: 0.9914
2026-06-17 17:43:07,456 - INFO - Val - Loss: 0.1710, Acc: 0.9796, F1: 0.9816
2026-06-17 17:43:07,457 - INFO - No improvement for 4/5 epoch(s).
2026-06-17 17:43:07,458 - INFO - Epoch 24/30
2026-06-17 17:46:23,440 - INFO - Train - Loss: 0.9825
2026-06-17 17:46:23,440 - INFO - Val - Loss: 0.1684, Acc: 0.9873, F1: 0.9889
2026-06-17 17:46:23,626 - INFO - Saved new best model with F1: 0.9889
2026-06-17 17:46:23,626 - INFO - Epoch 25/30
2026-06-17 17:49:35,966 - INFO - Train - Loss: 0.9512
2026-06-17 17:49:35,966 - INFO - Val - Loss: 0.1620, Acc: 0.9867, F1: 0.9863
2026-06-17 17:49:35,966 - INFO - No improvement for 1/5 epoch(s).
2026-06-17 17:49:35,966 - INFO - Epoch 26/30
2026-06-17 17:52:49,834 - INFO - Train - Loss: 0.9613
2026-06-17 17:52:49,834 - INFO - Val - Loss: 0.1643, Acc: 0.9856, F1: 0.9853
2026-06-17 17:52:49,834 - INFO - No improvement for 2/5 epoch(s).
2026-06-17 17:52:49,834 - INFO - Epoch 27/30
2026-06-17 17:55:38,786 - INFO - Train - Loss: 0.9704
2026-06-17 17:55:38,787 - INFO - Val - Loss: 0.1512, Acc: 0.9892, F1: 0.9907
2026-06-17 17:55:38,906 - INFO - Saved new best model with F1: 0.9907
2026-06-17 17:55:38,906 - INFO - Epoch 28/30
2026-06-17 17:57:55,999 - INFO - Train - Loss: 0.9760
2026-06-17 17:57:55,999 - INFO - Val - Loss: 0.1682, Acc: 0.9884, F1: 0.9893
2026-06-17 17:57:56,000 - INFO - No improvement for 1/5 epoch(s).
2026-06-17 17:57:56,000 - INFO - Epoch 29/30
2026-06-17 18:00:10,072 - INFO - Train - Loss: 0.9704
2026-06-17 18:00:10,072 - INFO - Val - Loss: 0.1556, Acc: 0.9881, F1: 0.9873
2026-06-17 18:00:10,072 - INFO - No improvement for 2/5 epoch(s).
2026-06-17 18:00:10,072 - INFO - Epoch 30/30
2026-06-17 18:02:28,627 - INFO - Train - Loss: 0.9564
2026-06-17 18:02:28,627 - INFO - Val - Loss: 0.1541, Acc: 0.9881, F1: 0.9898
2026-06-17 18:02:28,627 - INFO - No improvement for 3/5 epoch(s).
2026-06-17 18:03:15,905 - INFO - Test - Loss: 0.1403, Acc: 0.9934, F1: 0.9931, Precision: 0.9931, Recall: 0.9932
2026-06-17 18:03:16,029 - INFO - Metrics saved to d:\Code\python\plant-disease-detection\results/distillation_effnetb0_mobilenetv3\convnext_tiny_metrics.json
2026-06-21 16:38:15,483 - INFO - Starting training for convnext_tiny
2026-06-21 16:38:15,574 - INFO - Using device: cuda
2026-06-21 16:38:15,638 - INFO - Creating model: convnext_tiny
2026-06-21 16:38:16,767 - INFO - Using Mixup/CutMix with args: {'mixup_alpha': 0.8, 'cutmix_alpha': 1.0, 'prob': 1.0, 'switch_prob': 0.5, 'mode': 'batch', 'label_smoothing': 0.1, 'num_classes': 11}
2026-06-21 16:38:16,768 - INFO - Epoch 1/30
2026-06-21 16:41:13,637 - INFO - Train - Loss: 1.4642
2026-06-21 16:41:13,637 - INFO - Val - Loss: 0.3858, Acc: 0.9097, F1: 0.9006
2026-06-21 16:41:13,870 - INFO - Saved new best model with F1: 0.9006
2026-06-21 16:41:13,871 - INFO - Epoch 2/30
2026-06-21 16:44:06,110 - INFO - Train - Loss: 1.2063
2026-06-21 16:44:06,110 - INFO - Val - Loss: 0.3187, Acc: 0.9348, F1: 0.9339
2026-06-21 16:44:06,258 - INFO - Saved new best model with F1: 0.9339
2026-06-21 16:44:06,258 - INFO - Epoch 3/30
2026-06-21 16:47:06,806 - INFO - Train - Loss: 1.1424
2026-06-21 16:47:06,806 - INFO - Val - Loss: 0.2422, Acc: 0.9575, F1: 0.9590
2026-06-21 16:47:06,949 - INFO - Saved new best model with F1: 0.9590
2026-06-21 16:47:06,949 - INFO - Epoch 4/30
2026-06-21 16:50:03,033 - INFO - Train - Loss: 1.1216
2026-06-21 16:50:03,033 - INFO - Val - Loss: 0.2467, Acc: 0.9564, F1: 0.9598
2026-06-21 16:50:03,159 - INFO - Saved new best model with F1: 0.9598
2026-06-21 16:50:03,159 - INFO - Epoch 5/30
2026-06-21 16:53:03,746 - INFO - Train - Loss: 1.1021
2026-06-21 16:53:03,746 - INFO - Val - Loss: 0.2199, Acc: 0.9638, F1: 0.9661
2026-06-21 16:53:03,888 - INFO - Saved new best model with F1: 0.9661
2026-06-21 16:53:03,888 - INFO - Epoch 6/30
2026-06-21 16:56:01,116 - INFO - Train - Loss: 1.0922
2026-06-21 16:56:01,116 - INFO - Val - Loss: 0.2566, Acc: 0.9555, F1: 0.9572
2026-06-21 16:56:01,116 - INFO - No improvement for 1/5 epoch(s).
2026-06-21 16:56:01,116 - INFO - Epoch 7/30
2026-06-21 16:59:02,459 - INFO - Train - Loss: 1.0774
2026-06-21 16:59:02,460 - INFO - Val - Loss: 0.2265, Acc: 0.9616, F1: 0.9618
2026-06-21 16:59:02,461 - INFO - No improvement for 2/5 epoch(s).
2026-06-21 16:59:02,461 - INFO - Epoch 8/30
2026-06-21 17:01:48,373 - INFO - Train - Loss: 1.0599
2026-06-21 17:01:48,374 - INFO - Val - Loss: 0.2295, Acc: 0.9633, F1: 0.9630
2026-06-21 17:01:48,374 - INFO - No improvement for 3/5 epoch(s).
2026-06-21 17:01:48,374 - INFO - Epoch 9/30
2026-06-21 17:04:40,689 - INFO - Train - Loss: 1.0383
2026-06-21 17:04:40,690 - INFO - Val - Loss: 0.2051, Acc: 0.9743, F1: 0.9750
2026-06-21 17:04:40,838 - INFO - Saved new best model with F1: 0.9750
2026-06-21 17:04:40,838 - INFO - Epoch 10/30
2026-06-21 17:07:37,893 - INFO - Train - Loss: 1.0494
2026-06-21 17:07:37,893 - INFO - Val - Loss: 0.1864, Acc: 0.9790, F1: 0.9809
2026-06-21 17:07:38,014 - INFO - Saved new best model with F1: 0.9809
2026-06-21 17:07:38,014 - INFO - Epoch 11/30
2026-06-21 17:10:30,212 - INFO - Train - Loss: 1.0574
2026-06-21 17:10:30,212 - INFO - Val - Loss: 0.2041, Acc: 0.9732, F1: 0.9727
2026-06-21 17:10:30,215 - INFO - No improvement for 1/5 epoch(s).
2026-06-21 17:10:30,215 - INFO - Epoch 12/30
2026-06-21 17:13:19,164 - INFO - Train - Loss: 1.0386
2026-06-21 17:13:19,166 - INFO - Val - Loss: 0.1878, Acc: 0.9776, F1: 0.9789
2026-06-21 17:13:19,166 - INFO - No improvement for 2/5 epoch(s).
2026-06-21 17:13:19,166 - INFO - Epoch 13/30
2026-06-21 17:16:01,731 - INFO - Train - Loss: 1.0391
2026-06-21 17:16:01,735 - INFO - Val - Loss: 0.1758, Acc: 0.9798, F1: 0.9797
2026-06-21 17:16:01,735 - INFO - No improvement for 3/5 epoch(s).
2026-06-21 17:16:01,735 - INFO - Epoch 14/30
2026-06-21 17:18:38,200 - INFO - Train - Loss: 1.0225
2026-06-21 17:18:38,200 - INFO - Val - Loss: 0.1930, Acc: 0.9760, F1: 0.9761
2026-06-21 17:18:38,205 - INFO - No improvement for 4/5 epoch(s).
2026-06-21 17:18:38,205 - INFO - Epoch 15/30
2026-06-21 17:21:23,559 - INFO - Train - Loss: 0.9846
2026-06-21 17:21:23,559 - INFO - Val - Loss: 0.1729, Acc: 0.9829, F1: 0.9845
2026-06-21 17:21:23,712 - INFO - Saved new best model with F1: 0.9845
2026-06-21 17:21:23,713 - INFO - Epoch 16/30
2026-06-21 17:24:14,169 - INFO - Train - Loss: 0.9778
2026-06-21 17:24:14,170 - INFO - Val - Loss: 0.1687, Acc: 0.9867, F1: 0.9868
2026-06-21 17:24:14,319 - INFO - Saved new best model with F1: 0.9868
2026-06-21 17:24:14,319 - INFO - Epoch 17/30
2026-06-21 17:27:09,378 - INFO - Train - Loss: 0.9746
2026-06-21 17:27:09,379 - INFO - Val - Loss: 0.1613, Acc: 0.9873, F1: 0.9885
2026-06-21 17:27:09,566 - INFO - Saved new best model with F1: 0.9885
2026-06-21 17:27:09,566 - INFO - Epoch 18/30
2026-06-21 17:30:03,537 - INFO - Train - Loss: 0.9666
2026-06-21 17:30:03,538 - INFO - Val - Loss: 0.1520, Acc: 0.9826, F1: 0.9827
2026-06-21 17:30:03,538 - INFO - No improvement for 1/5 epoch(s).
2026-06-21 17:30:03,539 - INFO - Epoch 19/30
2026-06-21 17:32:58,391 - INFO - Train - Loss: 0.9717
2026-06-21 17:32:58,392 - INFO - Val - Loss: 0.1788, Acc: 0.9823, F1: 0.9823
2026-06-21 17:32:58,392 - INFO - No improvement for 2/5 epoch(s).
2026-06-21 17:32:58,393 - INFO - Epoch 20/30
2026-06-21 17:35:51,656 - INFO - Train - Loss: 0.9733
2026-06-21 17:35:51,656 - INFO - Val - Loss: 0.1555, Acc: 0.9859, F1: 0.9859
2026-06-21 17:35:51,656 - INFO - No improvement for 3/5 epoch(s).
2026-06-21 17:35:51,656 - INFO - Epoch 21/30
2026-06-21 17:38:44,878 - INFO - Train - Loss: 0.9600
2026-06-21 17:38:44,878 - INFO - Val - Loss: 0.1535, Acc: 0.9878, F1: 0.9888
2026-06-21 17:38:45,057 - INFO - Saved new best model with F1: 0.9888
2026-06-21 17:38:45,057 - INFO - Epoch 22/30
2026-06-21 17:41:37,618 - INFO - Train - Loss: 0.9722
2026-06-21 17:41:37,618 - INFO - Val - Loss: 0.1753, Acc: 0.9862, F1: 0.9868
2026-06-21 17:41:37,618 - INFO - No improvement for 1/5 epoch(s).
2026-06-21 17:41:37,619 - INFO - Epoch 23/30
2026-06-21 17:44:29,673 - INFO - Train - Loss: 0.9643
2026-06-21 17:44:29,674 - INFO - Val - Loss: 0.1546, Acc: 0.9859, F1: 0.9866
2026-06-21 17:44:29,674 - INFO - No improvement for 2/5 epoch(s).
2026-06-21 17:44:29,674 - INFO - Epoch 24/30
2026-06-21 17:47:24,883 - INFO - Train - Loss: 0.9658
2026-06-21 17:47:24,883 - INFO - Val - Loss: 0.1793, Acc: 0.9840, F1: 0.9838
2026-06-21 17:47:24,884 - INFO - No improvement for 3/5 epoch(s).
2026-06-21 17:47:24,884 - INFO - Epoch 25/30
2026-06-21 17:50:18,440 - INFO - Train - Loss: 0.9635
2026-06-21 17:50:18,440 - INFO - Val - Loss: 0.1546, Acc: 0.9862, F1: 0.9871
2026-06-21 17:50:18,440 - INFO - No improvement for 4/5 epoch(s).
2026-06-21 17:50:18,441 - INFO - Epoch 26/30
2026-06-21 17:53:17,905 - INFO - Train - Loss: 0.9459
2026-06-21 17:53:17,905 - INFO - Val - Loss: 0.1494, Acc: 0.9873, F1: 0.9889
2026-06-21 17:53:18,085 - INFO - Saved new best model with F1: 0.9889
2026-06-21 17:53:18,085 - INFO - Epoch 27/30
2026-06-21 17:56:15,511 - INFO - Train - Loss: 0.9272
2026-06-21 17:56:15,511 - INFO - Val - Loss: 0.1474, Acc: 0.9884, F1: 0.9898
2026-06-21 17:56:15,717 - INFO - Saved new best model with F1: 0.9898
2026-06-21 17:56:15,717 - INFO - Epoch 28/30
2026-06-21 17:59:11,416 - INFO - Train - Loss: 0.9385
2026-06-21 17:59:11,417 - INFO - Val - Loss: 0.1338, Acc: 0.9912, F1: 0.9925
2026-06-21 17:59:11,638 - INFO - Saved new best model with F1: 0.9925
2026-06-21 17:59:11,638 - INFO - Epoch 29/30
2026-06-21 18:02:07,046 - INFO - Train - Loss: 0.9397
2026-06-21 18:02:07,046 - INFO - Val - Loss: 0.1406, Acc: 0.9906, F1: 0.9916
2026-06-21 18:02:07,046 - INFO - No improvement for 1/5 epoch(s).
2026-06-21 18:02:07,046 - INFO - Epoch 30/30
2026-06-21 18:05:00,850 - INFO - Train - Loss: 0.9277
2026-06-21 18:05:00,850 - INFO - Val - Loss: 0.1503, Acc: 0.9890, F1: 0.9902
2026-06-21 18:05:00,850 - INFO - No improvement for 2/5 epoch(s).
2026-06-21 18:06:03,192 - INFO - Test - Loss: 0.1174, Acc: 0.9956, F1: 0.9955, Precision: 0.9959, Recall: 0.9952
2026-06-21 18:06:03,210 - INFO - Metrics saved to d:\Code\python\plant-disease-detection\results/distillation_effnetb0_mobilenetv3\convnext_tiny_metrics.json
