2026-06-22 14:35:26,160 - INFO - Starting Knowledge Distillation.
2026-06-22 14:35:26,161 - INFO - Teacher: convnext_tiny
2026-06-22 14:35:26,161 - INFO - Student: efficientnet_b0
2026-06-22 14:35:26,181 - INFO - Using device: cuda
2026-06-22 14:35:26,258 - INFO - Loading Teacher model...
2026-06-22 14:35:26,729 - INFO - Loading Student model...
2026-06-22 14:35:27,627 - INFO - Epoch 1/30
2026-06-22 14:38:41,188 - INFO - Train - KD Loss: 1.5707
2026-06-22 14:38:41,188 - INFO - Val - Loss: 0.6524, Acc: 0.8390, F1: 0.8085
2026-06-22 14:38:41,237 - INFO - Saved new best model with F1: 0.8085
2026-06-22 14:38:41,237 - INFO - Epoch 2/30
2026-06-22 14:41:54,477 - INFO - Train - KD Loss: 1.1312
2026-06-22 14:41:54,477 - INFO - Val - Loss: 0.6560, Acc: 0.8956, F1: 0.8843
2026-06-22 14:41:54,530 - INFO - Saved new best model with F1: 0.8843
2026-06-22 14:41:54,530 - INFO - Epoch 3/30
2026-06-22 14:45:14,679 - INFO - Train - KD Loss: 1.0237
2026-06-22 14:45:14,680 - INFO - Val - Loss: 0.4085, Acc: 0.9216, F1: 0.9190
2026-06-22 14:45:14,796 - INFO - Saved new best model with F1: 0.9190
2026-06-22 14:45:14,802 - INFO - Epoch 4/30
2026-06-22 14:48:30,013 - INFO - Train - KD Loss: 0.9594
2026-06-22 14:48:30,014 - INFO - Val - Loss: 0.4091, Acc: 0.9147, F1: 0.9068
2026-06-22 14:48:30,014 - INFO - No improvement for 1/5 epoch(s).
2026-06-22 14:48:30,014 - INFO - Epoch 5/30
2026-06-22 14:51:51,950 - INFO - Train - KD Loss: 0.9270
2026-06-22 14:51:51,951 - INFO - Val - Loss: 0.8782, Acc: 0.9263, F1: 0.9160
2026-06-22 14:51:51,951 - INFO - No improvement for 2/5 epoch(s).
2026-06-22 14:51:51,952 - INFO - Epoch 6/30
2026-06-22 14:54:53,445 - INFO - Train - KD Loss: 0.8702
2026-06-22 14:54:53,445 - INFO - Val - Loss: 0.3502, Acc: 0.9456, F1: 0.9455
2026-06-22 14:54:53,518 - INFO - Saved new best model with F1: 0.9455
2026-06-22 14:54:53,520 - INFO - Epoch 7/30
2026-06-22 14:58:20,065 - INFO - Train - KD Loss: 0.8460
2026-06-22 14:58:20,066 - INFO - Val - Loss: 0.3308, Acc: 0.9519, F1: 0.9544
2026-06-22 14:58:20,125 - INFO - Saved new best model with F1: 0.9544
2026-06-22 14:58:20,126 - INFO - Epoch 8/30
2026-06-22 15:01:32,660 - INFO - Train - KD Loss: 0.8184
2026-06-22 15:01:32,661 - INFO - Val - Loss: 0.3417, Acc: 0.9531, F1: 0.9533
2026-06-22 15:01:32,662 - INFO - No improvement for 1/5 epoch(s).
2026-06-22 15:01:32,662 - INFO - Epoch 9/30
2026-06-22 15:04:44,909 - INFO - Train - KD Loss: 0.8096
2026-06-22 15:04:44,911 - INFO - Val - Loss: 0.3266, Acc: 0.9539, F1: 0.9567
2026-06-22 15:04:45,013 - INFO - Saved new best model with F1: 0.9567
2026-06-22 15:04:45,013 - INFO - Epoch 10/30
2026-06-22 15:07:54,398 - INFO - Train - KD Loss: 0.7876
2026-06-22 15:07:54,398 - INFO - Val - Loss: 0.3080, Acc: 0.9616, F1: 0.9633
2026-06-22 15:07:54,483 - INFO - Saved new best model with F1: 0.9633
2026-06-22 15:07:54,483 - INFO - Epoch 11/30
2026-06-22 15:10:59,653 - INFO - Train - KD Loss: 0.7699
2026-06-22 15:10:59,654 - INFO - Val - Loss: 0.2807, Acc: 0.9641, F1: 0.9665
2026-06-22 15:10:59,754 - INFO - Saved new best model with F1: 0.9665
2026-06-22 15:10:59,754 - INFO - Epoch 12/30
2026-06-22 15:14:20,416 - INFO - Train - KD Loss: 0.7563
2026-06-22 15:14:20,429 - INFO - Val - Loss: 0.2961, Acc: 0.9655, F1: 0.9669
2026-06-22 15:14:20,624 - INFO - Saved new best model with F1: 0.9669
2026-06-22 15:14:20,624 - INFO - Epoch 13/30
2026-06-22 15:17:49,572 - INFO - Train - KD Loss: 0.7372
2026-06-22 15:17:49,580 - INFO - Val - Loss: 0.2974, Acc: 0.9691, F1: 0.9694
2026-06-22 15:17:49,695 - INFO - Saved new best model with F1: 0.9694
2026-06-22 15:17:49,696 - INFO - Epoch 14/30
2026-06-22 15:20:50,233 - INFO - Train - KD Loss: 0.7260
2026-06-22 15:20:50,233 - INFO - Val - Loss: 0.2499, Acc: 0.9713, F1: 0.9723
2026-06-22 15:20:50,297 - INFO - Saved new best model with F1: 0.9723
2026-06-22 15:20:50,297 - INFO - Epoch 15/30
2026-06-22 15:24:06,298 - INFO - Train - KD Loss: 0.7258
2026-06-22 15:24:06,298 - INFO - Val - Loss: 0.2793, Acc: 0.9688, F1: 0.9711
2026-06-22 15:24:06,299 - INFO - No improvement for 1/5 epoch(s).
2026-06-22 15:24:06,299 - INFO - Epoch 16/30
2026-06-22 15:27:05,058 - INFO - Train - KD Loss: 0.7133
2026-06-22 15:27:05,059 - INFO - Val - Loss: 0.2600, Acc: 0.9718, F1: 0.9731
2026-06-22 15:27:05,140 - INFO - Saved new best model with F1: 0.9731
2026-06-22 15:27:05,140 - INFO - Epoch 17/30
2026-06-22 15:30:30,079 - INFO - Train - KD Loss: 0.7068
2026-06-22 15:30:30,079 - INFO - Val - Loss: 0.2661, Acc: 0.9718, F1: 0.9729
2026-06-22 15:30:30,079 - INFO - No improvement for 1/5 epoch(s).
2026-06-22 15:30:30,079 - INFO - Epoch 18/30
2026-06-22 15:33:57,599 - INFO - Train - KD Loss: 0.6891
2026-06-22 15:33:57,600 - INFO - Val - Loss: 0.2495, Acc: 0.9760, F1: 0.9759
2026-06-22 15:33:57,707 - INFO - Saved new best model with F1: 0.9759
2026-06-22 15:33:57,707 - INFO - Epoch 19/30
2026-06-22 15:37:22,312 - INFO - Train - KD Loss: 0.6845
2026-06-22 15:37:22,313 - INFO - Val - Loss: 0.2800, Acc: 0.9724, F1: 0.9715
2026-06-22 15:37:22,313 - INFO - No improvement for 1/5 epoch(s).
2026-06-22 15:37:22,313 - INFO - Epoch 20/30
2026-06-22 15:40:46,241 - INFO - Train - KD Loss: 0.6856
2026-06-22 15:40:46,242 - INFO - Val - Loss: 0.2788, Acc: 0.9724, F1: 0.9741
2026-06-22 15:40:46,243 - INFO - No improvement for 2/5 epoch(s).
2026-06-22 15:40:46,243 - INFO - Epoch 21/30
2026-06-22 15:43:35,263 - INFO - Train - KD Loss: 0.6690
2026-06-22 15:43:35,263 - INFO - Val - Loss: 0.2396, Acc: 0.9757, F1: 0.9763
2026-06-22 15:43:35,333 - INFO - Saved new best model with F1: 0.9763
2026-06-22 15:43:35,333 - INFO - Epoch 22/30
2026-06-22 15:46:13,976 - INFO - Train - KD Loss: 0.6630
2026-06-22 15:46:13,976 - INFO - Val - Loss: 0.2525, Acc: 0.9765, F1: 0.9776
2026-06-22 15:46:14,228 - INFO - Saved new best model with F1: 0.9776
2026-06-22 15:46:14,228 - INFO - Epoch 23/30
2026-06-22 15:48:59,806 - INFO - Train - KD Loss: 0.6572
2026-06-22 15:48:59,807 - INFO - Val - Loss: 0.2398, Acc: 0.9776, F1: 0.9782
2026-06-22 15:48:59,858 - INFO - Saved new best model with F1: 0.9782
2026-06-22 15:48:59,858 - INFO - Epoch 24/30
2026-06-22 15:52:07,108 - INFO - Train - KD Loss: 0.6566
2026-06-22 15:52:07,116 - INFO - Val - Loss: 0.2975, Acc: 0.9754, F1: 0.9757
2026-06-22 15:52:07,117 - INFO - No improvement for 1/5 epoch(s).
2026-06-22 15:52:07,117 - INFO - Epoch 25/30
2026-06-22 15:55:16,546 - INFO - Train - KD Loss: 0.6541
2026-06-22 15:55:16,546 - INFO - Val - Loss: 0.2531, Acc: 0.9757, F1: 0.9766
2026-06-22 15:55:16,546 - INFO - No improvement for 2/5 epoch(s).
2026-06-22 15:55:16,546 - INFO - Epoch 26/30
2026-06-22 15:58:17,436 - INFO - Train - KD Loss: 0.6486
2026-06-22 15:58:17,436 - INFO - Val - Loss: 0.2476, Acc: 0.9776, F1: 0.9785
2026-06-22 15:58:17,602 - INFO - Saved new best model with F1: 0.9785
2026-06-22 15:58:17,603 - INFO - Epoch 27/30
2026-06-22 16:01:42,956 - INFO - Train - KD Loss: 0.6373
2026-06-22 16:01:42,957 - INFO - Val - Loss: 0.2506, Acc: 0.9804, F1: 0.9810
2026-06-22 16:01:43,016 - INFO - Saved new best model with F1: 0.9810
2026-06-22 16:01:43,016 - INFO - Epoch 28/30
2026-06-22 16:04:37,365 - INFO - Train - KD Loss: 0.6429
2026-06-22 16:04:37,365 - INFO - Val - Loss: 0.2380, Acc: 0.9807, F1: 0.9814
2026-06-22 16:04:37,406 - INFO - Saved new best model with F1: 0.9814
2026-06-22 16:04:37,406 - INFO - Epoch 29/30
2026-06-22 16:07:49,620 - INFO - Train - KD Loss: 0.6254
2026-06-22 16:07:49,621 - INFO - Val - Loss: 0.2475, Acc: 0.9809, F1: 0.9820
2026-06-22 16:07:49,706 - INFO - Saved new best model with F1: 0.9820
2026-06-22 16:07:49,706 - INFO - Epoch 30/30
2026-06-22 16:10:12,791 - INFO - Train - KD Loss: 0.6242
2026-06-22 16:10:12,791 - INFO - Val - Loss: 0.2404, Acc: 0.9818, F1: 0.9829
2026-06-22 16:10:12,840 - INFO - Saved new best model with F1: 0.9829
2026-06-22 16:10:54,536 - INFO - Test - Loss: 0.2235, Acc: 0.9894, F1: 0.9888, Precision: 0.9889, Recall: 0.9888
2026-06-22 16:10:54,713 - INFO - Metrics saved to D:\Code\python\plant-disease-detection\results/distillation_effnetb0_mobilenetv3\efficientnet_b0_distilled_metrics.json
