2026-06-23 12:31:05,996 - INFO - Starting training for efficientnet_b0
2026-06-23 12:31:06,069 - INFO - Using device: cuda
2026-06-23 12:31:06,311 - INFO - Creating model: efficientnet_b0
2026-06-23 12:31:07,011 - INFO - Epoch 1/30
2026-06-23 12:34:34,084 - INFO - Train - Loss: 0.7844, Acc: 0.7533, F1: 0.6934
2026-06-23 12:34:34,085 - INFO - Val - Loss: 0.3028, Acc: 0.8926, F1: 0.8839
2026-06-23 12:34:34,131 - INFO - Saved new best model with F1: 0.8839
2026-06-23 12:34:34,131 - INFO - Epoch 2/30
2026-06-23 12:37:46,789 - INFO - Train - Loss: 0.3302, Acc: 0.8846, F1: 0.8611
2026-06-23 12:37:46,789 - INFO - Val - Loss: 0.1877, Acc: 0.9304, F1: 0.9286
2026-06-23 12:37:46,837 - INFO - Saved new best model with F1: 0.9286
2026-06-23 12:37:46,838 - INFO - Epoch 3/30
2026-06-23 12:40:41,098 - INFO - Train - Loss: 0.2356, Acc: 0.9144, F1: 0.8983
2026-06-23 12:40:41,098 - INFO - Val - Loss: 0.1522, Acc: 0.9470, F1: 0.9412
2026-06-23 12:40:41,143 - INFO - Saved new best model with F1: 0.9412
2026-06-23 12:40:41,143 - INFO - Epoch 4/30
2026-06-23 12:43:41,680 - INFO - Train - Loss: 0.1756, Acc: 0.9375, F1: 0.9264
2026-06-23 12:43:41,680 - INFO - Val - Loss: 0.1520, Acc: 0.9486, F1: 0.9506
2026-06-23 12:43:41,723 - INFO - Saved new best model with F1: 0.9506
2026-06-23 12:43:41,724 - INFO - Epoch 5/30
2026-06-23 12:46:42,389 - INFO - Train - Loss: 0.1408, Acc: 0.9489, F1: 0.9385
2026-06-23 12:46:42,389 - INFO - Val - Loss: 0.1240, Acc: 0.9602, F1: 0.9596
2026-06-23 12:46:42,436 - INFO - Saved new best model with F1: 0.9596
2026-06-23 12:46:42,437 - INFO - Epoch 6/30
2026-06-23 12:49:40,385 - INFO - Train - Loss: 0.1203, Acc: 0.9581, F1: 0.9488
2026-06-23 12:49:40,385 - INFO - Val - Loss: 0.0989, Acc: 0.9671, F1: 0.9657
2026-06-23 12:49:40,433 - INFO - Saved new best model with F1: 0.9657
2026-06-23 12:49:40,433 - INFO - Epoch 7/30
2026-06-23 12:52:35,198 - INFO - Train - Loss: 0.1013, Acc: 0.9640, F1: 0.9572
2026-06-23 12:52:35,198 - INFO - Val - Loss: 0.0914, Acc: 0.9688, F1: 0.9708
2026-06-23 12:52:35,234 - INFO - Saved new best model with F1: 0.9708
2026-06-23 12:52:35,235 - INFO - Epoch 8/30
2026-06-23 12:55:24,184 - INFO - Train - Loss: 0.0832, Acc: 0.9704, F1: 0.9636
2026-06-23 12:55:24,185 - INFO - Val - Loss: 0.0980, Acc: 0.9693, F1: 0.9697
2026-06-23 12:55:24,185 - INFO - No improvement for 1/5 epoch(s).
2026-06-23 12:55:24,185 - INFO - Epoch 9/30
2026-06-23 12:58:22,848 - INFO - Train - Loss: 0.0766, Acc: 0.9737, F1: 0.9684
2026-06-23 12:58:22,849 - INFO - Val - Loss: 0.0891, Acc: 0.9716, F1: 0.9719
2026-06-23 12:58:22,895 - INFO - Saved new best model with F1: 0.9719
2026-06-23 12:58:22,895 - INFO - Epoch 10/30
2026-06-23 13:01:25,535 - INFO - Train - Loss: 0.0634, Acc: 0.9765, F1: 0.9726
2026-06-23 13:01:25,535 - INFO - Val - Loss: 0.0724, Acc: 0.9765, F1: 0.9750
2026-06-23 13:01:25,586 - INFO - Saved new best model with F1: 0.9750
2026-06-23 13:01:25,586 - INFO - Epoch 11/30
2026-06-23 13:04:26,744 - INFO - Train - Loss: 0.0554, Acc: 0.9808, F1: 0.9779
2026-06-23 13:04:26,745 - INFO - Val - Loss: 0.0952, Acc: 0.9738, F1: 0.9743
2026-06-23 13:04:26,746 - INFO - No improvement for 1/5 epoch(s).
2026-06-23 13:04:26,746 - INFO - Epoch 12/30
2026-06-23 13:07:28,799 - INFO - Train - Loss: 0.0616, Acc: 0.9798, F1: 0.9758
2026-06-23 13:07:28,799 - INFO - Val - Loss: 0.0856, Acc: 0.9729, F1: 0.9732
2026-06-23 13:07:28,799 - INFO - No improvement for 2/5 epoch(s).
2026-06-23 13:07:28,799 - INFO - Epoch 13/30
2026-06-23 13:10:20,015 - INFO - Train - Loss: 0.0479, Acc: 0.9832, F1: 0.9802
2026-06-23 13:10:20,015 - INFO - Val - Loss: 0.0891, Acc: 0.9749, F1: 0.9742
2026-06-23 13:10:20,016 - INFO - No improvement for 3/5 epoch(s).
2026-06-23 13:10:20,016 - INFO - Epoch 14/30
2026-06-23 13:13:01,892 - INFO - Train - Loss: 0.0431, Acc: 0.9852, F1: 0.9819
2026-06-23 13:13:01,893 - INFO - Val - Loss: 0.0857, Acc: 0.9749, F1: 0.9738
2026-06-23 13:13:01,894 - INFO - No improvement for 4/5 epoch(s).
2026-06-23 13:13:01,894 - INFO - Epoch 15/30
2026-06-23 13:15:56,618 - INFO - Train - Loss: 0.0318, Acc: 0.9898, F1: 0.9879
2026-06-23 13:15:56,618 - INFO - Val - Loss: 0.0730, Acc: 0.9829, F1: 0.9834
2026-06-23 13:15:56,701 - INFO - Saved new best model with F1: 0.9834
2026-06-23 13:15:56,701 - INFO - Epoch 16/30
2026-06-23 13:18:54,006 - INFO - Train - Loss: 0.0212, Acc: 0.9932, F1: 0.9913
2026-06-23 13:18:54,006 - INFO - Val - Loss: 0.0726, Acc: 0.9829, F1: 0.9826
2026-06-23 13:18:54,006 - INFO - No improvement for 1/5 epoch(s).
2026-06-23 13:18:54,007 - INFO - Epoch 17/30
2026-06-23 13:21:52,837 - INFO - Train - Loss: 0.0206, Acc: 0.9933, F1: 0.9923
2026-06-23 13:21:52,837 - INFO - Val - Loss: 0.0828, Acc: 0.9785, F1: 0.9783
2026-06-23 13:21:52,837 - INFO - No improvement for 2/5 epoch(s).
2026-06-23 13:21:52,838 - INFO - Epoch 18/30
2026-06-23 13:24:53,876 - INFO - Train - Loss: 0.0202, Acc: 0.9933, F1: 0.9917
2026-06-23 13:24:53,877 - INFO - Val - Loss: 0.0755, Acc: 0.9798, F1: 0.9791
2026-06-23 13:24:53,877 - INFO - No improvement for 3/5 epoch(s).
2026-06-23 13:24:53,877 - INFO - Epoch 19/30
2026-06-23 13:27:58,229 - INFO - Train - Loss: 0.0202, Acc: 0.9939, F1: 0.9929
2026-06-23 13:27:58,229 - INFO - Val - Loss: 0.0747, Acc: 0.9807, F1: 0.9804
2026-06-23 13:27:58,229 - INFO - No improvement for 4/5 epoch(s).
2026-06-23 13:27:58,229 - INFO - Epoch 20/30
2026-06-23 13:30:59,781 - INFO - Train - Loss: 0.0140, Acc: 0.9952, F1: 0.9943
2026-06-23 13:30:59,783 - INFO - Val - Loss: 0.0719, Acc: 0.9823, F1: 0.9818
2026-06-23 13:30:59,783 - INFO - No improvement for 5/5 epoch(s).
2026-06-23 13:30:59,783 - INFO - Early stopping triggered after 20 epochs!
2026-06-23 13:32:18,159 - INFO - Test - Loss: 0.0298, Acc: 0.9925, F1: 0.9916, Precision: 0.9918, Recall: 0.9915
2026-06-23 13:32:20,084 - INFO - Eval (new-data) - Loss: 1.8369, Acc: 0.5417, F1: 0.4071, Precision: 0.4303, Recall: 0.3986
2026-06-23 13:32:20,087 - INFO - Metrics saved to d:\Code\python\plant-disease-detection\results/distillation_effnetb0_mobilenetv3\efficientnet_b0_metrics.json
