2026-06-23 13:35:08,111 - INFO - Starting training for mobilenetv3_small_100
2026-06-23 13:35:08,185 - INFO - Using device: cuda
2026-06-23 13:35:08,425 - INFO - Creating model: mobilenetv3_small_100
2026-06-23 13:35:09,140 - INFO - Epoch 1/30
2026-06-23 13:37:57,979 - INFO - Train - Loss: 0.8087, Acc: 0.7507, F1: 0.6956
2026-06-23 13:37:57,979 - INFO - Val - Loss: 0.4308, Acc: 0.8465, F1: 0.7980
2026-06-23 13:37:58,011 - INFO - Saved new best model with F1: 0.7980
2026-06-23 13:37:58,011 - INFO - Epoch 2/30
2026-06-23 13:40:28,220 - INFO - Train - Loss: 0.3998, Acc: 0.8570, F1: 0.8258
2026-06-23 13:40:28,220 - INFO - Val - Loss: 0.2687, Acc: 0.9042, F1: 0.8991
2026-06-23 13:40:28,251 - INFO - Saved new best model with F1: 0.8991
2026-06-23 13:40:28,253 - INFO - Epoch 3/30
2026-06-23 13:43:01,914 - INFO - Train - Loss: 0.3236, Acc: 0.8835, F1: 0.8621
2026-06-23 13:43:01,914 - INFO - Val - Loss: 0.1947, Acc: 0.9299, F1: 0.9272
2026-06-23 13:43:01,942 - INFO - Saved new best model with F1: 0.9272
2026-06-23 13:43:01,942 - INFO - Epoch 4/30
2026-06-23 13:45:32,859 - INFO - Train - Loss: 0.2811, Acc: 0.8943, F1: 0.8739
2026-06-23 13:45:32,859 - INFO - Val - Loss: 0.1990, Acc: 0.9296, F1: 0.9229
2026-06-23 13:45:32,860 - INFO - No improvement for 1/5 epoch(s).
2026-06-23 13:45:32,860 - INFO - Epoch 5/30
2026-06-23 13:48:01,101 - INFO - Train - Loss: 0.2426, Acc: 0.9118, F1: 0.8956
2026-06-23 13:48:01,101 - INFO - Val - Loss: 0.2347, Acc: 0.9155, F1: 0.9131
2026-06-23 13:48:01,101 - INFO - No improvement for 2/5 epoch(s).
2026-06-23 13:48:01,102 - INFO - Epoch 6/30
2026-06-23 13:50:36,589 - INFO - Train - Loss: 0.2242, Acc: 0.9145, F1: 0.8988
2026-06-23 13:50:36,589 - INFO - Val - Loss: 0.1936, Acc: 0.9293, F1: 0.9254
2026-06-23 13:50:36,590 - INFO - No improvement for 3/5 epoch(s).
2026-06-23 13:50:36,590 - INFO - Epoch 7/30
2026-06-23 13:53:13,913 - INFO - Train - Loss: 0.2029, Acc: 0.9248, F1: 0.9114
2026-06-23 13:53:13,913 - INFO - Val - Loss: 0.1756, Acc: 0.9332, F1: 0.9276
2026-06-23 13:53:13,953 - INFO - Saved new best model with F1: 0.9276
2026-06-23 13:53:13,953 - INFO - Epoch 8/30
2026-06-23 13:55:45,264 - INFO - Train - Loss: 0.1892, Acc: 0.9306, F1: 0.9172
2026-06-23 13:55:45,264 - INFO - Val - Loss: 0.1785, Acc: 0.9354, F1: 0.9307
2026-06-23 13:55:45,295 - INFO - Saved new best model with F1: 0.9307
2026-06-23 13:55:45,295 - INFO - Epoch 9/30
2026-06-23 13:58:19,655 - INFO - Train - Loss: 0.1627, Acc: 0.9412, F1: 0.9302
2026-06-23 13:58:19,655 - INFO - Val - Loss: 0.2731, Acc: 0.9028, F1: 0.8917
2026-06-23 13:58:19,655 - INFO - No improvement for 1/5 epoch(s).
2026-06-23 13:58:19,655 - INFO - Epoch 10/30
2026-06-23 14:00:42,769 - INFO - Train - Loss: 0.1633, Acc: 0.9425, F1: 0.9315
2026-06-23 14:00:42,769 - INFO - Val - Loss: 0.1601, Acc: 0.9417, F1: 0.9364
2026-06-23 14:00:42,873 - INFO - Saved new best model with F1: 0.9364
2026-06-23 14:00:42,873 - INFO - Epoch 11/30
2026-06-23 14:03:36,227 - INFO - Train - Loss: 0.1555, Acc: 0.9446, F1: 0.9339
2026-06-23 14:03:36,227 - INFO - Val - Loss: 0.2053, Acc: 0.9334, F1: 0.9281
2026-06-23 14:03:36,227 - INFO - No improvement for 1/5 epoch(s).
2026-06-23 14:03:36,228 - INFO - Epoch 12/30
2026-06-23 14:06:32,026 - INFO - Train - Loss: 0.1348, Acc: 0.9503, F1: 0.9414
2026-06-23 14:06:32,028 - INFO - Val - Loss: 0.1774, Acc: 0.9384, F1: 0.9360
2026-06-23 14:06:32,028 - INFO - No improvement for 2/5 epoch(s).
2026-06-23 14:06:32,028 - INFO - Epoch 13/30
2026-06-23 14:09:37,923 - INFO - Train - Loss: 0.1282, Acc: 0.9538, F1: 0.9456
2026-06-23 14:09:37,923 - INFO - Val - Loss: 0.1210, Acc: 0.9619, F1: 0.9622
2026-06-23 14:09:37,979 - INFO - Saved new best model with F1: 0.9622
2026-06-23 14:09:37,979 - INFO - Epoch 14/30
2026-06-23 14:11:49,207 - INFO - Train - Loss: 0.1182, Acc: 0.9597, F1: 0.9529
2026-06-23 14:11:49,208 - INFO - Val - Loss: 0.1475, Acc: 0.9497, F1: 0.9454
2026-06-23 14:11:49,208 - INFO - No improvement for 1/5 epoch(s).
2026-06-23 14:11:49,208 - INFO - Epoch 15/30
2026-06-23 14:13:44,746 - INFO - Train - Loss: 0.1142, Acc: 0.9580, F1: 0.9494
2026-06-23 14:13:44,753 - INFO - Val - Loss: 0.1309, Acc: 0.9555, F1: 0.9550
2026-06-23 14:13:44,754 - INFO - No improvement for 2/5 epoch(s).
2026-06-23 14:13:44,754 - INFO - Epoch 16/30
2026-06-23 14:15:37,207 - INFO - Train - Loss: 0.1065, Acc: 0.9623, F1: 0.9543
2026-06-23 14:15:37,207 - INFO - Val - Loss: 0.0990, Acc: 0.9660, F1: 0.9639
2026-06-23 14:15:37,594 - INFO - Saved new best model with F1: 0.9639
2026-06-23 14:15:37,594 - INFO - Epoch 17/30
2026-06-23 14:17:31,062 - INFO - Train - Loss: 0.1003, Acc: 0.9649, F1: 0.9593
2026-06-23 14:17:31,062 - INFO - Val - Loss: 0.1146, Acc: 0.9624, F1: 0.9601
2026-06-23 14:17:31,062 - INFO - No improvement for 1/5 epoch(s).
2026-06-23 14:17:31,063 - INFO - Epoch 18/30
2026-06-23 14:19:37,606 - INFO - Train - Loss: 0.0985, Acc: 0.9652, F1: 0.9586
2026-06-23 14:19:37,606 - INFO - Val - Loss: 0.1118, Acc: 0.9600, F1: 0.9585
2026-06-23 14:19:37,606 - INFO - No improvement for 2/5 epoch(s).
2026-06-23 14:19:37,606 - INFO - Epoch 19/30
2026-06-23 14:21:45,744 - INFO - Train - Loss: 0.0913, Acc: 0.9680, F1: 0.9614
2026-06-23 14:21:45,746 - INFO - Val - Loss: 0.1034, Acc: 0.9641, F1: 0.9632
2026-06-23 14:21:45,746 - INFO - No improvement for 3/5 epoch(s).
2026-06-23 14:21:45,746 - INFO - Epoch 20/30
2026-06-23 14:24:02,004 - INFO - Train - Loss: 0.0872, Acc: 0.9687, F1: 0.9634
2026-06-23 14:24:02,005 - INFO - Val - Loss: 0.1212, Acc: 0.9580, F1: 0.9536
2026-06-23 14:24:02,006 - INFO - No improvement for 4/5 epoch(s).
2026-06-23 14:24:02,006 - INFO - Epoch 21/30
2026-06-23 14:26:10,809 - INFO - Train - Loss: 0.0492, Acc: 0.9833, F1: 0.9798
2026-06-23 14:26:10,810 - INFO - Val - Loss: 0.0986, Acc: 0.9674, F1: 0.9667
2026-06-23 14:26:10,855 - INFO - Saved new best model with F1: 0.9667
2026-06-23 14:26:10,855 - INFO - Epoch 22/30
2026-06-23 14:28:29,704 - INFO - Train - Loss: 0.0443, Acc: 0.9844, F1: 0.9822
2026-06-23 14:28:29,706 - INFO - Val - Loss: 0.0664, Acc: 0.9807, F1: 0.9812
2026-06-23 14:28:29,761 - INFO - Saved new best model with F1: 0.9812
2026-06-23 14:28:29,761 - INFO - Epoch 23/30
2026-06-23 14:30:57,155 - INFO - Train - Loss: 0.0407, Acc: 0.9855, F1: 0.9831
2026-06-23 14:30:57,160 - INFO - Val - Loss: 0.0855, Acc: 0.9727, F1: 0.9735
2026-06-23 14:30:57,160 - INFO - No improvement for 1/5 epoch(s).
2026-06-23 14:30:57,162 - INFO - Epoch 24/30
2026-06-23 14:33:25,883 - INFO - Train - Loss: 0.0368, Acc: 0.9868, F1: 0.9848
2026-06-23 14:33:25,884 - INFO - Val - Loss: 0.0808, Acc: 0.9740, F1: 0.9742
2026-06-23 14:33:25,885 - INFO - No improvement for 2/5 epoch(s).
2026-06-23 14:33:25,885 - INFO - Epoch 25/30
2026-06-23 14:35:52,977 - INFO - Train - Loss: 0.0400, Acc: 0.9856, F1: 0.9824
2026-06-23 14:35:52,979 - INFO - Val - Loss: 0.0870, Acc: 0.9751, F1: 0.9721
2026-06-23 14:35:52,981 - INFO - No improvement for 3/5 epoch(s).
2026-06-23 14:35:52,981 - INFO - Epoch 26/30
2026-06-23 14:38:13,446 - INFO - Train - Loss: 0.0417, Acc: 0.9848, F1: 0.9826
2026-06-23 14:38:13,447 - INFO - Val - Loss: 0.0930, Acc: 0.9735, F1: 0.9723
2026-06-23 14:38:13,447 - INFO - No improvement for 4/5 epoch(s).
2026-06-23 14:38:13,448 - INFO - Epoch 27/30
2026-06-23 14:40:42,070 - INFO - Train - Loss: 0.0282, Acc: 0.9899, F1: 0.9878
2026-06-23 14:40:42,073 - INFO - Val - Loss: 0.0669, Acc: 0.9815, F1: 0.9801
2026-06-23 14:40:42,073 - INFO - No improvement for 5/5 epoch(s).
2026-06-23 14:40:42,078 - INFO - Early stopping triggered after 27 epochs!
2026-06-23 14:41:43,093 - INFO - Test - Loss: 0.0389, Acc: 0.9865, F1: 0.9846, Precision: 0.9840, Recall: 0.9853
2026-06-23 14:41:44,849 - INFO - Eval (new-data) - Loss: 1.9528, Acc: 0.5278, F1: 0.3883, Precision: 0.4021, Recall: 0.3993
2026-06-23 14:41:44,852 - INFO - Metrics saved to d:\Code\python\plant-disease-detection\results/distillation_effnetb0_mobilenetv3\mobilenetv3_small_100_metrics.json
