2026-06-22 12:53:55,213 - INFO - Starting Knowledge Distillation.
2026-06-22 12:53:55,213 - INFO - Teacher: convnext_tiny
2026-06-22 12:53:55,214 - INFO - Student: mobilenetv3_small_100
2026-06-22 12:53:55,233 - INFO - Using device: cuda
2026-06-22 12:53:55,302 - INFO - Loading Teacher model...
2026-06-22 12:53:55,697 - INFO - Loading Student model...
2026-06-22 12:53:56,325 - INFO - Epoch 1/30
2026-06-22 12:56:05,698 - INFO - Train - KD Loss: 1.4584
2026-06-22 12:56:05,698 - INFO - Val - Loss: 0.5888, Acc: 0.8564, F1: 0.8197
2026-06-22 12:56:05,827 - INFO - Saved new best model with F1: 0.8197
2026-06-22 12:56:05,827 - INFO - Epoch 2/30
2026-06-22 12:59:17,230 - INFO - Starting Knowledge Distillation.
2026-06-22 12:59:17,230 - INFO - Teacher: convnext_tiny
2026-06-22 12:59:17,231 - INFO - Student: mobilenetv3_small_100
2026-06-22 12:59:17,273 - INFO - Using device: cuda
2026-06-22 12:59:17,337 - INFO - Loading Teacher model...
2026-06-22 12:59:17,920 - INFO - Loading Student model...
2026-06-22 12:59:18,556 - INFO - Epoch 1/30
2026-06-22 13:02:22,532 - INFO - Train - KD Loss: 1.4612
2026-06-22 13:02:22,532 - INFO - Val - Loss: 0.6801, Acc: 0.8257, F1: 0.7677
2026-06-22 13:02:22,564 - INFO - Saved new best model with F1: 0.7677
2026-06-22 13:02:22,564 - INFO - Epoch 2/30
2026-06-22 13:05:10,308 - INFO - Train - KD Loss: 1.1082
2026-06-22 13:05:10,308 - INFO - Val - Loss: 0.5304, Acc: 0.8815, F1: 0.8567
2026-06-22 13:05:10,350 - INFO - Saved new best model with F1: 0.8567
2026-06-22 13:05:10,351 - INFO - Epoch 3/30
2026-06-22 13:08:05,040 - INFO - Train - KD Loss: 1.0304
2026-06-22 13:08:05,042 - INFO - Val - Loss: 0.5001, Acc: 0.8928, F1: 0.8825
2026-06-22 13:08:05,084 - INFO - Saved new best model with F1: 0.8825
2026-06-22 13:08:05,084 - INFO - Epoch 4/30
2026-06-22 13:11:02,086 - INFO - Train - KD Loss: 0.9981
2026-06-22 13:11:02,086 - INFO - Val - Loss: 0.4553, Acc: 0.9011, F1: 0.8864
2026-06-22 13:11:02,119 - INFO - Saved new best model with F1: 0.8864
2026-06-22 13:11:02,119 - INFO - Epoch 5/30
2026-06-22 13:14:00,079 - INFO - Train - KD Loss: 0.9536
2026-06-22 13:14:00,079 - INFO - Val - Loss: 0.4938, Acc: 0.8989, F1: 0.8771
2026-06-22 13:14:00,080 - INFO - No improvement for 1/5 epoch(s).
2026-06-22 13:14:00,080 - INFO - Epoch 6/30
2026-06-22 13:17:07,816 - INFO - Train - KD Loss: 0.9392
2026-06-22 13:17:07,817 - INFO - Val - Loss: 0.4341, Acc: 0.9152, F1: 0.9096
2026-06-22 13:17:07,965 - INFO - Saved new best model with F1: 0.9096
2026-06-22 13:17:07,965 - INFO - Epoch 7/30
2026-06-22 13:20:00,196 - INFO - Train - KD Loss: 0.9134
2026-06-22 13:20:00,196 - INFO - Val - Loss: 0.4290, Acc: 0.9067, F1: 0.8979
2026-06-22 13:20:00,196 - INFO - No improvement for 1/5 epoch(s).
2026-06-22 13:20:00,196 - INFO - Epoch 8/30
2026-06-22 13:23:06,447 - INFO - Train - KD Loss: 0.8866
2026-06-22 13:23:06,449 - INFO - Val - Loss: 0.4860, Acc: 0.9111, F1: 0.9085
2026-06-22 13:23:06,449 - INFO - No improvement for 2/5 epoch(s).
2026-06-22 13:23:06,449 - INFO - Epoch 9/30
2026-06-22 13:26:04,649 - INFO - Train - KD Loss: 0.8700
2026-06-22 13:26:04,650 - INFO - Val - Loss: 0.3865, Acc: 0.9271, F1: 0.9288
2026-06-22 13:26:04,717 - INFO - Saved new best model with F1: 0.9288
2026-06-22 13:26:04,717 - INFO - Epoch 10/30
2026-06-22 13:28:55,584 - INFO - Train - KD Loss: 0.8519
2026-06-22 13:28:55,585 - INFO - Val - Loss: 0.4114, Acc: 0.9235, F1: 0.9182
2026-06-22 13:28:55,585 - INFO - No improvement for 1/5 epoch(s).
2026-06-22 13:28:55,585 - INFO - Epoch 11/30
2026-06-22 13:32:01,444 - INFO - Train - KD Loss: 0.8335
2026-06-22 13:32:01,444 - INFO - Val - Loss: 0.3544, Acc: 0.9398, F1: 0.9385
2026-06-22 13:32:01,486 - INFO - Saved new best model with F1: 0.9385
2026-06-22 13:32:01,487 - INFO - Epoch 12/30
2026-06-22 13:34:58,278 - INFO - Train - KD Loss: 0.8349
2026-06-22 13:34:58,281 - INFO - Val - Loss: 0.3473, Acc: 0.9260, F1: 0.9251
2026-06-22 13:34:58,281 - INFO - No improvement for 1/5 epoch(s).
2026-06-22 13:34:58,284 - INFO - Epoch 13/30
2026-06-22 13:37:54,915 - INFO - Train - KD Loss: 0.8392
2026-06-22 13:37:54,917 - INFO - Val - Loss: 0.3611, Acc: 0.9337, F1: 0.9297
2026-06-22 13:37:54,917 - INFO - No improvement for 2/5 epoch(s).
2026-06-22 13:37:54,918 - INFO - Epoch 14/30
2026-06-22 13:40:59,325 - INFO - Train - KD Loss: 0.8193
2026-06-22 13:40:59,326 - INFO - Val - Loss: 0.3764, Acc: 0.9362, F1: 0.9313
2026-06-22 13:40:59,326 - INFO - No improvement for 3/5 epoch(s).
2026-06-22 13:40:59,327 - INFO - Epoch 15/30
2026-06-22 13:43:52,279 - INFO - Train - KD Loss: 0.8037
2026-06-22 13:43:52,279 - INFO - Val - Loss: 0.4039, Acc: 0.9254, F1: 0.9320
2026-06-22 13:43:52,280 - INFO - No improvement for 4/5 epoch(s).
2026-06-22 13:43:52,280 - INFO - Epoch 16/30
2026-06-22 13:46:50,496 - INFO - Train - KD Loss: 0.7651
2026-06-22 13:46:50,497 - INFO - Val - Loss: 0.3247, Acc: 0.9473, F1: 0.9456
2026-06-22 13:46:50,547 - INFO - Saved new best model with F1: 0.9456
2026-06-22 13:46:50,547 - INFO - Epoch 17/30
2026-06-22 13:49:44,422 - INFO - Train - KD Loss: 0.7594
2026-06-22 13:49:44,423 - INFO - Val - Loss: 0.2990, Acc: 0.9539, F1: 0.9530
2026-06-22 13:49:44,475 - INFO - Saved new best model with F1: 0.9530
2026-06-22 13:49:44,475 - INFO - Epoch 18/30
2026-06-22 13:52:53,921 - INFO - Train - KD Loss: 0.7534
2026-06-22 13:52:53,923 - INFO - Val - Loss: 0.3395, Acc: 0.9522, F1: 0.9520
2026-06-22 13:52:53,924 - INFO - No improvement for 1/5 epoch(s).
2026-06-22 13:52:53,924 - INFO - Epoch 19/30
2026-06-22 13:56:00,353 - INFO - Train - KD Loss: 0.7451
2026-06-22 13:56:00,354 - INFO - Val - Loss: 0.2844, Acc: 0.9602, F1: 0.9613
2026-06-22 13:56:00,406 - INFO - Saved new best model with F1: 0.9613
2026-06-22 13:56:00,407 - INFO - Epoch 20/30
2026-06-22 13:58:48,786 - INFO - Train - KD Loss: 0.7440
2026-06-22 13:58:48,787 - INFO - Val - Loss: 0.3151, Acc: 0.9577, F1: 0.9578
2026-06-22 13:58:48,787 - INFO - No improvement for 1/5 epoch(s).
2026-06-22 13:58:48,787 - INFO - Epoch 21/30
2026-06-22 14:01:13,468 - INFO - Train - KD Loss: 0.7537
2026-06-22 14:01:13,468 - INFO - Val - Loss: 0.3222, Acc: 0.9561, F1: 0.9542
2026-06-22 14:01:13,468 - INFO - No improvement for 2/5 epoch(s).
2026-06-22 14:01:13,468 - INFO - Epoch 22/30
2026-06-22 14:04:02,354 - INFO - Train - KD Loss: 0.7396
2026-06-22 14:04:02,354 - INFO - Val - Loss: 0.3019, Acc: 0.9580, F1: 0.9593
2026-06-22 14:04:02,354 - INFO - No improvement for 3/5 epoch(s).
2026-06-22 14:04:02,354 - INFO - Epoch 23/30
2026-06-22 14:06:50,627 - INFO - Train - KD Loss: 0.7403
2026-06-22 14:06:50,628 - INFO - Val - Loss: 0.3227, Acc: 0.9558, F1: 0.9537
2026-06-22 14:06:50,628 - INFO - No improvement for 4/5 epoch(s).
2026-06-22 14:06:50,628 - INFO - Epoch 24/30
2026-06-22 14:09:46,071 - INFO - Train - KD Loss: 0.7216
2026-06-22 14:09:46,079 - INFO - Val - Loss: 0.3094, Acc: 0.9660, F1: 0.9677
2026-06-22 14:09:46,141 - INFO - Saved new best model with F1: 0.9677
2026-06-22 14:09:46,142 - INFO - Epoch 25/30
2026-06-22 14:12:41,428 - INFO - Train - KD Loss: 0.7183
2026-06-22 14:12:41,436 - INFO - Val - Loss: 0.2640, Acc: 0.9710, F1: 0.9717
2026-06-22 14:12:41,563 - INFO - Saved new best model with F1: 0.9717
2026-06-22 14:12:41,563 - INFO - Epoch 26/30
2026-06-22 14:15:37,980 - INFO - Train - KD Loss: 0.7083
2026-06-22 14:15:37,981 - INFO - Val - Loss: 0.2850, Acc: 0.9658, F1: 0.9661
2026-06-22 14:15:37,981 - INFO - No improvement for 1/5 epoch(s).
2026-06-22 14:15:37,981 - INFO - Epoch 27/30
2026-06-22 14:18:15,666 - INFO - Train - KD Loss: 0.7039
2026-06-22 14:18:15,667 - INFO - Val - Loss: 0.2953, Acc: 0.9658, F1: 0.9671
2026-06-22 14:18:15,667 - INFO - No improvement for 2/5 epoch(s).
2026-06-22 14:18:15,667 - INFO - Epoch 28/30
2026-06-22 14:21:12,509 - INFO - Train - KD Loss: 0.7035
2026-06-22 14:21:12,511 - INFO - Val - Loss: 0.2797, Acc: 0.9674, F1: 0.9681
2026-06-22 14:21:12,511 - INFO - No improvement for 3/5 epoch(s).
2026-06-22 14:21:12,512 - INFO - Epoch 29/30
2026-06-22 14:24:21,362 - INFO - Train - KD Loss: 0.6941
2026-06-22 14:24:21,363 - INFO - Val - Loss: 0.2849, Acc: 0.9724, F1: 0.9739
2026-06-22 14:24:21,411 - INFO - Saved new best model with F1: 0.9739
2026-06-22 14:24:21,411 - INFO - Epoch 30/30
2026-06-22 14:27:21,346 - INFO - Train - KD Loss: 0.6884
2026-06-22 14:27:21,347 - INFO - Val - Loss: 0.2775, Acc: 0.9699, F1: 0.9725
2026-06-22 14:27:21,347 - INFO - No improvement for 1/5 epoch(s).
2026-06-22 14:28:45,459 - INFO - Test - Loss: 0.2541, Acc: 0.9837, F1: 0.9820, Precision: 0.9820, Recall: 0.9822
2026-06-22 14:28:45,475 - INFO - Metrics saved to d:\Code\python\plant-disease-detection\results/distillation_effnetb0_mobilenetv3\mobilenetv3_small_100_distilled_metrics.json
2026-07-11 16:45:25,993 - INFO - Starting Knowledge Distillation.
2026-07-11 16:45:25,993 - INFO - Teacher: convnext_tiny
2026-07-11 16:45:25,995 - INFO - Student: mobilenetv3_small_100
2026-07-11 16:45:26,072 - INFO - Using device: cuda
2026-07-11 16:45:26,290 - INFO - Loading Teacher model...
2026-07-11 16:45:26,761 - INFO - Loading Student model...
2026-07-11 16:45:27,345 - INFO - Epoch 1/30
2026-07-11 16:48:20,019 - INFO - Train - KD Loss: 1.6763
2026-07-11 16:48:20,019 - INFO - Val - Loss: 0.7432, Acc: 0.8197, F1: 0.7646
2026-07-11 16:48:20,068 - INFO - Saved new best model with F1: 0.7646
2026-07-11 16:48:20,069 - INFO - Epoch 2/30
2026-07-11 16:51:11,148 - INFO - Train - KD Loss: 1.3726
2026-07-11 16:51:11,148 - INFO - Val - Loss: 0.6676, Acc: 0.8600, F1: 0.8341
2026-07-11 16:51:11,186 - INFO - Saved new best model with F1: 0.8341
2026-07-11 16:51:11,187 - INFO - Epoch 3/30
2026-07-11 16:54:01,129 - INFO - Train - KD Loss: 1.2769
2026-07-11 16:54:01,129 - INFO - Val - Loss: 0.6539, Acc: 0.8288, F1: 0.7870
2026-07-11 16:54:01,129 - INFO - No improvement for 1/5 epoch(s).
2026-07-11 16:54:01,129 - INFO - Epoch 4/30
2026-07-11 16:56:42,056 - INFO - Train - KD Loss: 1.2455
2026-07-11 16:56:42,057 - INFO - Val - Loss: 0.6488, Acc: 0.8782, F1: 0.8604
2026-07-11 16:56:42,086 - INFO - Saved new best model with F1: 0.8604
2026-07-11 16:56:42,086 - INFO - Epoch 5/30
2026-07-11 16:59:25,287 - INFO - Train - KD Loss: 1.2164
2026-07-11 16:59:25,287 - INFO - Val - Loss: 0.5529, Acc: 0.8942, F1: 0.8756
2026-07-11 16:59:25,318 - INFO - Saved new best model with F1: 0.8756
2026-07-11 16:59:25,318 - INFO - Epoch 6/30
2026-07-11 17:02:11,252 - INFO - Train - KD Loss: 1.1605
2026-07-11 17:02:11,253 - INFO - Val - Loss: 0.4543, Acc: 0.9064, F1: 0.8978
2026-07-11 17:02:11,294 - INFO - Saved new best model with F1: 0.8978
2026-07-11 17:02:11,294 - INFO - Epoch 7/30
2026-07-11 17:04:54,021 - INFO - Train - KD Loss: 1.1722
2026-07-11 17:04:54,021 - INFO - Val - Loss: 0.5027, Acc: 0.8986, F1: 0.8891
2026-07-11 17:04:54,022 - INFO - No improvement for 1/5 epoch(s).
2026-07-11 17:04:54,022 - INFO - Epoch 8/30
2026-07-11 17:07:38,688 - INFO - Train - KD Loss: 1.1704
2026-07-11 17:07:38,688 - INFO - Val - Loss: 0.6103, Acc: 0.8995, F1: 0.8864
2026-07-11 17:07:38,688 - INFO - No improvement for 2/5 epoch(s).
2026-07-11 17:07:38,689 - INFO - Epoch 9/30
2026-07-11 17:10:22,214 - INFO - Train - KD Loss: 1.1287
2026-07-11 17:10:22,214 - INFO - Val - Loss: 0.6551, Acc: 0.9053, F1: 0.9021
2026-07-11 17:10:22,246 - INFO - Saved new best model with F1: 0.9021
2026-07-11 17:10:22,246 - INFO - Epoch 10/30
2026-07-11 17:13:04,332 - INFO - Train - KD Loss: 1.1441
2026-07-11 17:13:04,332 - INFO - Val - Loss: 0.5002, Acc: 0.9017, F1: 0.8778
2026-07-11 17:13:04,333 - INFO - No improvement for 1/5 epoch(s).
2026-07-11 17:13:04,333 - INFO - Epoch 11/30
2026-07-11 17:15:42,915 - INFO - Train - KD Loss: 1.1212
2026-07-11 17:15:42,915 - INFO - Val - Loss: 0.4933, Acc: 0.9207, F1: 0.9158
2026-07-11 17:15:42,951 - INFO - Saved new best model with F1: 0.9158
2026-07-11 17:15:42,951 - INFO - Epoch 12/30
2026-07-11 17:18:24,690 - INFO - Train - KD Loss: 1.1183
2026-07-11 17:18:24,690 - INFO - Val - Loss: 0.5943, Acc: 0.9017, F1: 0.8873
2026-07-11 17:18:24,690 - INFO - No improvement for 1/5 epoch(s).
2026-07-11 17:18:24,691 - INFO - Epoch 13/30
2026-07-11 17:21:05,908 - INFO - Train - KD Loss: 1.1093
2026-07-11 17:21:05,909 - INFO - Val - Loss: 0.5132, Acc: 0.9089, F1: 0.8928
2026-07-11 17:21:05,909 - INFO - No improvement for 2/5 epoch(s).
2026-07-11 17:21:05,909 - INFO - Epoch 14/30
2026-07-11 17:23:47,693 - INFO - Train - KD Loss: 1.0917
2026-07-11 17:23:47,693 - INFO - Val - Loss: 0.4454, Acc: 0.9191, F1: 0.9110
2026-07-11 17:23:47,693 - INFO - No improvement for 3/5 epoch(s).
2026-07-11 17:23:47,693 - INFO - Epoch 15/30
2026-07-11 17:26:28,773 - INFO - Train - KD Loss: 1.0971
2026-07-11 17:26:28,773 - INFO - Val - Loss: 0.4351, Acc: 0.9307, F1: 0.9281
2026-07-11 17:26:28,819 - INFO - Saved new best model with F1: 0.9281
2026-07-11 17:26:28,819 - INFO - Epoch 16/30
2026-07-11 17:29:09,175 - INFO - Train - KD Loss: 1.0957
2026-07-11 17:29:09,175 - INFO - Val - Loss: 0.5793, Acc: 0.9136, F1: 0.9023
2026-07-11 17:29:09,175 - INFO - No improvement for 1/5 epoch(s).
2026-07-11 17:29:09,176 - INFO - Epoch 17/30
2026-07-11 17:31:49,056 - INFO - Train - KD Loss: 1.0671
2026-07-11 17:31:49,057 - INFO - Val - Loss: 0.3808, Acc: 0.9442, F1: 0.9423
2026-07-11 17:31:49,090 - INFO - Saved new best model with F1: 0.9423
2026-07-11 17:31:49,090 - INFO - Epoch 18/30
2026-07-11 17:34:29,360 - INFO - Train - KD Loss: 1.0750
2026-07-11 17:34:29,360 - INFO - Val - Loss: 0.4157, Acc: 0.9431, F1: 0.9405
2026-07-11 17:34:29,360 - INFO - No improvement for 1/5 epoch(s).
2026-07-11 17:34:29,360 - INFO - Epoch 19/30
2026-07-11 17:37:12,293 - INFO - Train - KD Loss: 1.0552
2026-07-11 17:37:12,293 - INFO - Val - Loss: 0.5045, Acc: 0.9329, F1: 0.9274
2026-07-11 17:37:12,294 - INFO - No improvement for 2/5 epoch(s).
2026-07-11 17:37:12,294 - INFO - Epoch 20/30
2026-07-11 17:39:53,747 - INFO - Train - KD Loss: 1.0581
2026-07-11 17:39:53,747 - INFO - Val - Loss: 0.4839, Acc: 0.9307, F1: 0.9214
2026-07-11 17:39:53,747 - INFO - No improvement for 3/5 epoch(s).
2026-07-11 17:39:53,748 - INFO - Epoch 21/30
2026-07-11 17:42:34,902 - INFO - Train - KD Loss: 1.0516
2026-07-11 17:42:34,903 - INFO - Val - Loss: 0.4255, Acc: 0.9265, F1: 0.9169
2026-07-11 17:42:34,914 - INFO - No improvement for 4/5 epoch(s).
2026-07-11 17:42:34,915 - INFO - Epoch 22/30
2026-07-11 17:45:13,879 - INFO - Train - KD Loss: 1.0603
2026-07-11 17:45:13,879 - INFO - Val - Loss: 0.3918, Acc: 0.9484, F1: 0.9475
2026-07-11 17:45:13,949 - INFO - Saved new best model with F1: 0.9475
2026-07-11 17:45:13,949 - INFO - Epoch 23/30
2026-07-11 17:47:54,539 - INFO - Train - KD Loss: 1.0267
2026-07-11 17:47:54,540 - INFO - Val - Loss: 0.4632, Acc: 0.9542, F1: 0.9564
2026-07-11 17:47:54,589 - INFO - Saved new best model with F1: 0.9564
2026-07-11 17:47:54,589 - INFO - Epoch 24/30
2026-07-11 17:50:34,171 - INFO - Train - KD Loss: 1.0261
2026-07-11 17:50:34,172 - INFO - Val - Loss: 0.3524, Acc: 0.9572, F1: 0.9605
2026-07-11 17:50:34,208 - INFO - Saved new best model with F1: 0.9605
2026-07-11 17:50:34,209 - INFO - Epoch 25/30
2026-07-11 17:53:11,903 - INFO - Train - KD Loss: 1.0335
2026-07-11 17:53:11,906 - INFO - Val - Loss: 0.4460, Acc: 0.9508, F1: 0.9501
2026-07-11 17:53:11,915 - INFO - No improvement for 1/5 epoch(s).
2026-07-11 17:53:11,915 - INFO - Epoch 26/30
2026-07-11 17:55:47,036 - INFO - Train - KD Loss: 1.0094
2026-07-11 17:55:47,036 - INFO - Val - Loss: 0.3130, Acc: 0.9558, F1: 0.9556
2026-07-11 17:55:47,036 - INFO - No improvement for 2/5 epoch(s).
2026-07-11 17:55:47,036 - INFO - Epoch 27/30
2026-07-11 17:58:27,302 - INFO - Train - KD Loss: 0.9944
2026-07-11 17:58:27,302 - INFO - Val - Loss: 0.4404, Acc: 0.9519, F1: 0.9508
2026-07-11 17:58:27,302 - INFO - No improvement for 3/5 epoch(s).
2026-07-11 17:58:27,302 - INFO - Epoch 28/30
2026-07-11 18:01:29,769 - INFO - Train - KD Loss: 0.9996
2026-07-11 18:01:29,769 - INFO - Val - Loss: 0.3441, Acc: 0.9594, F1: 0.9595
2026-07-11 18:01:29,769 - INFO - No improvement for 4/5 epoch(s).
2026-07-11 18:01:29,770 - INFO - Epoch 29/30
2026-07-11 18:04:54,279 - INFO - Train - KD Loss: 0.9770
2026-07-11 18:04:54,279 - INFO - Val - Loss: 0.3647, Acc: 0.9608, F1: 0.9613
2026-07-11 18:04:54,318 - INFO - Saved new best model with F1: 0.9613
2026-07-11 18:04:54,318 - INFO - Epoch 30/30
2026-07-11 18:08:12,570 - INFO - Train - KD Loss: 0.9774
2026-07-11 18:08:12,570 - INFO - Val - Loss: 0.3606, Acc: 0.9622, F1: 0.9636
2026-07-11 18:08:12,595 - INFO - Saved new best model with F1: 0.9636
2026-07-11 18:09:44,676 - INFO - Test - Loss: 0.3377, Acc: 0.9762, F1: 0.9740, Precision: 0.9754, Recall: 0.9732
2026-07-11 18:09:44,692 - INFO - Metrics saved to D:\Code\python\plant-disease-detection\results/distillation_effnetb0_mobilenetv3\mobilenetv3_small_100_distilled_metrics.json
