2026-06-10 17:08:23,503 - INFO - Starting training for efficientnet_b0
2026-06-10 17:08:23,593 - INFO - Using device: cuda
2026-06-10 17:08:23,880 - INFO - Creating model: efficientnet_b0
2026-06-10 17:08:24,657 - INFO - Epoch 1/30
2026-06-10 17:12:08,496 - INFO - Train - Loss: 0.7559, Acc: 0.7627, F1: 0.6881
2026-06-10 17:12:08,497 - INFO - Val - Loss: 0.2131, Acc: 0.9284, F1: 0.8935
2026-06-10 17:12:08,638 - INFO - Saved new best model with F1: 0.8935
2026-06-10 17:12:08,638 - INFO - Epoch 2/30
2026-06-10 17:15:12,195 - INFO - Train - Loss: 0.2772, Acc: 0.9094, F1: 0.8784
2026-06-10 17:15:12,196 - INFO - Val - Loss: 0.1278, Acc: 0.9560, F1: 0.9395
2026-06-10 17:15:12,245 - INFO - Saved new best model with F1: 0.9395
2026-06-10 17:15:12,245 - INFO - Epoch 3/30
2026-06-10 17:18:20,229 - INFO - Train - Loss: 0.1924, Acc: 0.9351, F1: 0.9172
2026-06-10 17:18:20,230 - INFO - Val - Loss: 0.1160, Acc: 0.9622, F1: 0.9459
2026-06-10 17:18:20,288 - INFO - Saved new best model with F1: 0.9459
2026-06-10 17:18:20,288 - INFO - Epoch 4/30
2026-06-10 17:21:06,512 - INFO - Train - Loss: 0.1541, Acc: 0.9482, F1: 0.9326
2026-06-10 17:21:06,512 - INFO - Val - Loss: 0.0466, Acc: 0.9868, F1: 0.9841
2026-06-10 17:21:06,561 - INFO - Saved new best model with F1: 0.9841
2026-06-10 17:21:06,561 - INFO - Epoch 5/30
2026-06-10 17:23:50,676 - INFO - Train - Loss: 0.1362, Acc: 0.9536, F1: 0.9404
2026-06-10 17:23:50,676 - INFO - Val - Loss: 0.0527, Acc: 0.9835, F1: 0.9751
2026-06-10 17:23:50,676 - INFO - Epoch 6/30
2026-06-10 17:26:53,193 - INFO - Train - Loss: 0.1211, Acc: 0.9579, F1: 0.9456
2026-06-10 17:26:53,193 - INFO - Val - Loss: 0.0416, Acc: 0.9883, F1: 0.9824
2026-06-10 17:26:53,194 - INFO - Epoch 7/30
2026-06-10 17:29:37,037 - INFO - Train - Loss: 0.1035, Acc: 0.9648, F1: 0.9555
2026-06-10 17:29:37,037 - INFO - Val - Loss: 0.0522, Acc: 0.9842, F1: 0.9811
2026-06-10 17:29:37,037 - INFO - Epoch 8/30
2026-06-10 17:32:37,563 - INFO - Train - Loss: 0.0999, Acc: 0.9666, F1: 0.9578
2026-06-10 17:32:37,563 - INFO - Val - Loss: 0.0340, Acc: 0.9905, F1: 0.9866
2026-06-10 17:32:37,627 - INFO - Saved new best model with F1: 0.9866
2026-06-10 17:32:37,627 - INFO - Epoch 9/30
2026-06-10 17:35:24,677 - INFO - Train - Loss: 0.0858, Acc: 0.9710, F1: 0.9639
2026-06-10 17:35:24,677 - INFO - Val - Loss: 0.0289, Acc: 0.9912, F1: 0.9887
2026-06-10 17:35:24,732 - INFO - Saved new best model with F1: 0.9887
2026-06-10 17:35:24,732 - INFO - Epoch 10/30
2026-06-10 17:38:06,170 - INFO - Train - Loss: 0.0782, Acc: 0.9736, F1: 0.9666
2026-06-10 17:38:06,170 - INFO - Val - Loss: 0.0292, Acc: 0.9923, F1: 0.9909
2026-06-10 17:38:06,212 - INFO - Saved new best model with F1: 0.9909
2026-06-10 17:38:06,212 - INFO - Epoch 11/30
2026-06-10 17:40:57,078 - INFO - Train - Loss: 0.0777, Acc: 0.9743, F1: 0.9662
2026-06-10 17:40:57,078 - INFO - Val - Loss: 0.0211, Acc: 0.9941, F1: 0.9911
2026-06-10 17:40:57,131 - INFO - Saved new best model with F1: 0.9911
2026-06-10 17:40:57,131 - INFO - Epoch 12/30
2026-06-10 17:43:51,912 - INFO - Train - Loss: 0.0731, Acc: 0.9740, F1: 0.9654
2026-06-10 17:43:51,913 - INFO - Val - Loss: 0.0259, Acc: 0.9923, F1: 0.9905
2026-06-10 17:43:51,913 - INFO - Epoch 13/30
2026-06-10 17:45:48,952 - INFO - Train - Loss: 0.0631, Acc: 0.9773, F1: 0.9705
2026-06-10 17:45:48,952 - INFO - Val - Loss: 0.0246, Acc: 0.9938, F1: 0.9927
2026-06-10 17:45:48,995 - INFO - Saved new best model with F1: 0.9927
2026-06-10 17:45:48,995 - INFO - Epoch 14/30
2026-06-10 17:48:39,096 - INFO - Train - Loss: 0.0682, Acc: 0.9769, F1: 0.9710
2026-06-10 17:48:39,096 - INFO - Val - Loss: 0.0371, Acc: 0.9879, F1: 0.9765
2026-06-10 17:48:39,097 - INFO - Epoch 15/30
2026-06-10 17:51:37,099 - INFO - Train - Loss: 0.0628, Acc: 0.9788, F1: 0.9740
2026-06-10 17:51:37,099 - INFO - Val - Loss: 0.0328, Acc: 0.9894, F1: 0.9853
2026-06-10 17:51:37,099 - INFO - Epoch 16/30
2026-06-10 17:54:44,313 - INFO - Train - Loss: 0.0635, Acc: 0.9792, F1: 0.9738
2026-06-10 17:54:44,313 - INFO - Val - Loss: 0.0383, Acc: 0.9897, F1: 0.9901
2026-06-10 17:54:44,313 - INFO - Epoch 17/30
2026-06-10 17:57:29,706 - INFO - Train - Loss: 0.0549, Acc: 0.9805, F1: 0.9745
2026-06-10 17:57:29,706 - INFO - Val - Loss: 0.0244, Acc: 0.9949, F1: 0.9944
2026-06-10 17:57:29,755 - INFO - Saved new best model with F1: 0.9944
2026-06-10 17:57:29,755 - INFO - Epoch 18/30
2026-06-10 17:59:50,577 - INFO - Train - Loss: 0.0582, Acc: 0.9813, F1: 0.9764
2026-06-10 17:59:50,578 - INFO - Val - Loss: 0.0189, Acc: 0.9956, F1: 0.9951
2026-06-10 17:59:50,635 - INFO - Saved new best model with F1: 0.9951
2026-06-10 17:59:50,635 - INFO - Epoch 19/30
2026-06-10 18:02:44,010 - INFO - Train - Loss: 0.0671, Acc: 0.9769, F1: 0.9702
2026-06-10 18:02:44,011 - INFO - Val - Loss: 0.0216, Acc: 0.9949, F1: 0.9929
2026-06-10 18:02:44,011 - INFO - Epoch 20/30
2026-06-10 18:05:40,359 - INFO - Train - Loss: 0.0547, Acc: 0.9806, F1: 0.9744
2026-06-10 18:05:40,359 - INFO - Val - Loss: 0.0197, Acc: 0.9934, F1: 0.9921
2026-06-10 18:05:40,360 - INFO - Epoch 21/30
2026-06-10 18:08:32,346 - INFO - Train - Loss: 0.0531, Acc: 0.9825, F1: 0.9781
2026-06-10 18:08:32,347 - INFO - Val - Loss: 0.0315, Acc: 0.9934, F1: 0.9926
2026-06-10 18:08:32,347 - INFO - Epoch 22/30
2026-06-10 18:11:16,604 - INFO - Train - Loss: 0.0502, Acc: 0.9832, F1: 0.9784
2026-06-10 18:11:16,604 - INFO - Val - Loss: 0.0180, Acc: 0.9967, F1: 0.9964
2026-06-10 18:11:16,652 - INFO - Saved new best model with F1: 0.9964
2026-06-10 18:11:16,652 - INFO - Epoch 23/30
2026-06-10 18:14:03,002 - INFO - Train - Loss: 0.0598, Acc: 0.9800, F1: 0.9748
2026-06-10 18:14:03,002 - INFO - Val - Loss: 0.0161, Acc: 0.9963, F1: 0.9958
2026-06-10 18:14:03,002 - INFO - Epoch 24/30
2026-06-10 18:16:13,400 - INFO - Train - Loss: 0.0482, Acc: 0.9836, F1: 0.9790
2026-06-10 18:16:13,400 - INFO - Val - Loss: 0.0177, Acc: 0.9956, F1: 0.9951
2026-06-10 18:16:13,400 - INFO - Epoch 25/30
2026-06-10 18:19:06,361 - INFO - Train - Loss: 0.0480, Acc: 0.9834, F1: 0.9779
2026-06-10 18:19:06,361 - INFO - Val - Loss: 0.0261, Acc: 0.9927, F1: 0.9893
2026-06-10 18:19:06,362 - INFO - Epoch 26/30
2026-06-10 18:22:06,012 - INFO - Train - Loss: 0.0467, Acc: 0.9839, F1: 0.9798
2026-06-10 18:22:06,012 - INFO - Val - Loss: 0.0254, Acc: 0.9919, F1: 0.9900
2026-06-10 18:22:06,015 - INFO - Epoch 27/30
2026-06-10 18:24:54,973 - INFO - Train - Loss: 0.0400, Acc: 0.9866, F1: 0.9820
2026-06-10 18:24:54,973 - INFO - Val - Loss: 0.0150, Acc: 0.9960, F1: 0.9944
2026-06-10 18:24:54,974 - INFO - Epoch 28/30
2026-06-10 18:27:19,898 - INFO - Train - Loss: 0.0388, Acc: 0.9869, F1: 0.9837
2026-06-10 18:27:19,898 - INFO - Val - Loss: 0.0185, Acc: 0.9960, F1: 0.9953
2026-06-10 18:27:19,899 - INFO - Epoch 29/30
2026-06-10 18:30:07,220 - INFO - Train - Loss: 0.0378, Acc: 0.9878, F1: 0.9846
2026-06-10 18:30:07,221 - INFO - Val - Loss: 0.0156, Acc: 0.9960, F1: 0.9950
2026-06-10 18:30:07,221 - INFO - Epoch 30/30
2026-06-10 18:32:56,770 - INFO - Train - Loss: 0.0297, Acc: 0.9898, F1: 0.9873
2026-06-10 18:32:56,770 - INFO - Val - Loss: 0.0120, Acc: 0.9971, F1: 0.9965
2026-06-10 18:32:56,832 - INFO - Saved new best model with F1: 0.9965
2026-06-10 18:33:57,832 - INFO - Test - Loss: 0.0233, Acc: 0.9967, F1: 0.9965, Precision: 0.9964, Recall: 0.9966
2026-06-10 18:34:08,439 - INFO - Tomato-Village Eval - Loss: 11.3624, Acc: 0.1147, F1: 0.0646, Precision: 0.1730, Recall: 0.1534
2026-06-10 18:35:08,445 - INFO - Tomato_Leaves Eval - Loss: 8.6521, Acc: 0.0820, F1: 0.0307, Precision: 0.1288, Recall: 0.1424
2026-06-10 18:35:08,448 - INFO - Metrics saved to d:\Code\python\plant-disease-detection\results/new_processed\efficientnet_b0_metrics.json