2026-06-11 15:17:44,437 - INFO - Starting training for mobilenet_v2
2026-06-11 15:17:44,521 - INFO - Using device: cuda
2026-06-11 15:17:44,790 - INFO - Creating model: mobilenet_v2
2026-06-11 15:17:44,790 - WARNING - Failed to load via timm with name mobilenet_v2. Attempting fallback name mobilenetv2_100
2026-06-11 15:17:45,547 - INFO - Epoch 1/30
2026-06-11 15:21:19,086 - INFO - Train - Loss: 1.0692, Acc: 0.6724, F1: 0.5672
2026-06-11 15:21:19,092 - INFO - Val - Loss: 0.9651, Acc: 0.6807, F1: 0.5783
2026-06-11 15:21:19,167 - INFO - Saved new best model with F1: 0.5783
2026-06-11 15:21:19,168 - INFO - Epoch 2/30
2026-06-11 15:23:48,888 - INFO - Train - Loss: 0.4459, Acc: 0.8498, F1: 0.8027
2026-06-11 15:23:48,890 - INFO - Val - Loss: 0.9305, Acc: 0.7163, F1: 0.6324
2026-06-11 15:23:48,957 - INFO - Saved new best model with F1: 0.6324
2026-06-11 15:23:48,958 - INFO - Epoch 3/30
2026-06-11 15:26:52,621 - INFO - Train - Loss: 0.3333, Acc: 0.8878, F1: 0.8542
2026-06-11 15:26:52,622 - INFO - Val - Loss: 0.8297, Acc: 0.7824, F1: 0.7055
2026-06-11 15:26:52,658 - INFO - Saved new best model with F1: 0.7055
2026-06-11 15:26:52,658 - INFO - Epoch 4/30
2026-06-11 15:29:58,989 - INFO - Train - Loss: 0.2748, Acc: 0.9045, F1: 0.8764
2026-06-11 15:29:58,989 - INFO - Val - Loss: 0.7249, Acc: 0.7817, F1: 0.7100
2026-06-11 15:29:59,056 - INFO - Saved new best model with F1: 0.7100
2026-06-11 15:29:59,057 - INFO - Epoch 5/30
2026-06-11 15:32:54,365 - INFO - Train - Loss: 0.2277, Acc: 0.9227, F1: 0.9005
2026-06-11 15:32:54,365 - INFO - Val - Loss: 0.5829, Acc: 0.8217, F1: 0.7566
2026-06-11 15:32:54,410 - INFO - Saved new best model with F1: 0.7566
2026-06-11 15:32:54,410 - INFO - Epoch 6/30
2026-06-11 15:36:43,570 - INFO - Train - Loss: 0.2128, Acc: 0.9265, F1: 0.9061
2026-06-11 15:36:43,570 - INFO - Val - Loss: 0.8175, Acc: 0.8158, F1: 0.7598
2026-06-11 15:36:43,687 - INFO - Saved new best model with F1: 0.7598
2026-06-11 15:36:43,687 - INFO - Epoch 7/30
2026-06-11 15:40:09,980 - INFO - Train - Loss: 0.1743, Acc: 0.9388, F1: 0.9205
2026-06-11 15:40:09,981 - INFO - Val - Loss: 0.5575, Acc: 0.8382, F1: 0.7861
2026-06-11 15:40:10,031 - INFO - Saved new best model with F1: 0.7861
2026-06-11 15:40:10,031 - INFO - Epoch 8/30
2026-06-11 15:42:52,871 - INFO - Train - Loss: 0.1690, Acc: 0.9417, F1: 0.9252
2026-06-11 15:42:52,872 - INFO - Val - Loss: 0.5387, Acc: 0.8503, F1: 0.7935
2026-06-11 15:42:52,900 - INFO - Saved new best model with F1: 0.7935
2026-06-11 15:42:52,900 - INFO - Epoch 9/30
2026-06-11 15:45:25,237 - INFO - Train - Loss: 0.1543, Acc: 0.9461, F1: 0.9323
2026-06-11 15:45:25,238 - INFO - Val - Loss: 0.4528, Acc: 0.8594, F1: 0.8126
2026-06-11 15:45:25,272 - INFO - Saved new best model with F1: 0.8126
2026-06-11 15:45:25,272 - INFO - Epoch 10/30
2026-06-11 15:48:20,855 - INFO - Train - Loss: 0.1495, Acc: 0.9491, F1: 0.9351
2026-06-11 15:48:20,855 - INFO - Val - Loss: 0.4286, Acc: 0.8675, F1: 0.8238
2026-06-11 15:48:20,903 - INFO - Saved new best model with F1: 0.8238
2026-06-11 15:48:20,904 - INFO - Epoch 11/30
2026-06-11 15:50:41,013 - INFO - Train - Loss: 0.1389, Acc: 0.9518, F1: 0.9361
2026-06-11 15:50:41,013 - INFO - Val - Loss: 0.7382, Acc: 0.8437, F1: 0.7908
2026-06-11 15:50:41,013 - INFO - Epoch 12/30
2026-06-11 15:53:40,499 - INFO - Train - Loss: 0.1287, Acc: 0.9575, F1: 0.9469
2026-06-11 15:53:40,499 - INFO - Val - Loss: 0.6120, Acc: 0.8525, F1: 0.7946
2026-06-11 15:53:40,499 - INFO - Epoch 13/30
2026-06-11 15:56:06,209 - INFO - Train - Loss: 0.1160, Acc: 0.9605, F1: 0.9500
2026-06-11 15:56:06,209 - INFO - Val - Loss: 0.4145, Acc: 0.8914, F1: 0.8495
2026-06-11 15:56:06,268 - INFO - Saved new best model with F1: 0.8495
2026-06-11 15:56:06,269 - INFO - Epoch 14/30
2026-06-11 15:58:33,862 - INFO - Train - Loss: 0.1140, Acc: 0.9614, F1: 0.9513
2026-06-11 15:58:33,862 - INFO - Val - Loss: 0.5016, Acc: 0.8642, F1: 0.8196
2026-06-11 15:58:33,862 - INFO - Epoch 15/30
2026-06-11 16:01:10,047 - INFO - Train - Loss: 0.1105, Acc: 0.9623, F1: 0.9506
2026-06-11 16:01:10,048 - INFO - Val - Loss: 0.4705, Acc: 0.8727, F1: 0.8393
2026-06-11 16:01:10,048 - INFO - Epoch 16/30
2026-06-11 16:03:55,962 - INFO - Train - Loss: 0.0953, Acc: 0.9673, F1: 0.9584
2026-06-11 16:03:55,962 - INFO - Val - Loss: 0.2967, Acc: 0.9031, F1: 0.8622
2026-06-11 16:03:56,051 - INFO - Saved new best model with F1: 0.8622
2026-06-11 16:03:56,051 - INFO - Epoch 17/30
2026-06-11 16:06:50,272 - INFO - Train - Loss: 0.1080, Acc: 0.9644, F1: 0.9543
2026-06-11 16:06:50,272 - INFO - Val - Loss: 0.2711, Acc: 0.9105, F1: 0.8628
2026-06-11 16:06:50,315 - INFO - Saved new best model with F1: 0.8628
2026-06-11 16:06:50,315 - INFO - Epoch 18/30
2026-06-11 16:09:34,256 - INFO - Train - Loss: 0.0963, Acc: 0.9692, F1: 0.9600
2026-06-11 16:09:34,256 - INFO - Val - Loss: 0.2480, Acc: 0.9094, F1: 0.8760
2026-06-11 16:09:34,304 - INFO - Saved new best model with F1: 0.8760
2026-06-11 16:09:34,304 - INFO - Epoch 19/30
2026-06-11 16:11:44,346 - INFO - Train - Loss: 0.0978, Acc: 0.9665, F1: 0.9584
2026-06-11 16:11:44,346 - INFO - Val - Loss: 0.2097, Acc: 0.9266, F1: 0.9032
2026-06-11 16:11:44,380 - INFO - Saved new best model with F1: 0.9032
2026-06-11 16:11:44,380 - INFO - Epoch 20/30
2026-06-11 16:14:25,083 - INFO - Train - Loss: 0.0891, Acc: 0.9692, F1: 0.9604
2026-06-11 16:14:25,083 - INFO - Val - Loss: 0.2162, Acc: 0.9270, F1: 0.9049
2026-06-11 16:14:25,115 - INFO - Saved new best model with F1: 0.9049
2026-06-11 16:14:25,115 - INFO - Epoch 21/30
2026-06-11 16:16:48,538 - INFO - Train - Loss: 0.0909, Acc: 0.9690, F1: 0.9597
2026-06-11 16:16:48,538 - INFO - Val - Loss: 0.2361, Acc: 0.9211, F1: 0.8924
2026-06-11 16:16:48,538 - INFO - Epoch 22/30
2026-06-11 16:19:41,380 - INFO - Train - Loss: 0.0891, Acc: 0.9701, F1: 0.9589
2026-06-11 16:19:41,380 - INFO - Val - Loss: 0.1299, Acc: 0.9596, F1: 0.9444
2026-06-11 16:19:41,430 - INFO - Saved new best model with F1: 0.9444
2026-06-11 16:19:41,430 - INFO - Epoch 23/30
2026-06-11 16:22:22,308 - INFO - Train - Loss: 0.0859, Acc: 0.9695, F1: 0.9606
2026-06-11 16:22:22,308 - INFO - Val - Loss: 0.1408, Acc: 0.9530, F1: 0.9317
2026-06-11 16:22:22,308 - INFO - Epoch 24/30
2026-06-11 16:23:57,272 - INFO - Train - Loss: 0.0753, Acc: 0.9735, F1: 0.9667
2026-06-11 16:23:57,272 - INFO - Val - Loss: 0.0962, Acc: 0.9688, F1: 0.9531
2026-06-11 16:23:57,386 - INFO - Saved new best model with F1: 0.9531
2026-06-11 16:23:57,386 - INFO - Epoch 25/30
2026-06-11 16:25:32,201 - INFO - Train - Loss: 0.0832, Acc: 0.9707, F1: 0.9647
2026-06-11 16:25:32,201 - INFO - Val - Loss: 0.1404, Acc: 0.9560, F1: 0.9336
2026-06-11 16:25:32,201 - INFO - Epoch 26/30
2026-06-11 16:27:08,338 - INFO - Train - Loss: 0.0666, Acc: 0.9769, F1: 0.9711
2026-06-11 16:27:08,338 - INFO - Val - Loss: 0.0801, Acc: 0.9725, F1: 0.9601
2026-06-11 16:27:08,372 - INFO - Saved new best model with F1: 0.9601
2026-06-11 16:27:08,372 - INFO - Epoch 27/30
2026-06-11 16:28:41,051 - INFO - Train - Loss: 0.0709, Acc: 0.9756, F1: 0.9674
2026-06-11 16:28:41,051 - INFO - Val - Loss: 0.0791, Acc: 0.9758, F1: 0.9653
2026-06-11 16:28:41,081 - INFO - Saved new best model with F1: 0.9653
2026-06-11 16:28:41,081 - INFO - Epoch 28/30
2026-06-11 16:30:19,807 - INFO - Train - Loss: 0.0774, Acc: 0.9734, F1: 0.9670
2026-06-11 16:30:19,807 - INFO - Val - Loss: 0.0730, Acc: 0.9750, F1: 0.9618
2026-06-11 16:30:19,807 - INFO - Epoch 29/30
2026-06-11 16:31:54,698 - INFO - Train - Loss: 0.0719, Acc: 0.9765, F1: 0.9684
2026-06-11 16:31:54,698 - INFO - Val - Loss: 0.0798, Acc: 0.9758, F1: 0.9667
2026-06-11 16:31:54,730 - INFO - Saved new best model with F1: 0.9667
2026-06-11 16:31:54,730 - INFO - Epoch 30/30
2026-06-11 16:33:51,552 - INFO - Train - Loss: 0.0771, Acc: 0.9746, F1: 0.9688
2026-06-11 16:33:51,552 - INFO - Val - Loss: 0.1194, Acc: 0.9640, F1: 0.9451
2026-06-11 16:34:39,398 - INFO - Test - Loss: 0.0913, Acc: 0.9718, F1: 0.9642, Precision: 0.9665, Recall: 0.9634
2026-06-11 16:34:50,424 - INFO - Tomato-Village Eval - Loss: 10.1936, Acc: 0.1266, F1: 0.0765, Precision: 0.1578, Recall: 0.1607
2026-06-11 16:35:50,299 - INFO - Tomato_Leaves Eval - Loss: 10.3203, Acc: 0.0318, F1: 0.0115, Precision: 0.0865, Recall: 0.1168
2026-06-11 16:35:50,302 - INFO - Metrics saved to d:\Code\python\plant-disease-detection\results/new_processed\mobilenet_v2_metrics.json
