2026-06-11 17:24:43,079 - INFO - Starting training for mobilevit_xs
2026-06-11 17:24:43,162 - INFO - Using device: cuda
2026-06-11 17:24:43,217 - INFO - Creating model: mobilevit_xs
2026-06-11 17:24:43,888 - INFO - Epoch 1/30
2026-06-11 17:26:27,420 - INFO - Train - Loss: 1.2172, Acc: 0.7064, F1: 0.5454
2026-06-11 17:26:27,420 - INFO - Val - Loss: 0.4306, Acc: 0.8639, F1: 0.7286
2026-06-11 17:26:27,573 - INFO - Saved new best model with F1: 0.7286
2026-06-11 17:26:27,573 - INFO - Epoch 2/30
2026-06-11 17:28:34,828 - INFO - Train - Loss: 0.4586, Acc: 0.8715, F1: 0.7834
2026-06-11 17:28:34,829 - INFO - Val - Loss: 0.1657, Acc: 0.9519, F1: 0.9297
2026-06-11 17:28:34,883 - INFO - Saved new best model with F1: 0.9297
2026-06-11 17:28:34,883 - INFO - Epoch 3/30
2026-06-11 17:31:02,806 - INFO - Train - Loss: 0.3143, Acc: 0.9103, F1: 0.8722
2026-06-11 17:31:02,806 - INFO - Val - Loss: 0.0905, Acc: 0.9750, F1: 0.9689
2026-06-11 17:31:02,841 - INFO - Saved new best model with F1: 0.9689
2026-06-11 17:31:02,841 - INFO - Epoch 4/30
2026-06-11 17:33:18,105 - INFO - Train - Loss: 0.2599, Acc: 0.9258, F1: 0.8995
2026-06-11 17:33:18,105 - INFO - Val - Loss: 0.1113, Acc: 0.9637, F1: 0.9537
2026-06-11 17:33:18,106 - INFO - Epoch 5/30
2026-06-11 17:35:28,721 - INFO - Train - Loss: 0.2189, Acc: 0.9363, F1: 0.9144
2026-06-11 17:35:28,721 - INFO - Val - Loss: 0.1096, Acc: 0.9659, F1: 0.9606
2026-06-11 17:35:28,721 - INFO - Epoch 6/30
2026-06-11 17:38:35,228 - INFO - Train - Loss: 0.1935, Acc: 0.9414, F1: 0.9237
2026-06-11 17:38:35,228 - INFO - Val - Loss: 0.0661, Acc: 0.9780, F1: 0.9729
2026-06-11 17:38:35,261 - INFO - Saved new best model with F1: 0.9729
2026-06-11 17:38:35,261 - INFO - Epoch 7/30
2026-06-11 17:41:41,583 - INFO - Train - Loss: 0.1682, Acc: 0.9483, F1: 0.9339
2026-06-11 17:41:41,584 - INFO - Val - Loss: 0.0364, Acc: 0.9897, F1: 0.9884
2026-06-11 17:41:41,620 - INFO - Saved new best model with F1: 0.9884
2026-06-11 17:41:41,621 - INFO - Epoch 8/30
2026-06-11 17:45:01,238 - INFO - Train - Loss: 0.1609, Acc: 0.9505, F1: 0.9355
2026-06-11 17:45:01,238 - INFO - Val - Loss: 0.0703, Acc: 0.9780, F1: 0.9767
2026-06-11 17:45:01,239 - INFO - Epoch 9/30
2026-06-11 17:48:12,324 - INFO - Train - Loss: 0.1471, Acc: 0.9559, F1: 0.9405
2026-06-11 17:48:12,324 - INFO - Val - Loss: 0.0543, Acc: 0.9831, F1: 0.9801
2026-06-11 17:48:12,324 - INFO - Epoch 10/30
2026-06-11 17:51:17,525 - INFO - Train - Loss: 0.1437, Acc: 0.9548, F1: 0.9386
2026-06-11 17:51:17,525 - INFO - Val - Loss: 0.0628, Acc: 0.9798, F1: 0.9737
2026-06-11 17:51:17,525 - INFO - Epoch 11/30
2026-06-11 17:54:08,883 - INFO - Train - Loss: 0.1274, Acc: 0.9604, F1: 0.9487
2026-06-11 17:54:08,883 - INFO - Val - Loss: 0.0301, Acc: 0.9908, F1: 0.9873
2026-06-11 17:54:08,884 - INFO - Epoch 12/30
2026-06-11 17:57:21,585 - INFO - Train - Loss: 0.1172, Acc: 0.9642, F1: 0.9533
2026-06-11 17:57:21,585 - INFO - Val - Loss: 0.0479, Acc: 0.9842, F1: 0.9806
2026-06-11 17:57:21,585 - INFO - Epoch 13/30
2026-06-11 18:00:16,813 - INFO - Train - Loss: 0.1058, Acc: 0.9687, F1: 0.9605
2026-06-11 18:00:16,813 - INFO - Val - Loss: 0.0319, Acc: 0.9890, F1: 0.9892
2026-06-11 18:00:16,888 - INFO - Saved new best model with F1: 0.9892
2026-06-11 18:00:16,888 - INFO - Epoch 14/30
2026-06-11 18:03:19,525 - INFO - Train - Loss: 0.1005, Acc: 0.9689, F1: 0.9610
2026-06-11 18:03:19,527 - INFO - Val - Loss: 0.0315, Acc: 0.9897, F1: 0.9882
2026-06-11 18:03:19,527 - INFO - Epoch 15/30
2026-06-11 18:06:26,682 - INFO - Train - Loss: 0.0979, Acc: 0.9695, F1: 0.9602
2026-06-11 18:06:26,682 - INFO - Val - Loss: 0.0388, Acc: 0.9897, F1: 0.9889
2026-06-11 18:06:26,682 - INFO - Epoch 16/30
2026-06-11 18:09:17,980 - INFO - Train - Loss: 0.0971, Acc: 0.9697, F1: 0.9608
2026-06-11 18:09:17,980 - INFO - Val - Loss: 0.0429, Acc: 0.9861, F1: 0.9804
2026-06-11 18:09:17,981 - INFO - Epoch 17/30
2026-06-11 18:11:58,920 - INFO - Train - Loss: 0.1012, Acc: 0.9699, F1: 0.9604
2026-06-11 18:11:58,920 - INFO - Val - Loss: 0.0307, Acc: 0.9908, F1: 0.9880
2026-06-11 18:11:58,920 - INFO - Epoch 18/30
2026-06-11 18:15:03,337 - INFO - Train - Loss: 0.0838, Acc: 0.9744, F1: 0.9662
2026-06-11 18:15:03,337 - INFO - Val - Loss: 0.0393, Acc: 0.9875, F1: 0.9851
2026-06-11 18:15:03,338 - INFO - Epoch 19/30
2026-06-11 18:18:05,789 - INFO - Train - Loss: 0.0858, Acc: 0.9737, F1: 0.9661
2026-06-11 18:18:05,789 - INFO - Val - Loss: 0.0345, Acc: 0.9894, F1: 0.9869
2026-06-11 18:18:05,789 - INFO - Epoch 20/30
2026-06-11 18:21:09,934 - INFO - Train - Loss: 0.0764, Acc: 0.9765, F1: 0.9698
2026-06-11 18:21:09,934 - INFO - Val - Loss: 0.0276, Acc: 0.9923, F1: 0.9911
2026-06-11 18:21:10,031 - INFO - Saved new best model with F1: 0.9911
2026-06-11 18:21:10,032 - INFO - Epoch 21/30
2026-06-11 18:23:40,688 - INFO - Train - Loss: 0.0775, Acc: 0.9754, F1: 0.9676
2026-06-11 18:23:40,689 - INFO - Val - Loss: 0.0366, Acc: 0.9890, F1: 0.9881
2026-06-11 18:23:40,689 - INFO - Epoch 22/30
2026-06-11 18:26:48,932 - INFO - Train - Loss: 0.0718, Acc: 0.9777, F1: 0.9701
2026-06-11 18:26:48,932 - INFO - Val - Loss: 0.0373, Acc: 0.9868, F1: 0.9831
2026-06-11 18:26:48,932 - INFO - Epoch 23/30
2026-06-11 18:29:19,314 - INFO - Train - Loss: 0.0731, Acc: 0.9765, F1: 0.9698
2026-06-11 18:29:19,314 - INFO - Val - Loss: 0.0312, Acc: 0.9908, F1: 0.9893
2026-06-11 18:29:19,314 - INFO - Epoch 24/30
2026-06-11 18:32:07,473 - INFO - Train - Loss: 0.0773, Acc: 0.9760, F1: 0.9691
2026-06-11 18:32:07,473 - INFO - Val - Loss: 0.0245, Acc: 0.9927, F1: 0.9912
2026-06-11 18:32:07,542 - INFO - Saved new best model with F1: 0.9912
2026-06-11 18:32:07,543 - INFO - Epoch 25/30
2026-06-11 18:35:09,567 - INFO - Train - Loss: 0.0641, Acc: 0.9799, F1: 0.9747
2026-06-11 18:35:09,567 - INFO - Val - Loss: 0.0197, Acc: 0.9952, F1: 0.9944
2026-06-11 18:35:09,607 - INFO - Saved new best model with F1: 0.9944
2026-06-11 18:35:09,607 - INFO - Epoch 26/30
2026-06-11 18:38:19,034 - INFO - Train - Loss: 0.0630, Acc: 0.9803, F1: 0.9745
2026-06-11 18:38:19,035 - INFO - Val - Loss: 0.0266, Acc: 0.9919, F1: 0.9905
2026-06-11 18:38:19,035 - INFO - Epoch 27/30
2026-06-11 18:41:12,742 - INFO - Train - Loss: 0.0676, Acc: 0.9789, F1: 0.9718
2026-06-11 18:41:12,742 - INFO - Val - Loss: 0.0220, Acc: 0.9938, F1: 0.9927
2026-06-11 18:41:12,743 - INFO - Epoch 28/30
2026-06-11 18:44:15,774 - INFO - Train - Loss: 0.0676, Acc: 0.9787, F1: 0.9723
2026-06-11 18:44:15,774 - INFO - Val - Loss: 0.0341, Acc: 0.9897, F1: 0.9891
2026-06-11 18:44:15,776 - INFO - Epoch 29/30
2026-06-11 18:46:51,241 - INFO - Train - Loss: 0.0702, Acc: 0.9788, F1: 0.9726
2026-06-11 18:46:51,241 - INFO - Val - Loss: 0.0247, Acc: 0.9934, F1: 0.9920
2026-06-11 18:46:51,242 - INFO - Epoch 30/30
2026-06-11 18:49:38,223 - INFO - Train - Loss: 0.0636, Acc: 0.9806, F1: 0.9747
2026-06-11 18:49:38,223 - INFO - Val - Loss: 0.0281, Acc: 0.9912, F1: 0.9892
2026-06-11 18:50:50,600 - INFO - Test - Loss: 0.0266, Acc: 0.9916, F1: 0.9907, Precision: 0.9902, Recall: 0.9915
2026-06-11 18:51:02,680 - INFO - Tomato-Village Eval - Loss: 6.5011, Acc: 0.1262, F1: 0.0876, Precision: 0.1707, Recall: 0.1634
2026-06-11 18:52:00,894 - INFO - Tomato_Leaves Eval - Loss: 5.5337, Acc: 0.0993, F1: 0.0546, Precision: 0.1401, Recall: 0.0339
2026-06-11 18:52:00,896 - INFO - Metrics saved to d:\Code\python\plant-disease-detection\results/new_processed\mobilevit_xs_metrics.json
