2026-06-11 16:36:35,137 - INFO - Starting training for mobilenet_v3_small
2026-06-11 16:36:35,214 - INFO - Using device: cuda
2026-06-11 16:36:35,271 - INFO - Creating model: mobilenet_v3_small
2026-06-11 16:36:35,271 - WARNING - Failed to load via timm with name mobilenet_v3_small. Attempting fallback name mobilenetv3_small_100
2026-06-11 16:36:36,008 - INFO - Epoch 1/30
2026-06-11 16:38:23,977 - INFO - Train - Loss: 0.7907, Acc: 0.7660, F1: 0.6976
2026-06-11 16:38:23,977 - INFO - Val - Loss: 1.8213, Acc: 0.6121, F1: 0.5164
2026-06-11 16:38:24,028 - INFO - Saved new best model with F1: 0.5164
2026-06-11 16:38:24,028 - INFO - Epoch 2/30
2026-06-11 16:40:23,880 - INFO - Train - Loss: 0.2916, Acc: 0.8986, F1: 0.8685
2026-06-11 16:40:23,881 - INFO - Val - Loss: 0.3444, Acc: 0.8954, F1: 0.8269
2026-06-11 16:40:23,912 - INFO - Saved new best model with F1: 0.8269
2026-06-11 16:40:23,912 - INFO - Epoch 3/30
2026-06-11 16:42:01,085 - INFO - Train - Loss: 0.2481, Acc: 0.9152, F1: 0.8908
2026-06-11 16:42:01,085 - INFO - Val - Loss: 0.3663, Acc: 0.8870, F1: 0.8165
2026-06-11 16:42:01,086 - INFO - Epoch 4/30
2026-06-11 16:43:48,843 - INFO - Train - Loss: 0.1987, Acc: 0.9323, F1: 0.9118
2026-06-11 16:43:48,843 - INFO - Val - Loss: 0.1378, Acc: 0.9571, F1: 0.9441
2026-06-11 16:43:48,871 - INFO - Saved new best model with F1: 0.9441
2026-06-11 16:43:48,871 - INFO - Epoch 5/30
2026-06-11 16:45:27,448 - INFO - Train - Loss: 0.1596, Acc: 0.9452, F1: 0.9296
2026-06-11 16:45:27,449 - INFO - Val - Loss: 0.0608, Acc: 0.9817, F1: 0.9764
2026-06-11 16:45:27,473 - INFO - Saved new best model with F1: 0.9764
2026-06-11 16:45:27,473 - INFO - Epoch 6/30
2026-06-11 16:47:01,325 - INFO - Train - Loss: 0.1427, Acc: 0.9518, F1: 0.9393
2026-06-11 16:47:01,326 - INFO - Val - Loss: 0.1414, Acc: 0.9618, F1: 0.9434
2026-06-11 16:47:01,326 - INFO - Epoch 7/30
2026-06-11 16:48:39,225 - INFO - Train - Loss: 0.1683, Acc: 0.9447, F1: 0.9293
2026-06-11 16:48:39,225 - INFO - Val - Loss: 0.1101, Acc: 0.9684, F1: 0.9620
2026-06-11 16:48:39,225 - INFO - Epoch 8/30
2026-06-11 16:50:05,175 - INFO - Train - Loss: 0.1555, Acc: 0.9492, F1: 0.9343
2026-06-11 16:50:05,175 - INFO - Val - Loss: 0.0786, Acc: 0.9754, F1: 0.9735
2026-06-11 16:50:05,176 - INFO - Epoch 9/30
2026-06-11 16:51:29,018 - INFO - Train - Loss: 0.1182, Acc: 0.9597, F1: 0.9497
2026-06-11 16:51:29,018 - INFO - Val - Loss: 0.1069, Acc: 0.9706, F1: 0.9622
2026-06-11 16:51:29,018 - INFO - Epoch 10/30
2026-06-11 16:52:53,898 - INFO - Train - Loss: 0.0896, Acc: 0.9718, F1: 0.9641
2026-06-11 16:52:53,898 - INFO - Val - Loss: 0.0343, Acc: 0.9908, F1: 0.9886
2026-06-11 16:52:53,925 - INFO - Saved new best model with F1: 0.9886
2026-06-11 16:52:53,925 - INFO - Epoch 11/30
2026-06-11 16:54:17,846 - INFO - Train - Loss: 0.0875, Acc: 0.9693, F1: 0.9616
2026-06-11 16:54:17,846 - INFO - Val - Loss: 0.0403, Acc: 0.9905, F1: 0.9864
2026-06-11 16:54:17,846 - INFO - Epoch 12/30
2026-06-11 16:55:41,787 - INFO - Train - Loss: 0.0868, Acc: 0.9701, F1: 0.9620
2026-06-11 16:55:41,788 - INFO - Val - Loss: 0.0317, Acc: 0.9927, F1: 0.9908
2026-06-11 16:55:41,813 - INFO - Saved new best model with F1: 0.9908
2026-06-11 16:55:41,813 - INFO - Epoch 13/30
2026-06-11 16:57:06,710 - INFO - Train - Loss: 0.0787, Acc: 0.9728, F1: 0.9657
2026-06-11 16:57:06,710 - INFO - Val - Loss: 0.0359, Acc: 0.9894, F1: 0.9881
2026-06-11 16:57:06,710 - INFO - Epoch 14/30
2026-06-11 16:58:33,851 - INFO - Train - Loss: 0.0736, Acc: 0.9750, F1: 0.9672
2026-06-11 16:58:33,851 - INFO - Val - Loss: 0.0461, Acc: 0.9872, F1: 0.9838
2026-06-11 16:58:33,851 - INFO - Epoch 15/30
2026-06-11 16:59:59,415 - INFO - Train - Loss: 0.0729, Acc: 0.9765, F1: 0.9708
2026-06-11 16:59:59,416 - INFO - Val - Loss: 0.0482, Acc: 0.9875, F1: 0.9848
2026-06-11 16:59:59,416 - INFO - Epoch 16/30
2026-06-11 17:01:34,071 - INFO - Train - Loss: 0.0768, Acc: 0.9750, F1: 0.9690
2026-06-11 17:01:34,071 - INFO - Val - Loss: 0.0561, Acc: 0.9839, F1: 0.9788
2026-06-11 17:01:34,071 - INFO - Epoch 17/30
2026-06-11 17:03:02,769 - INFO - Train - Loss: 0.0616, Acc: 0.9784, F1: 0.9735
2026-06-11 17:03:02,770 - INFO - Val - Loss: 0.0341, Acc: 0.9912, F1: 0.9882
2026-06-11 17:03:02,770 - INFO - Epoch 18/30
2026-06-11 17:04:35,531 - INFO - Train - Loss: 0.0601, Acc: 0.9800, F1: 0.9737
2026-06-11 17:04:35,531 - INFO - Val - Loss: 0.0377, Acc: 0.9908, F1: 0.9890
2026-06-11 17:04:35,531 - INFO - Epoch 19/30
2026-06-11 17:06:00,800 - INFO - Train - Loss: 0.0543, Acc: 0.9825, F1: 0.9773
2026-06-11 17:06:00,800 - INFO - Val - Loss: 0.0242, Acc: 0.9938, F1: 0.9928
2026-06-11 17:06:00,824 - INFO - Saved new best model with F1: 0.9928
2026-06-11 17:06:00,824 - INFO - Epoch 20/30
2026-06-11 17:07:29,602 - INFO - Train - Loss: 0.0490, Acc: 0.9831, F1: 0.9776
2026-06-11 17:07:29,602 - INFO - Val - Loss: 0.0404, Acc: 0.9890, F1: 0.9868
2026-06-11 17:07:29,603 - INFO - Epoch 21/30
2026-06-11 17:09:03,070 - INFO - Train - Loss: 0.0483, Acc: 0.9840, F1: 0.9799
2026-06-11 17:09:03,070 - INFO - Val - Loss: 0.0320, Acc: 0.9916, F1: 0.9899
2026-06-11 17:09:03,070 - INFO - Epoch 22/30
2026-06-11 17:10:34,835 - INFO - Train - Loss: 0.0528, Acc: 0.9812, F1: 0.9768
2026-06-11 17:10:34,835 - INFO - Val - Loss: 0.0435, Acc: 0.9875, F1: 0.9848
2026-06-11 17:10:34,835 - INFO - Epoch 23/30
2026-06-11 17:12:04,637 - INFO - Train - Loss: 0.0490, Acc: 0.9837, F1: 0.9788
2026-06-11 17:12:04,637 - INFO - Val - Loss: 0.0252, Acc: 0.9927, F1: 0.9917
2026-06-11 17:12:04,637 - INFO - Epoch 24/30
2026-06-11 17:13:34,268 - INFO - Train - Loss: 0.0454, Acc: 0.9842, F1: 0.9807
2026-06-11 17:13:34,268 - INFO - Val - Loss: 0.0252, Acc: 0.9949, F1: 0.9944
2026-06-11 17:13:34,341 - INFO - Saved new best model with F1: 0.9944
2026-06-11 17:13:34,342 - INFO - Epoch 25/30
2026-06-11 17:15:04,829 - INFO - Train - Loss: 0.0411, Acc: 0.9855, F1: 0.9815
2026-06-11 17:15:04,829 - INFO - Val - Loss: 0.0292, Acc: 0.9927, F1: 0.9924
2026-06-11 17:15:04,829 - INFO - Epoch 26/30
2026-06-11 17:16:38,362 - INFO - Train - Loss: 0.0478, Acc: 0.9831, F1: 0.9788
2026-06-11 17:16:38,363 - INFO - Val - Loss: 0.0226, Acc: 0.9956, F1: 0.9954
2026-06-11 17:16:38,385 - INFO - Saved new best model with F1: 0.9954
2026-06-11 17:16:38,385 - INFO - Epoch 27/30
2026-06-11 17:18:09,577 - INFO - Train - Loss: 0.0388, Acc: 0.9869, F1: 0.9834
2026-06-11 17:18:09,577 - INFO - Val - Loss: 0.0295, Acc: 0.9938, F1: 0.9933
2026-06-11 17:18:09,578 - INFO - Epoch 28/30
2026-06-11 17:19:43,051 - INFO - Train - Loss: 0.0420, Acc: 0.9868, F1: 0.9833
2026-06-11 17:19:43,051 - INFO - Val - Loss: 0.0275, Acc: 0.9945, F1: 0.9930
2026-06-11 17:19:43,051 - INFO - Epoch 29/30
2026-06-11 17:21:06,367 - INFO - Train - Loss: 0.0397, Acc: 0.9861, F1: 0.9831
2026-06-11 17:21:06,367 - INFO - Val - Loss: 0.0314, Acc: 0.9930, F1: 0.9921
2026-06-11 17:21:06,368 - INFO - Epoch 30/30
2026-06-11 17:22:33,126 - INFO - Train - Loss: 0.0418, Acc: 0.9861, F1: 0.9826
2026-06-11 17:22:33,126 - INFO - Val - Loss: 0.0237, Acc: 0.9938, F1: 0.9930
2026-06-11 17:23:12,732 - INFO - Test - Loss: 0.0348, Acc: 0.9945, F1: 0.9943, Precision: 0.9939, Recall: 0.9947
2026-06-11 17:23:21,975 - INFO - Tomato-Village Eval - Loss: 10.1034, Acc: 0.0860, F1: 0.0416, Precision: 0.0768, Recall: 0.1225
2026-06-11 17:24:20,940 - INFO - Tomato_Leaves Eval - Loss: 6.2122, Acc: 0.1302, F1: 0.0379, Precision: 0.0774, Recall: 0.1355
2026-06-11 17:24:20,942 - INFO - Metrics saved to d:\Code\python\plant-disease-detection\results/new_processed\mobilenet_v3_small_metrics.json
