2026-06-12 15:35:30,944 - INFO - Starting training for resnet50
2026-06-12 15:35:31,026 - INFO - Using device: cuda
2026-06-12 15:35:31,303 - INFO - Creating model: resnet50
2026-06-12 15:35:32,468 - INFO - Epoch 1/30
2026-06-12 15:39:30,190 - INFO - Train - Loss: 1.5550, Acc: 0.4755, F1: 0.2789
2026-06-12 15:39:30,196 - INFO - Val - Loss: 0.7744, Acc: 0.7314, F1: 0.4876
2026-06-12 15:39:30,405 - INFO - Saved new best model with F1: 0.4876
2026-06-12 15:39:30,407 - INFO - Epoch 2/30
2026-06-12 15:43:04,484 - INFO - Train - Loss: 0.6355, Acc: 0.7982, F1: 0.6809
2026-06-12 15:43:04,485 - INFO - Val - Loss: 0.2969, Acc: 0.9013, F1: 0.8391
2026-06-12 15:43:04,616 - INFO - Saved new best model with F1: 0.8391
2026-06-12 15:43:04,617 - INFO - Epoch 3/30
2026-06-12 15:46:47,015 - INFO - Train - Loss: 0.3712, Acc: 0.8811, F1: 0.8369
2026-06-12 15:46:47,015 - INFO - Val - Loss: 0.1629, Acc: 0.9461, F1: 0.9228
2026-06-12 15:46:47,136 - INFO - Saved new best model with F1: 0.9228
2026-06-12 15:46:47,137 - INFO - Epoch 4/30
2026-06-12 15:50:13,959 - INFO - Train - Loss: 0.2970, Acc: 0.9003, F1: 0.8723
2026-06-12 15:50:13,960 - INFO - Val - Loss: 0.0887, Acc: 0.9728, F1: 0.9645
2026-06-12 15:50:14,099 - INFO - Saved new best model with F1: 0.9645
2026-06-12 15:50:14,099 - INFO - Epoch 5/30
2026-06-12 15:53:29,522 - INFO - Train - Loss: 0.2482, Acc: 0.9187, F1: 0.8938
2026-06-12 15:53:29,522 - INFO - Val - Loss: 0.1096, Acc: 0.9644, F1: 0.9521
2026-06-12 15:53:29,522 - INFO - Epoch 6/30
2026-06-12 15:55:47,643 - INFO - Train - Loss: 0.2158, Acc: 0.9304, F1: 0.9094
2026-06-12 15:55:47,644 - INFO - Val - Loss: 0.0730, Acc: 0.9780, F1: 0.9704
2026-06-12 15:55:47,783 - INFO - Saved new best model with F1: 0.9704
2026-06-12 15:55:47,783 - INFO - Epoch 7/30
2026-06-12 15:58:00,304 - INFO - Train - Loss: 0.1891, Acc: 0.9366, F1: 0.9185
2026-06-12 15:58:00,304 - INFO - Val - Loss: 0.0539, Acc: 0.9831, F1: 0.9772
2026-06-12 15:58:00,420 - INFO - Saved new best model with F1: 0.9772
2026-06-12 15:58:00,420 - INFO - Epoch 8/30
2026-06-12 16:00:17,567 - INFO - Train - Loss: 0.1840, Acc: 0.9381, F1: 0.9212
2026-06-12 16:00:17,567 - INFO - Val - Loss: 0.0654, Acc: 0.9824, F1: 0.9780
2026-06-12 16:00:17,684 - INFO - Saved new best model with F1: 0.9780
2026-06-12 16:00:17,684 - INFO - Epoch 9/30
2026-06-12 16:02:27,969 - INFO - Train - Loss: 0.1521, Acc: 0.9495, F1: 0.9359
2026-06-12 16:02:27,970 - INFO - Val - Loss: 0.0491, Acc: 0.9831, F1: 0.9766
2026-06-12 16:02:27,970 - INFO - Epoch 10/30
2026-06-12 16:04:56,883 - INFO - Train - Loss: 0.1507, Acc: 0.9502, F1: 0.9376
2026-06-12 16:04:56,883 - INFO - Val - Loss: 0.0464, Acc: 0.9868, F1: 0.9806
2026-06-12 16:04:57,005 - INFO - Saved new best model with F1: 0.9806
2026-06-12 16:04:57,006 - INFO - Epoch 11/30
2026-06-12 16:07:09,820 - INFO - Train - Loss: 0.1418, Acc: 0.9519, F1: 0.9396
2026-06-12 16:07:09,820 - INFO - Val - Loss: 0.0601, Acc: 0.9794, F1: 0.9716
2026-06-12 16:07:09,820 - INFO - Epoch 12/30
2026-06-12 16:09:25,247 - INFO - Train - Loss: 0.1353, Acc: 0.9544, F1: 0.9421
2026-06-12 16:09:25,247 - INFO - Val - Loss: 0.0472, Acc: 0.9828, F1: 0.9750
2026-06-12 16:09:25,247 - INFO - Epoch 13/30
2026-06-12 16:11:33,694 - INFO - Train - Loss: 0.1262, Acc: 0.9573, F1: 0.9468
2026-06-12 16:11:33,695 - INFO - Val - Loss: 0.0392, Acc: 0.9864, F1: 0.9809
2026-06-12 16:11:33,830 - INFO - Saved new best model with F1: 0.9809
2026-06-12 16:11:33,830 - INFO - Epoch 14/30
2026-06-12 16:13:54,092 - INFO - Train - Loss: 0.1130, Acc: 0.9637, F1: 0.9540
2026-06-12 16:13:54,092 - INFO - Val - Loss: 0.0373, Acc: 0.9872, F1: 0.9829
2026-06-12 16:13:54,210 - INFO - Saved new best model with F1: 0.9829
2026-06-12 16:13:54,210 - INFO - Epoch 15/30
2026-06-12 16:16:14,774 - INFO - Train - Loss: 0.1036, Acc: 0.9666, F1: 0.9583
2026-06-12 16:16:14,775 - INFO - Val - Loss: 0.0323, Acc: 0.9905, F1: 0.9869
2026-06-12 16:16:14,887 - INFO - Saved new best model with F1: 0.9869
2026-06-12 16:16:14,887 - INFO - Epoch 16/30
2026-06-12 16:18:18,832 - INFO - Train - Loss: 0.1076, Acc: 0.9645, F1: 0.9548
2026-06-12 16:18:18,832 - INFO - Val - Loss: 0.0356, Acc: 0.9872, F1: 0.9821
2026-06-12 16:18:18,832 - INFO - Epoch 17/30
2026-06-12 16:20:25,337 - INFO - Train - Loss: 0.1049, Acc: 0.9662, F1: 0.9573
2026-06-12 16:20:25,337 - INFO - Val - Loss: 0.0297, Acc: 0.9912, F1: 0.9875
2026-06-12 16:20:25,451 - INFO - Saved new best model with F1: 0.9875
2026-06-12 16:20:25,451 - INFO - Epoch 18/30
2026-06-12 16:22:32,027 - INFO - Train - Loss: 0.0969, Acc: 0.9672, F1: 0.9589
2026-06-12 16:22:32,027 - INFO - Val - Loss: 0.0406, Acc: 0.9883, F1: 0.9819
2026-06-12 16:22:32,028 - INFO - Epoch 19/30
2026-06-12 16:24:35,372 - INFO - Train - Loss: 0.0925, Acc: 0.9692, F1: 0.9604
2026-06-12 16:24:35,373 - INFO - Val - Loss: 0.0309, Acc: 0.9908, F1: 0.9875
2026-06-12 16:24:35,373 - INFO - Epoch 20/30
2026-06-12 16:26:38,030 - INFO - Train - Loss: 0.0878, Acc: 0.9705, F1: 0.9617
2026-06-12 16:26:38,031 - INFO - Val - Loss: 0.0362, Acc: 0.9894, F1: 0.9840
2026-06-12 16:26:38,031 - INFO - Epoch 21/30
2026-06-12 16:28:44,143 - INFO - Train - Loss: 0.0910, Acc: 0.9687, F1: 0.9611
2026-06-12 16:28:44,144 - INFO - Val - Loss: 0.0368, Acc: 0.9890, F1: 0.9835
2026-06-12 16:28:44,152 - INFO - Epoch 22/30
2026-06-12 16:30:51,138 - INFO - Train - Loss: 0.0789, Acc: 0.9740, F1: 0.9673
2026-06-12 16:30:51,139 - INFO - Val - Loss: 0.0247, Acc: 0.9919, F1: 0.9879
2026-06-12 16:30:51,282 - INFO - Saved new best model with F1: 0.9879
2026-06-12 16:30:51,282 - INFO - Epoch 23/30
2026-06-12 16:32:57,171 - INFO - Train - Loss: 0.0788, Acc: 0.9726, F1: 0.9645
2026-06-12 16:32:57,171 - INFO - Val - Loss: 0.0234, Acc: 0.9923, F1: 0.9886
2026-06-12 16:32:57,283 - INFO - Saved new best model with F1: 0.9886
2026-06-12 16:32:57,284 - INFO - Epoch 24/30
2026-06-12 16:35:03,656 - INFO - Train - Loss: 0.0757, Acc: 0.9740, F1: 0.9653
2026-06-12 16:35:03,656 - INFO - Val - Loss: 0.0243, Acc: 0.9908, F1: 0.9862
2026-06-12 16:35:03,657 - INFO - Epoch 25/30
2026-06-12 16:37:08,077 - INFO - Train - Loss: 0.0733, Acc: 0.9749, F1: 0.9673
2026-06-12 16:37:08,077 - INFO - Val - Loss: 0.0187, Acc: 0.9960, F1: 0.9954
2026-06-12 16:37:08,185 - INFO - Saved new best model with F1: 0.9954
2026-06-12 16:37:08,185 - INFO - Epoch 26/30
2026-06-12 16:39:15,744 - INFO - Train - Loss: 0.0774, Acc: 0.9743, F1: 0.9684
2026-06-12 16:39:15,744 - INFO - Val - Loss: 0.0247, Acc: 0.9923, F1: 0.9894
2026-06-12 16:39:15,744 - INFO - Epoch 27/30
2026-06-12 16:41:19,461 - INFO - Train - Loss: 0.0684, Acc: 0.9780, F1: 0.9718
2026-06-12 16:41:19,461 - INFO - Val - Loss: 0.0212, Acc: 0.9945, F1: 0.9923
2026-06-12 16:41:19,461 - INFO - Epoch 28/30
2026-06-12 16:43:23,131 - INFO - Train - Loss: 0.0685, Acc: 0.9772, F1: 0.9699
2026-06-12 16:43:23,131 - INFO - Val - Loss: 0.0249, Acc: 0.9938, F1: 0.9920
2026-06-12 16:43:23,131 - INFO - Epoch 29/30
2026-06-12 16:45:27,102 - INFO - Train - Loss: 0.0682, Acc: 0.9772, F1: 0.9716
2026-06-12 16:45:27,102 - INFO - Val - Loss: 0.0197, Acc: 0.9952, F1: 0.9948
2026-06-12 16:45:27,103 - INFO - Epoch 30/30
2026-06-12 16:47:29,375 - INFO - Train - Loss: 0.0595, Acc: 0.9807, F1: 0.9755
2026-06-12 16:47:29,376 - INFO - Val - Loss: 0.0197, Acc: 0.9949, F1: 0.9928
2026-06-12 16:48:15,573 - INFO - Test - Loss: 0.0249, Acc: 0.9927, F1: 0.9912, Precision: 0.9912, Recall: 0.9912
2026-06-12 16:48:32,301 - INFO - Tomato-Village Eval - Loss: 7.8762, Acc: 0.0946, F1: 0.0558, Precision: 0.1293, Recall: 0.1221
2026-06-12 16:49:35,360 - INFO - Tomato_Leaves Eval - Loss: 6.4235, Acc: 0.0366, F1: 0.0169, Precision: 0.1041, Recall: 0.0801
2026-06-12 16:49:35,363 - INFO - Metrics saved to d:\Code\python\plant-disease-detection\results/new_processed\resnet50_metrics.json
