2026-06-07 17:36:06,078 - INFO - Starting training for efficientnet_b0
2026-06-07 17:36:06,150 - INFO - Using device: cuda
2026-06-07 17:36:06,430 - INFO - Creating model: efficientnet_b0
2026-06-07 17:36:10,815 - INFO - Epoch 1/30
2026-06-07 17:40:03,611 - INFO - Train - Loss: 0.7407, Acc: 0.7718, F1: 0.7006
2026-06-07 17:40:03,612 - INFO - Val - Loss: 0.1879, Acc: 0.9409, F1: 0.9187
2026-06-07 17:40:03,682 - INFO - Saved new best model with F1: 0.9187
2026-06-07 17:40:03,683 - INFO - Epoch 2/30
2026-06-07 17:42:08,019 - INFO - Train - Loss: 0.2666, Acc: 0.9123, F1: 0.8859
2026-06-07 17:42:08,019 - INFO - Val - Loss: 0.1155, Acc: 0.9568, F1: 0.9440
2026-06-07 17:42:08,076 - INFO - Saved new best model with F1: 0.9440
2026-06-07 17:42:08,076 - INFO - Epoch 3/30
2026-06-07 17:43:57,741 - INFO - Train - Loss: 0.1869, Acc: 0.9386, F1: 0.9200
2026-06-07 17:43:57,742 - INFO - Val - Loss: 0.0694, Acc: 0.9744, F1: 0.9659
2026-06-07 17:43:57,784 - INFO - Saved new best model with F1: 0.9659
2026-06-07 17:43:57,785 - INFO - Epoch 4/30
2026-06-07 17:45:42,923 - INFO - Train - Loss: 0.1385, Acc: 0.9542, F1: 0.9425
2026-06-07 17:45:42,924 - INFO - Val - Loss: 0.0731, Acc: 0.9753, F1: 0.9643
2026-06-07 17:45:42,924 - INFO - Epoch 5/30
2026-06-07 17:47:33,110 - INFO - Train - Loss: 0.1238, Acc: 0.9581, F1: 0.9464
2026-06-07 17:47:33,111 - INFO - Val - Loss: 0.0450, Acc: 0.9841, F1: 0.9809
2026-06-07 17:47:33,152 - INFO - Saved new best model with F1: 0.9809
2026-06-07 17:47:33,152 - INFO - Epoch 6/30
2026-06-07 17:49:21,866 - INFO - Train - Loss: 0.1097, Acc: 0.9623, F1: 0.9520
2026-06-07 17:49:21,867 - INFO - Val - Loss: 0.0233, Acc: 0.9929, F1: 0.9914
2026-06-07 17:49:21,912 - INFO - Saved new best model with F1: 0.9914
2026-06-07 17:49:21,913 - INFO - Epoch 7/30
2026-06-07 17:51:40,416 - INFO - Train - Loss: 0.0953, Acc: 0.9676, F1: 0.9600
2026-06-07 17:51:40,416 - INFO - Val - Loss: 0.0224, Acc: 0.9931, F1: 0.9916
2026-06-07 17:51:40,462 - INFO - Saved new best model with F1: 0.9916
2026-06-07 17:51:40,462 - INFO - Epoch 8/30
2026-06-07 17:54:43,759 - INFO - Train - Loss: 0.0886, Acc: 0.9690, F1: 0.9595
2026-06-07 17:54:43,759 - INFO - Val - Loss: 0.0175, Acc: 0.9945, F1: 0.9924
2026-06-07 17:54:43,820 - INFO - Saved new best model with F1: 0.9924
2026-06-07 17:54:43,820 - INFO - Epoch 9/30
2026-06-07 17:57:41,849 - INFO - Train - Loss: 0.0775, Acc: 0.9739, F1: 0.9670
2026-06-07 17:57:41,850 - INFO - Val - Loss: 0.0176, Acc: 0.9948, F1: 0.9944
2026-06-07 17:57:41,899 - INFO - Saved new best model with F1: 0.9944
2026-06-07 17:57:41,899 - INFO - Epoch 10/30
2026-06-07 18:00:44,530 - INFO - Train - Loss: 0.0805, Acc: 0.9734, F1: 0.9661
2026-06-07 18:00:44,531 - INFO - Val - Loss: 0.0143, Acc: 0.9956, F1: 0.9944
2026-06-07 18:00:44,531 - INFO - Epoch 11/30
2026-06-07 18:03:35,848 - INFO - Train - Loss: 0.0701, Acc: 0.9758, F1: 0.9698
2026-06-07 18:03:35,848 - INFO - Val - Loss: 0.0362, Acc: 0.9874, F1: 0.9847
2026-06-07 18:03:35,848 - INFO - Epoch 12/30
2026-06-07 18:06:29,170 - INFO - Train - Loss: 0.0725, Acc: 0.9756, F1: 0.9690
2026-06-07 18:06:29,170 - INFO - Val - Loss: 0.0244, Acc: 0.9920, F1: 0.9886
2026-06-07 18:06:29,170 - INFO - Epoch 13/30
2026-06-07 18:09:28,176 - INFO - Train - Loss: 0.0629, Acc: 0.9788, F1: 0.9726
2026-06-07 18:09:28,178 - INFO - Val - Loss: 0.0213, Acc: 0.9934, F1: 0.9913
2026-06-07 18:09:28,178 - INFO - Epoch 14/30
2026-06-07 18:12:59,064 - INFO - Train - Loss: 0.0534, Acc: 0.9812, F1: 0.9756
2026-06-07 18:12:59,065 - INFO - Val - Loss: 0.0110, Acc: 0.9956, F1: 0.9923
2026-06-07 18:12:59,065 - INFO - Epoch 15/30
2026-06-07 18:16:25,288 - INFO - Train - Loss: 0.0502, Acc: 0.9831, F1: 0.9779
2026-06-07 18:16:25,289 - INFO - Val - Loss: 0.0087, Acc: 0.9967, F1: 0.9957
2026-06-07 18:16:25,417 - INFO - Saved new best model with F1: 0.9957
2026-06-07 18:16:25,417 - INFO - Epoch 16/30
2026-06-07 18:19:40,034 - INFO - Train - Loss: 0.0497, Acc: 0.9818, F1: 0.9768
2026-06-07 18:19:40,039 - INFO - Val - Loss: 0.0070, Acc: 0.9975, F1: 0.9970
2026-06-07 18:19:40,171 - INFO - Saved new best model with F1: 0.9970
2026-06-07 18:19:40,172 - INFO - Epoch 17/30
2026-06-07 18:22:47,786 - INFO - Train - Loss: 0.0441, Acc: 0.9851, F1: 0.9806
2026-06-07 18:22:47,786 - INFO - Val - Loss: 0.0118, Acc: 0.9964, F1: 0.9957
2026-06-07 18:22:47,786 - INFO - Epoch 18/30
2026-06-07 18:25:53,081 - INFO - Train - Loss: 0.0425, Acc: 0.9857, F1: 0.9820
2026-06-07 18:25:53,083 - INFO - Val - Loss: 0.0078, Acc: 0.9973, F1: 0.9967
2026-06-07 18:25:53,083 - INFO - Epoch 19/30
2026-06-07 18:28:59,822 - INFO - Train - Loss: 0.0379, Acc: 0.9875, F1: 0.9850
2026-06-07 18:28:59,822 - INFO - Val - Loss: 0.0060, Acc: 0.9978, F1: 0.9974
2026-06-07 18:28:59,883 - INFO - Saved new best model with F1: 0.9974
2026-06-07 18:28:59,883 - INFO - Epoch 20/30
2026-06-07 18:32:12,904 - INFO - Train - Loss: 0.0425, Acc: 0.9850, F1: 0.9809
2026-06-07 18:32:12,904 - INFO - Val - Loss: 0.0061, Acc: 0.9975, F1: 0.9969
2026-06-07 18:32:12,904 - INFO - Epoch 21/30
2026-06-07 18:35:18,545 - INFO - Train - Loss: 0.0404, Acc: 0.9868, F1: 0.9815
2026-06-07 18:35:18,546 - INFO - Val - Loss: 0.0065, Acc: 0.9981, F1: 0.9977
2026-06-07 18:35:18,608 - INFO - Saved new best model with F1: 0.9977
2026-06-07 18:35:18,608 - INFO - Epoch 22/30
2026-06-07 18:38:18,857 - INFO - Train - Loss: 0.0471, Acc: 0.9842, F1: 0.9791
2026-06-07 18:38:18,858 - INFO - Val - Loss: 0.0054, Acc: 0.9984, F1: 0.9982
2026-06-07 18:38:18,911 - INFO - Saved new best model with F1: 0.9982
2026-06-07 18:38:18,912 - INFO - Epoch 23/30
2026-06-07 18:41:44,332 - INFO - Train - Loss: 0.0404, Acc: 0.9865, F1: 0.9827
2026-06-07 18:41:44,333 - INFO - Val - Loss: 0.0059, Acc: 0.9981, F1: 0.9978
2026-06-07 18:41:44,333 - INFO - Epoch 24/30
2026-06-07 18:45:05,554 - INFO - Train - Loss: 0.0411, Acc: 0.9862, F1: 0.9825
2026-06-07 18:45:05,554 - INFO - Val - Loss: 0.0066, Acc: 0.9981, F1: 0.9976
2026-06-07 18:45:05,554 - INFO - Epoch 25/30
2026-06-07 18:48:16,101 - INFO - Train - Loss: 0.0410, Acc: 0.9857, F1: 0.9823
2026-06-07 18:48:16,101 - INFO - Val - Loss: 0.0060, Acc: 0.9986, F1: 0.9984
2026-06-07 18:48:16,186 - INFO - Saved new best model with F1: 0.9984
2026-06-07 18:48:16,186 - INFO - Epoch 26/30
2026-06-07 18:51:31,394 - INFO - Train - Loss: 0.0329, Acc: 0.9882, F1: 0.9843
2026-06-07 18:51:31,395 - INFO - Val - Loss: 0.0032, Acc: 0.9986, F1: 0.9984
2026-06-07 18:51:31,458 - INFO - Saved new best model with F1: 0.9984
2026-06-07 18:51:31,458 - INFO - Epoch 27/30
2026-06-07 18:54:44,616 - INFO - Train - Loss: 0.0350, Acc: 0.9875, F1: 0.9846
2026-06-07 18:54:44,617 - INFO - Val - Loss: 0.0069, Acc: 0.9975, F1: 0.9972
2026-06-07 18:54:44,617 - INFO - Epoch 28/30
2026-06-07 18:58:05,567 - INFO - Train - Loss: 0.0343, Acc: 0.9883, F1: 0.9850
2026-06-07 18:58:05,568 - INFO - Val - Loss: 0.0064, Acc: 0.9975, F1: 0.9972
2026-06-07 18:58:05,568 - INFO - Epoch 29/30
2026-06-07 19:01:25,065 - INFO - Train - Loss: 0.0350, Acc: 0.9880, F1: 0.9841
2026-06-07 19:01:25,066 - INFO - Val - Loss: 0.0088, Acc: 0.9964, F1: 0.9961
2026-06-07 19:01:25,066 - INFO - Epoch 30/30
2026-06-07 19:04:56,175 - INFO - Train - Loss: 0.0327, Acc: 0.9895, F1: 0.9866
2026-06-07 19:04:56,179 - INFO - Val - Loss: 0.0048, Acc: 0.9978, F1: 0.9969
2026-06-07 19:06:50,026 - INFO - Test - Loss: 5.1602, Acc: 0.0981, F1: 0.0304, Precision: 0.1058, Recall: 0.1029
2026-06-07 19:06:50,035 - INFO - Metrics saved to d:\Code\python\plant-disease-detection\results\efficientnet_b0_metrics.json
