2026-06-08 17:27:53,017 - INFO - Starting training for mobilevit_xs
2026-06-08 17:27:53,080 - INFO - Using device: cuda
2026-06-08 17:27:53,157 - INFO - Creating model: mobilevit_xs
2026-06-08 17:27:56,681 - INFO - Epoch 1/30
2026-06-08 17:30:22,539 - INFO - Train - Loss: 1.1536, Acc: 0.7177, F1: 0.5471
2026-06-08 17:30:22,539 - INFO - Val - Loss: 0.4266, Acc: 0.8730, F1: 0.7284
2026-06-08 17:30:22,595 - INFO - Saved new best model with F1: 0.7284
2026-06-08 17:30:22,596 - INFO - Epoch 2/30
2026-06-08 17:32:40,702 - INFO - Train - Loss: 0.4627, Acc: 0.8717, F1: 0.7621
2026-06-08 17:32:40,702 - INFO - Val - Loss: 0.1674, Acc: 0.9549, F1: 0.9168
2026-06-08 17:32:40,733 - INFO - Saved new best model with F1: 0.9168
2026-06-08 17:32:40,734 - INFO - Epoch 3/30
2026-06-08 17:35:07,864 - INFO - Train - Loss: 0.3191, Acc: 0.9112, F1: 0.8720
2026-06-08 17:35:07,864 - INFO - Val - Loss: 0.1036, Acc: 0.9706, F1: 0.9569
2026-06-08 17:35:07,915 - INFO - Saved new best model with F1: 0.9569
2026-06-08 17:35:07,915 - INFO - Epoch 4/30
2026-06-08 17:37:36,453 - INFO - Train - Loss: 0.2605, Acc: 0.9256, F1: 0.9002
2026-06-08 17:37:36,454 - INFO - Val - Loss: 0.0767, Acc: 0.9775, F1: 0.9698
2026-06-08 17:37:36,500 - INFO - Saved new best model with F1: 0.9698
2026-06-08 17:37:36,501 - INFO - Epoch 5/30
2026-06-08 17:40:02,879 - INFO - Train - Loss: 0.2200, Acc: 0.9351, F1: 0.9142
2026-06-08 17:40:02,879 - INFO - Val - Loss: 0.1092, Acc: 0.9656, F1: 0.9518
2026-06-08 17:40:02,879 - INFO - Epoch 6/30
2026-06-08 17:42:27,328 - INFO - Train - Loss: 0.1850, Acc: 0.9457, F1: 0.9282
2026-06-08 17:42:27,329 - INFO - Val - Loss: 0.0591, Acc: 0.9821, F1: 0.9747
2026-06-08 17:42:27,392 - INFO - Saved new best model with F1: 0.9747
2026-06-08 17:42:27,392 - INFO - Epoch 7/30
2026-06-08 17:44:53,654 - INFO - Train - Loss: 0.1753, Acc: 0.9461, F1: 0.9281
2026-06-08 17:44:53,654 - INFO - Val - Loss: 0.0546, Acc: 0.9843, F1: 0.9811
2026-06-08 17:44:53,747 - INFO - Saved new best model with F1: 0.9811
2026-06-08 17:44:53,748 - INFO - Epoch 8/30
2026-06-08 17:48:02,716 - INFO - Train - Loss: 0.1497, Acc: 0.9548, F1: 0.9407
2026-06-08 17:48:02,718 - INFO - Val - Loss: 0.0373, Acc: 0.9893, F1: 0.9856
2026-06-08 17:48:02,771 - INFO - Saved new best model with F1: 0.9856
2026-06-08 17:48:02,771 - INFO - Epoch 9/30
2026-06-08 17:51:09,128 - INFO - Train - Loss: 0.1388, Acc: 0.9574, F1: 0.9436
2026-06-08 17:51:09,129 - INFO - Val - Loss: 0.0407, Acc: 0.9871, F1: 0.9849
2026-06-08 17:51:09,132 - INFO - Epoch 10/30
2026-06-08 17:53:50,274 - INFO - Train - Loss: 0.1384, Acc: 0.9594, F1: 0.9478
2026-06-08 17:53:50,275 - INFO - Val - Loss: 0.0365, Acc: 0.9871, F1: 0.9836
2026-06-08 17:53:50,275 - INFO - Epoch 11/30
2026-06-08 17:56:55,385 - INFO - Train - Loss: 0.1202, Acc: 0.9645, F1: 0.9552
2026-06-08 17:56:55,385 - INFO - Val - Loss: 0.0235, Acc: 0.9912, F1: 0.9882
2026-06-08 17:56:55,437 - INFO - Saved new best model with F1: 0.9882
2026-06-08 17:56:55,437 - INFO - Epoch 12/30
2026-06-08 17:59:57,371 - INFO - Train - Loss: 0.1202, Acc: 0.9618, F1: 0.9493
2026-06-08 17:59:57,372 - INFO - Val - Loss: 0.0338, Acc: 0.9901, F1: 0.9876
2026-06-08 17:59:57,372 - INFO - Epoch 13/30
2026-06-08 18:03:04,014 - INFO - Train - Loss: 0.1164, Acc: 0.9639, F1: 0.9534
2026-06-08 18:03:04,014 - INFO - Val - Loss: 0.0610, Acc: 0.9799, F1: 0.9727
2026-06-08 18:03:04,014 - INFO - Epoch 14/30
2026-06-08 18:05:51,718 - INFO - Train - Loss: 0.1064, Acc: 0.9653, F1: 0.9551
2026-06-08 18:05:51,719 - INFO - Val - Loss: 0.0307, Acc: 0.9918, F1: 0.9894
2026-06-08 18:05:51,783 - INFO - Saved new best model with F1: 0.9894
2026-06-08 18:05:51,783 - INFO - Epoch 15/30
2026-06-08 18:09:04,917 - INFO - Train - Loss: 0.1018, Acc: 0.9683, F1: 0.9581
2026-06-08 18:09:04,917 - INFO - Val - Loss: 0.0634, Acc: 0.9808, F1: 0.9767
2026-06-08 18:09:04,918 - INFO - Epoch 16/30
2026-06-08 18:12:16,621 - INFO - Train - Loss: 0.0940, Acc: 0.9709, F1: 0.9624
2026-06-08 18:12:16,622 - INFO - Val - Loss: 0.0247, Acc: 0.9915, F1: 0.9888
2026-06-08 18:12:16,622 - INFO - Epoch 17/30
2026-06-08 18:15:08,512 - INFO - Train - Loss: 0.0968, Acc: 0.9705, F1: 0.9617
2026-06-08 18:15:08,515 - INFO - Val - Loss: 0.0431, Acc: 0.9854, F1: 0.9818
2026-06-08 18:15:08,515 - INFO - Epoch 18/30
2026-06-08 18:17:59,709 - INFO - Train - Loss: 0.0875, Acc: 0.9723, F1: 0.9639
2026-06-08 18:17:59,710 - INFO - Val - Loss: 0.0202, Acc: 0.9940, F1: 0.9924
2026-06-08 18:17:59,897 - INFO - Saved new best model with F1: 0.9924
2026-06-08 18:17:59,898 - INFO - Epoch 19/30
2026-06-08 18:21:06,656 - INFO - Train - Loss: 0.0860, Acc: 0.9740, F1: 0.9662
2026-06-08 18:21:06,656 - INFO - Val - Loss: 0.0244, Acc: 0.9920, F1: 0.9883
2026-06-08 18:21:06,656 - INFO - Epoch 20/30
2026-06-08 18:24:16,672 - INFO - Train - Loss: 0.0892, Acc: 0.9714, F1: 0.9639
2026-06-08 18:24:16,673 - INFO - Val - Loss: 0.0255, Acc: 0.9918, F1: 0.9898
2026-06-08 18:24:16,673 - INFO - Epoch 21/30
2026-06-08 18:27:02,962 - INFO - Train - Loss: 0.0803, Acc: 0.9747, F1: 0.9675
2026-06-08 18:27:02,965 - INFO - Val - Loss: 0.0190, Acc: 0.9926, F1: 0.9906
2026-06-08 18:27:02,965 - INFO - Epoch 22/30
2026-06-08 18:29:28,193 - INFO - Train - Loss: 0.0815, Acc: 0.9737, F1: 0.9664
2026-06-08 18:29:28,196 - INFO - Val - Loss: 0.0138, Acc: 0.9964, F1: 0.9958
2026-06-08 18:29:28,676 - INFO - Saved new best model with F1: 0.9958
2026-06-08 18:29:28,677 - INFO - Epoch 23/30
2026-06-08 18:32:38,873 - INFO - Train - Loss: 0.0780, Acc: 0.9756, F1: 0.9698
2026-06-08 18:32:38,874 - INFO - Val - Loss: 0.0361, Acc: 0.9896, F1: 0.9866
2026-06-08 18:32:38,874 - INFO - Epoch 24/30
2026-06-08 18:35:57,405 - INFO - Train - Loss: 0.0724, Acc: 0.9769, F1: 0.9697
2026-06-08 18:35:57,406 - INFO - Val - Loss: 0.0166, Acc: 0.9948, F1: 0.9910
2026-06-08 18:35:57,406 - INFO - Epoch 25/30
2026-06-08 18:39:03,650 - INFO - Train - Loss: 0.0738, Acc: 0.9778, F1: 0.9714
2026-06-08 18:39:03,658 - INFO - Val - Loss: 0.0163, Acc: 0.9951, F1: 0.9938
2026-06-08 18:39:03,658 - INFO - Epoch 26/30
2026-06-08 18:42:14,783 - INFO - Train - Loss: 0.0771, Acc: 0.9747, F1: 0.9673
2026-06-08 18:42:14,784 - INFO - Val - Loss: 0.0316, Acc: 0.9915, F1: 0.9872
2026-06-08 18:42:14,785 - INFO - Epoch 27/30
2026-06-08 18:45:26,302 - INFO - Train - Loss: 0.0620, Acc: 0.9808, F1: 0.9759
2026-06-08 18:45:26,314 - INFO - Val - Loss: 0.0126, Acc: 0.9967, F1: 0.9960
2026-06-08 18:45:26,480 - INFO - Saved new best model with F1: 0.9960
2026-06-08 18:45:26,480 - INFO - Epoch 28/30
2026-06-08 18:48:34,774 - INFO - Train - Loss: 0.0543, Acc: 0.9830, F1: 0.9764
2026-06-08 18:48:34,774 - INFO - Val - Loss: 0.0110, Acc: 0.9962, F1: 0.9940
2026-06-08 18:48:34,774 - INFO - Epoch 29/30
2026-06-08 18:51:41,315 - INFO - Train - Loss: 0.0514, Acc: 0.9839, F1: 0.9800
2026-06-08 18:51:41,318 - INFO - Val - Loss: 0.0098, Acc: 0.9970, F1: 0.9965
2026-06-08 18:51:41,387 - INFO - Saved new best model with F1: 0.9965
2026-06-08 18:51:41,387 - INFO - Epoch 30/30
2026-06-08 18:54:52,474 - INFO - Train - Loss: 0.0508, Acc: 0.9843, F1: 0.9796
2026-06-08 18:54:52,486 - INFO - Val - Loss: 0.0140, Acc: 0.9964, F1: 0.9962
2026-06-08 18:56:28,053 - INFO - Test - Loss: 4.8192, Acc: 0.0424, F1: 0.0118, Precision: 0.0737, Recall: 0.0863
2026-06-08 18:56:28,071 - INFO - Metrics saved to d:\Code\python\plant-disease-detection\results\mobilevit_xs_metrics.json
