2026-06-08 15:01:01,348 - INFO - Starting training for mobilenet_v2
2026-06-08 15:01:01,450 - INFO - Using device: cuda
2026-06-08 15:01:01,775 - INFO - Creating model: mobilenet_v2
2026-06-08 15:01:01,775 - WARNING - Failed to load via timm with name mobilenet_v2. Attempting fallback name mobilenetv2_100
2026-06-08 15:01:05,726 - INFO - Epoch 1/30
2026-06-08 15:04:41,478 - INFO - Starting training for mobilenet_v2
2026-06-08 15:04:41,504 - INFO - Using device: cuda
2026-06-08 15:04:42,042 - INFO - Creating model: mobilenet_v2
2026-06-08 15:04:42,042 - WARNING - Failed to load via timm with name mobilenet_v2. Attempting fallback name mobilenetv2_100
2026-06-08 15:04:42,784 - INFO - Epoch 1/30
2026-06-08 15:07:48,757 - INFO - Train - Loss: 0.9408, Acc: 0.7095, F1: 0.6131
2026-06-08 15:07:48,757 - INFO - Val - Loss: 1.1024, Acc: 0.6866, F1: 0.5998
2026-06-08 15:07:48,808 - INFO - Saved new best model with F1: 0.5998
2026-06-08 15:07:48,809 - INFO - Epoch 2/30
2026-06-08 15:10:43,034 - INFO - Train - Loss: 0.4256, Acc: 0.8583, F1: 0.8111
2026-06-08 15:10:43,034 - INFO - Val - Loss: 0.9016, Acc: 0.7528, F1: 0.6874
2026-06-08 15:10:43,070 - INFO - Saved new best model with F1: 0.6874
2026-06-08 15:10:43,070 - INFO - Epoch 3/30
2026-06-08 15:13:23,951 - INFO - Train - Loss: 0.3087, Acc: 0.8955, F1: 0.8638
2026-06-08 15:13:23,951 - INFO - Val - Loss: 0.7568, Acc: 0.7811, F1: 0.7244
2026-06-08 15:13:23,980 - INFO - Saved new best model with F1: 0.7244
2026-06-08 15:13:23,980 - INFO - Epoch 4/30
2026-06-08 15:15:57,769 - INFO - Train - Loss: 0.2453, Acc: 0.9159, F1: 0.8921
2026-06-08 15:15:57,769 - INFO - Val - Loss: 0.7517, Acc: 0.7954, F1: 0.7435
2026-06-08 15:15:57,800 - INFO - Saved new best model with F1: 0.7435
2026-06-08 15:15:57,801 - INFO - Epoch 5/30
2026-06-08 15:18:40,683 - INFO - Train - Loss: 0.2275, Acc: 0.9207, F1: 0.8986
2026-06-08 15:18:40,683 - INFO - Val - Loss: 0.5188, Acc: 0.8359, F1: 0.7876
2026-06-08 15:18:40,714 - INFO - Saved new best model with F1: 0.7876
2026-06-08 15:18:40,714 - INFO - Epoch 6/30
2026-06-08 15:21:33,433 - INFO - Train - Loss: 0.1929, Acc: 0.9338, F1: 0.9156
2026-06-08 15:21:33,434 - INFO - Val - Loss: 0.4833, Acc: 0.8345, F1: 0.7847
2026-06-08 15:21:33,434 - INFO - Epoch 7/30
2026-06-08 15:24:07,277 - INFO - Train - Loss: 0.1770, Acc: 0.9388, F1: 0.9215
2026-06-08 15:24:07,277 - INFO - Val - Loss: 0.4615, Acc: 0.8713, F1: 0.8267
2026-06-08 15:24:07,327 - INFO - Saved new best model with F1: 0.8267
2026-06-08 15:24:07,327 - INFO - Epoch 8/30
2026-06-08 15:27:03,811 - INFO - Train - Loss: 0.1581, Acc: 0.9449, F1: 0.9306
2026-06-08 15:27:03,811 - INFO - Val - Loss: 0.5277, Acc: 0.8578, F1: 0.8177
2026-06-08 15:27:03,813 - INFO - Epoch 9/30
2026-06-08 15:29:24,925 - INFO - Train - Loss: 0.1496, Acc: 0.9476, F1: 0.9327
2026-06-08 15:29:24,926 - INFO - Val - Loss: 0.5507, Acc: 0.8507, F1: 0.8003
2026-06-08 15:29:24,926 - INFO - Epoch 10/30
2026-06-08 15:32:23,566 - INFO - Train - Loss: 0.1264, Acc: 0.9566, F1: 0.9452
2026-06-08 15:32:23,567 - INFO - Val - Loss: 0.4521, Acc: 0.8562, F1: 0.8108
2026-06-08 15:32:23,567 - INFO - Epoch 11/30
2026-06-08 15:35:07,298 - INFO - Train - Loss: 0.1176, Acc: 0.9605, F1: 0.9495
2026-06-08 15:35:07,299 - INFO - Val - Loss: 0.3532, Acc: 0.8856, F1: 0.8563
2026-06-08 15:35:07,345 - INFO - Saved new best model with F1: 0.8563
2026-06-08 15:35:07,345 - INFO - Epoch 12/30
2026-06-08 15:38:10,568 - INFO - Train - Loss: 0.1181, Acc: 0.9603, F1: 0.9494
2026-06-08 15:38:10,568 - INFO - Val - Loss: 0.2550, Acc: 0.9082, F1: 0.8762
2026-06-08 15:38:10,622 - INFO - Saved new best model with F1: 0.8762
2026-06-08 15:38:10,622 - INFO - Epoch 13/30
2026-06-08 15:40:52,936 - INFO - Train - Loss: 0.1117, Acc: 0.9614, F1: 0.9513
2026-06-08 15:40:52,936 - INFO - Val - Loss: 0.3445, Acc: 0.8864, F1: 0.8580
2026-06-08 15:40:52,937 - INFO - Epoch 14/30
2026-06-08 15:43:30,231 - INFO - Train - Loss: 0.1116, Acc: 0.9636, F1: 0.9518
2026-06-08 15:43:30,231 - INFO - Val - Loss: 0.4556, Acc: 0.8793, F1: 0.8507
2026-06-08 15:43:30,231 - INFO - Epoch 15/30
2026-06-08 15:46:07,323 - INFO - Train - Loss: 0.1023, Acc: 0.9647, F1: 0.9544
2026-06-08 15:46:07,323 - INFO - Val - Loss: 0.2917, Acc: 0.9040, F1: 0.8737
2026-06-08 15:46:07,323 - INFO - Epoch 16/30
2026-06-08 15:48:52,538 - INFO - Train - Loss: 0.1045, Acc: 0.9635, F1: 0.9555
2026-06-08 15:48:52,538 - INFO - Val - Loss: 0.2282, Acc: 0.9227, F1: 0.9003
2026-06-08 15:48:52,577 - INFO - Saved new best model with F1: 0.9003
2026-06-08 15:48:52,578 - INFO - Epoch 17/30
2026-06-08 15:51:39,388 - INFO - Train - Loss: 0.0842, Acc: 0.9722, F1: 0.9641
2026-06-08 15:51:39,388 - INFO - Val - Loss: 0.1281, Acc: 0.9582, F1: 0.9455
2026-06-08 15:51:39,426 - INFO - Saved new best model with F1: 0.9455
2026-06-08 15:51:39,426 - INFO - Epoch 18/30
2026-06-08 15:54:17,277 - INFO - Train - Loss: 0.0928, Acc: 0.9698, F1: 0.9610
2026-06-08 15:54:17,277 - INFO - Val - Loss: 0.1670, Acc: 0.9420, F1: 0.9229
2026-06-08 15:54:17,277 - INFO - Epoch 19/30
2026-06-08 15:56:59,045 - INFO - Train - Loss: 0.0896, Acc: 0.9694, F1: 0.9613
2026-06-08 15:56:59,046 - INFO - Val - Loss: 0.2065, Acc: 0.9291, F1: 0.9003
2026-06-08 15:56:59,046 - INFO - Epoch 20/30
2026-06-08 15:59:32,786 - INFO - Train - Loss: 0.0879, Acc: 0.9694, F1: 0.9618
2026-06-08 15:59:32,786 - INFO - Val - Loss: 0.1627, Acc: 0.9439, F1: 0.9244
2026-06-08 15:59:32,786 - INFO - Epoch 21/30
2026-06-08 16:02:11,602 - INFO - Train - Loss: 0.0730, Acc: 0.9746, F1: 0.9681
2026-06-08 16:02:11,602 - INFO - Val - Loss: 0.1409, Acc: 0.9513, F1: 0.9361
2026-06-08 16:02:11,602 - INFO - Epoch 22/30
2026-06-08 16:04:38,774 - INFO - Train - Loss: 0.0797, Acc: 0.9722, F1: 0.9653
2026-06-08 16:04:38,774 - INFO - Val - Loss: 0.1341, Acc: 0.9538, F1: 0.9381
2026-06-08 16:04:38,774 - INFO - Epoch 23/30
2026-06-08 16:07:13,461 - INFO - Train - Loss: 0.0706, Acc: 0.9756, F1: 0.9693
2026-06-08 16:07:13,461 - INFO - Val - Loss: 0.1293, Acc: 0.9579, F1: 0.9436
2026-06-08 16:07:13,461 - INFO - Epoch 24/30
2026-06-08 16:09:46,200 - INFO - Train - Loss: 0.0658, Acc: 0.9769, F1: 0.9708
2026-06-08 16:09:46,200 - INFO - Val - Loss: 0.1192, Acc: 0.9612, F1: 0.9468
2026-06-08 16:09:46,413 - INFO - Saved new best model with F1: 0.9468
2026-06-08 16:09:46,413 - INFO - Epoch 25/30
2026-06-08 16:12:22,036 - INFO - Train - Loss: 0.0676, Acc: 0.9776, F1: 0.9720
2026-06-08 16:12:22,037 - INFO - Val - Loss: 0.1294, Acc: 0.9579, F1: 0.9411
2026-06-08 16:12:22,037 - INFO - Epoch 26/30
2026-06-08 16:15:04,277 - INFO - Train - Loss: 0.0626, Acc: 0.9790, F1: 0.9730
2026-06-08 16:15:04,277 - INFO - Val - Loss: 0.1249, Acc: 0.9610, F1: 0.9448
2026-06-08 16:15:04,277 - INFO - Epoch 27/30
2026-06-08 16:17:27,000 - INFO - Train - Loss: 0.0598, Acc: 0.9799, F1: 0.9739
2026-06-08 16:17:27,000 - INFO - Val - Loss: 0.1369, Acc: 0.9546, F1: 0.9389
2026-06-08 16:17:27,000 - INFO - Epoch 28/30
2026-06-08 16:19:25,440 - INFO - Train - Loss: 0.0568, Acc: 0.9813, F1: 0.9750
2026-06-08 16:19:25,440 - INFO - Val - Loss: 0.1648, Acc: 0.9472, F1: 0.9249
2026-06-08 16:19:25,440 - INFO - Epoch 29/30
2026-06-08 16:21:58,085 - INFO - Train - Loss: 0.0575, Acc: 0.9804, F1: 0.9748
2026-06-08 16:21:58,085 - INFO - Val - Loss: 0.1256, Acc: 0.9590, F1: 0.9425
2026-06-08 16:21:58,085 - INFO - Epoch 30/30
2026-06-08 16:24:27,084 - INFO - Train - Loss: 0.0533, Acc: 0.9828, F1: 0.9779
2026-06-08 16:24:27,085 - INFO - Val - Loss: 0.1407, Acc: 0.9549, F1: 0.9368
2026-06-08 16:25:55,242 - INFO - Test - Loss: 8.2933, Acc: 0.0526, F1: 0.0177, Precision: 0.0749, Recall: 0.0764
2026-06-08 16:25:55,247 - INFO - Metrics saved to d:\Code\python\plant-disease-detection\results\mobilenet_v2_metrics.json
