2026-06-08 16:26:23,071 - INFO - Starting training for mobilenet_v3_small
2026-06-08 16:26:23,149 - INFO - Using device: cuda
2026-06-08 16:26:23,212 - INFO - Creating model: mobilenet_v3_small
2026-06-08 16:26:23,212 - WARNING - Failed to load via timm with name mobilenet_v3_small. Attempting fallback name mobilenetv3_small_100
2026-06-08 16:26:26,699 - INFO - Epoch 1/30
2026-06-08 16:28:24,239 - INFO - Train - Loss: 0.7089, Acc: 0.7874, F1: 0.7219
2026-06-08 16:28:24,239 - INFO - Val - Loss: 0.3128, Acc: 0.8922, F1: 0.8337
2026-06-08 16:28:24,342 - INFO - Saved new best model with F1: 0.8337
2026-06-08 16:28:24,343 - INFO - Epoch 2/30
2026-06-08 16:29:56,633 - INFO - Train - Loss: 0.2832, Acc: 0.9034, F1: 0.8760
2026-06-08 16:29:56,640 - INFO - Val - Loss: 0.1540, Acc: 0.9489, F1: 0.9193
2026-06-08 16:29:56,666 - INFO - Saved new best model with F1: 0.9193
2026-06-08 16:29:56,666 - INFO - Epoch 3/30
2026-06-08 16:31:30,350 - INFO - Train - Loss: 0.2085, Acc: 0.9276, F1: 0.9058
2026-06-08 16:31:30,351 - INFO - Val - Loss: 0.1187, Acc: 0.9579, F1: 0.9334
2026-06-08 16:31:30,375 - INFO - Saved new best model with F1: 0.9334
2026-06-08 16:31:30,375 - INFO - Epoch 4/30
2026-06-08 16:33:13,231 - INFO - Train - Loss: 0.1829, Acc: 0.9367, F1: 0.9183
2026-06-08 16:33:13,231 - INFO - Val - Loss: 0.0916, Acc: 0.9645, F1: 0.9511
2026-06-08 16:33:13,259 - INFO - Saved new best model with F1: 0.9511
2026-06-08 16:33:13,259 - INFO - Epoch 5/30
2026-06-08 16:35:03,824 - INFO - Train - Loss: 0.1604, Acc: 0.9459, F1: 0.9296
2026-06-08 16:35:03,824 - INFO - Val - Loss: 0.1301, Acc: 0.9538, F1: 0.9322
2026-06-08 16:35:03,825 - INFO - Epoch 6/30
2026-06-08 16:36:48,168 - INFO - Train - Loss: 0.1496, Acc: 0.9467, F1: 0.9325
2026-06-08 16:36:48,169 - INFO - Val - Loss: 0.0487, Acc: 0.9810, F1: 0.9729
2026-06-08 16:36:48,194 - INFO - Saved new best model with F1: 0.9729
2026-06-08 16:36:48,194 - INFO - Epoch 7/30
2026-06-08 16:38:26,005 - INFO - Train - Loss: 0.1394, Acc: 0.9524, F1: 0.9392
2026-06-08 16:38:26,005 - INFO - Val - Loss: 0.1079, Acc: 0.9695, F1: 0.9632
2026-06-08 16:38:26,005 - INFO - Epoch 8/30
2026-06-08 16:40:07,667 - INFO - Train - Loss: 0.1308, Acc: 0.9538, F1: 0.9413
2026-06-08 16:40:07,667 - INFO - Val - Loss: 0.1336, Acc: 0.9568, F1: 0.9513
2026-06-08 16:40:07,669 - INFO - Epoch 9/30
2026-06-08 16:41:49,088 - INFO - Train - Loss: 0.1271, Acc: 0.9570, F1: 0.9463
2026-06-08 16:41:49,089 - INFO - Val - Loss: 0.0872, Acc: 0.9703, F1: 0.9613
2026-06-08 16:41:49,089 - INFO - Epoch 10/30
2026-06-08 16:43:30,927 - INFO - Train - Loss: 0.1116, Acc: 0.9614, F1: 0.9496
2026-06-08 16:43:30,927 - INFO - Val - Loss: 0.0613, Acc: 0.9788, F1: 0.9744
2026-06-08 16:43:30,964 - INFO - Saved new best model with F1: 0.9744
2026-06-08 16:43:30,964 - INFO - Epoch 11/30
2026-06-08 16:45:01,920 - INFO - Train - Loss: 0.1065, Acc: 0.9639, F1: 0.9531
2026-06-08 16:45:01,920 - INFO - Val - Loss: 0.0726, Acc: 0.9780, F1: 0.9721
2026-06-08 16:45:01,921 - INFO - Epoch 12/30
2026-06-08 16:46:33,381 - INFO - Train - Loss: 0.1067, Acc: 0.9641, F1: 0.9537
2026-06-08 16:46:33,382 - INFO - Val - Loss: 0.0488, Acc: 0.9824, F1: 0.9784
2026-06-08 16:46:33,408 - INFO - Saved new best model with F1: 0.9784
2026-06-08 16:46:33,408 - INFO - Epoch 13/30
2026-06-08 16:48:09,408 - INFO - Train - Loss: 0.1074, Acc: 0.9633, F1: 0.9537
2026-06-08 16:48:09,409 - INFO - Val - Loss: 0.0637, Acc: 0.9794, F1: 0.9696
2026-06-08 16:48:09,409 - INFO - Epoch 14/30
2026-06-08 16:49:58,094 - INFO - Train - Loss: 0.1020, Acc: 0.9650, F1: 0.9565
2026-06-08 16:49:58,094 - INFO - Val - Loss: 0.0405, Acc: 0.9874, F1: 0.9852
2026-06-08 16:49:58,131 - INFO - Saved new best model with F1: 0.9852
2026-06-08 16:49:58,131 - INFO - Epoch 15/30
2026-06-08 16:52:09,917 - INFO - Train - Loss: 0.0959, Acc: 0.9680, F1: 0.9607
2026-06-08 16:52:09,919 - INFO - Val - Loss: 0.0891, Acc: 0.9703, F1: 0.9615
2026-06-08 16:52:09,919 - INFO - Epoch 16/30
2026-06-08 16:54:26,279 - INFO - Train - Loss: 0.0938, Acc: 0.9672, F1: 0.9593
2026-06-08 16:54:26,279 - INFO - Val - Loss: 0.0264, Acc: 0.9898, F1: 0.9871
2026-06-08 16:54:26,362 - INFO - Saved new best model with F1: 0.9871
2026-06-08 16:54:26,362 - INFO - Epoch 17/30
2026-06-08 16:56:36,389 - INFO - Train - Loss: 0.0916, Acc: 0.9684, F1: 0.9582
2026-06-08 16:56:36,390 - INFO - Val - Loss: 0.0888, Acc: 0.9717, F1: 0.9648
2026-06-08 16:56:36,390 - INFO - Epoch 18/30
2026-06-08 16:58:45,646 - INFO - Train - Loss: 0.0946, Acc: 0.9674, F1: 0.9595
2026-06-08 16:58:45,646 - INFO - Val - Loss: 0.0400, Acc: 0.9854, F1: 0.9826
2026-06-08 16:58:45,647 - INFO - Epoch 19/30
2026-06-08 17:00:56,820 - INFO - Train - Loss: 0.0855, Acc: 0.9717, F1: 0.9644
2026-06-08 17:00:56,821 - INFO - Val - Loss: 0.0166, Acc: 0.9953, F1: 0.9939
2026-06-08 17:00:56,888 - INFO - Saved new best model with F1: 0.9939
2026-06-08 17:00:56,889 - INFO - Epoch 20/30
2026-06-08 17:03:07,920 - INFO - Train - Loss: 0.0809, Acc: 0.9718, F1: 0.9636
2026-06-08 17:03:07,921 - INFO - Val - Loss: 0.0240, Acc: 0.9901, F1: 0.9873
2026-06-08 17:03:07,921 - INFO - Epoch 21/30
2026-06-08 17:05:18,930 - INFO - Train - Loss: 0.0830, Acc: 0.9728, F1: 0.9657
2026-06-08 17:05:18,930 - INFO - Val - Loss: 0.0315, Acc: 0.9874, F1: 0.9826
2026-06-08 17:05:18,932 - INFO - Epoch 22/30
2026-06-08 17:07:33,520 - INFO - Train - Loss: 0.0848, Acc: 0.9717, F1: 0.9642
2026-06-08 17:07:33,521 - INFO - Val - Loss: 0.0364, Acc: 0.9863, F1: 0.9770
2026-06-08 17:07:33,521 - INFO - Epoch 23/30
2026-06-08 17:09:46,138 - INFO - Train - Loss: 0.0755, Acc: 0.9742, F1: 0.9678
2026-06-08 17:09:46,139 - INFO - Val - Loss: 0.0444, Acc: 0.9863, F1: 0.9815
2026-06-08 17:09:46,141 - INFO - Epoch 24/30
2026-06-08 17:12:01,821 - INFO - Train - Loss: 0.0552, Acc: 0.9803, F1: 0.9762
2026-06-08 17:12:01,822 - INFO - Val - Loss: 0.0120, Acc: 0.9967, F1: 0.9948
2026-06-08 17:12:01,889 - INFO - Saved new best model with F1: 0.9948
2026-06-08 17:12:01,889 - INFO - Epoch 25/30
2026-06-08 17:14:12,724 - INFO - Train - Loss: 0.0486, Acc: 0.9829, F1: 0.9772
2026-06-08 17:14:12,725 - INFO - Val - Loss: 0.0070, Acc: 0.9981, F1: 0.9978
2026-06-08 17:14:12,871 - INFO - Saved new best model with F1: 0.9978
2026-06-08 17:14:12,871 - INFO - Epoch 26/30
2026-06-08 17:16:21,412 - INFO - Train - Loss: 0.0509, Acc: 0.9839, F1: 0.9797
2026-06-08 17:16:21,412 - INFO - Val - Loss: 0.0122, Acc: 0.9962, F1: 0.9958
2026-06-08 17:16:21,413 - INFO - Epoch 27/30
2026-06-08 17:18:31,787 - INFO - Train - Loss: 0.0431, Acc: 0.9853, F1: 0.9807
2026-06-08 17:18:31,788 - INFO - Val - Loss: 0.0136, Acc: 0.9951, F1: 0.9947
2026-06-08 17:18:31,788 - INFO - Epoch 28/30
2026-06-08 17:20:43,329 - INFO - Train - Loss: 0.0461, Acc: 0.9837, F1: 0.9785
2026-06-08 17:20:43,331 - INFO - Val - Loss: 0.0152, Acc: 0.9956, F1: 0.9947
2026-06-08 17:20:43,331 - INFO - Epoch 29/30
2026-06-08 17:22:56,541 - INFO - Train - Loss: 0.0422, Acc: 0.9857, F1: 0.9816
2026-06-08 17:22:56,543 - INFO - Val - Loss: 0.0141, Acc: 0.9959, F1: 0.9945
2026-06-08 17:22:56,543 - INFO - Epoch 30/30
2026-06-08 17:25:08,682 - INFO - Train - Loss: 0.0401, Acc: 0.9867, F1: 0.9825
2026-06-08 17:25:08,682 - INFO - Val - Loss: 0.0077, Acc: 0.9978, F1: 0.9974
2026-06-08 17:26:25,244 - INFO - Test - Loss: 5.3916, Acc: 0.0711, F1: 0.0228, Precision: 0.0992, Recall: 0.0668
2026-06-08 17:26:25,314 - INFO - Metrics saved to d:\Code\python\plant-disease-detection\results\mobilenet_v3_small_metrics.json
