2026-06-09 04:58:00,040 - INFO - Starting training for resnet50
2026-06-09 04:58:00,118 - INFO - Using device: cuda
2026-06-09 04:58:00,424 - INFO - Creating model: resnet50
2026-06-09 04:58:01,422 - INFO - Epoch 1/30
2026-06-09 15:18:47,356 - INFO - Starting training for resnet50
2026-06-09 15:18:47,435 - INFO - Using device: cuda
2026-06-09 15:18:47,751 - INFO - Creating model: resnet50
2026-06-09 15:18:48,861 - INFO - Epoch 1/30
2026-06-09 15:22:57,718 - INFO - Train - Loss: 1.4843, Acc: 0.4967, F1: 0.2953
2026-06-09 15:22:57,742 - INFO - Val - Loss: 0.6719, Acc: 0.7679, F1: 0.5466
2026-06-09 15:22:57,942 - INFO - Saved new best model with F1: 0.5466
2026-06-09 15:22:57,942 - INFO - Epoch 2/30
2026-06-09 15:26:52,923 - INFO - Train - Loss: 0.5900, Acc: 0.8093, F1: 0.6993
2026-06-09 15:26:52,924 - INFO - Val - Loss: 0.1899, Acc: 0.9436, F1: 0.9141
2026-06-09 15:26:53,104 - INFO - Saved new best model with F1: 0.9141
2026-06-09 15:26:53,104 - INFO - Epoch 3/30
2026-06-09 15:30:25,998 - INFO - Train - Loss: 0.3481, Acc: 0.8893, F1: 0.8531
2026-06-09 15:30:25,999 - INFO - Val - Loss: 0.1195, Acc: 0.9654, F1: 0.9526
2026-06-09 15:30:26,150 - INFO - Saved new best model with F1: 0.9526
2026-06-09 15:30:26,151 - INFO - Epoch 4/30
2026-06-09 15:33:50,228 - INFO - Train - Loss: 0.2673, Acc: 0.9148, F1: 0.8859
2026-06-09 15:33:50,229 - INFO - Val - Loss: 0.0946, Acc: 0.9692, F1: 0.9604
2026-06-09 15:33:50,383 - INFO - Saved new best model with F1: 0.9604
2026-06-09 15:33:50,383 - INFO - Epoch 5/30
2026-06-09 15:37:15,555 - INFO - Train - Loss: 0.2256, Acc: 0.9266, F1: 0.9055
2026-06-09 15:37:15,556 - INFO - Val - Loss: 0.0613, Acc: 0.9797, F1: 0.9741
2026-06-09 15:37:15,709 - INFO - Saved new best model with F1: 0.9741
2026-06-09 15:37:15,709 - INFO - Epoch 6/30
2026-06-09 15:40:34,477 - INFO - Train - Loss: 0.2089, Acc: 0.9329, F1: 0.9148
2026-06-09 15:40:34,477 - INFO - Val - Loss: 0.0534, Acc: 0.9824, F1: 0.9767
2026-06-09 15:40:34,625 - INFO - Saved new best model with F1: 0.9767
2026-06-09 15:40:34,625 - INFO - Epoch 7/30
2026-06-09 15:43:58,301 - INFO - Train - Loss: 0.1831, Acc: 0.9389, F1: 0.9213
2026-06-09 15:43:58,301 - INFO - Val - Loss: 0.0483, Acc: 0.9830, F1: 0.9777
2026-06-09 15:43:58,462 - INFO - Saved new best model with F1: 0.9777
2026-06-09 15:43:58,462 - INFO - Epoch 8/30
2026-06-09 15:47:07,944 - INFO - Train - Loss: 0.1631, Acc: 0.9445, F1: 0.9288
2026-06-09 15:47:07,945 - INFO - Val - Loss: 0.0549, Acc: 0.9772, F1: 0.9706
2026-06-09 15:47:07,945 - INFO - Epoch 9/30
2026-06-09 15:50:33,997 - INFO - Train - Loss: 0.1482, Acc: 0.9497, F1: 0.9353
2026-06-09 15:50:33,998 - INFO - Val - Loss: 0.0368, Acc: 0.9865, F1: 0.9816
2026-06-09 15:50:34,163 - INFO - Saved new best model with F1: 0.9816
2026-06-09 15:50:34,163 - INFO - Epoch 10/30
2026-06-09 15:53:17,661 - INFO - Train - Loss: 0.1386, Acc: 0.9559, F1: 0.9432
2026-06-09 15:53:17,662 - INFO - Val - Loss: 0.0300, Acc: 0.9893, F1: 0.9861
2026-06-09 15:53:17,792 - INFO - Saved new best model with F1: 0.9861
2026-06-09 15:53:17,792 - INFO - Epoch 11/30
2026-06-09 15:56:25,035 - INFO - Train - Loss: 0.1290, Acc: 0.9583, F1: 0.9469
2026-06-09 15:56:25,035 - INFO - Val - Loss: 0.0264, Acc: 0.9901, F1: 0.9855
2026-06-09 15:56:25,035 - INFO - Epoch 12/30
2026-06-09 15:59:22,266 - INFO - Train - Loss: 0.1291, Acc: 0.9570, F1: 0.9468
2026-06-09 15:59:22,267 - INFO - Val - Loss: 0.0234, Acc: 0.9915, F1: 0.9887
2026-06-09 15:59:22,409 - INFO - Saved new best model with F1: 0.9887
2026-06-09 15:59:22,409 - INFO - Epoch 13/30
2026-06-09 16:02:42,012 - INFO - Train - Loss: 0.1110, Acc: 0.9644, F1: 0.9539
2026-06-09 16:02:42,013 - INFO - Val - Loss: 0.0222, Acc: 0.9918, F1: 0.9890
2026-06-09 16:02:42,162 - INFO - Saved new best model with F1: 0.9890
2026-06-09 16:02:42,163 - INFO - Epoch 14/30
2026-06-09 16:06:01,707 - INFO - Train - Loss: 0.0978, Acc: 0.9681, F1: 0.9599
2026-06-09 16:06:01,707 - INFO - Val - Loss: 0.0204, Acc: 0.9929, F1: 0.9906
2026-06-09 16:06:01,847 - INFO - Saved new best model with F1: 0.9906
2026-06-09 16:06:01,847 - INFO - Epoch 15/30
2026-06-09 16:09:09,259 - INFO - Train - Loss: 0.1021, Acc: 0.9652, F1: 0.9563
2026-06-09 16:09:09,260 - INFO - Val - Loss: 0.0182, Acc: 0.9923, F1: 0.9895
2026-06-09 16:09:09,260 - INFO - Epoch 16/30
2026-06-09 16:12:38,208 - INFO - Train - Loss: 0.1017, Acc: 0.9653, F1: 0.9572
2026-06-09 16:12:38,211 - INFO - Val - Loss: 0.0204, Acc: 0.9931, F1: 0.9904
2026-06-09 16:12:38,211 - INFO - Epoch 17/30
2026-06-09 16:16:18,755 - INFO - Train - Loss: 0.0929, Acc: 0.9694, F1: 0.9610
2026-06-09 16:16:18,758 - INFO - Val - Loss: 0.0253, Acc: 0.9912, F1: 0.9885
2026-06-09 16:16:18,759 - INFO - Epoch 18/30
2026-06-09 16:18:50,610 - INFO - Train - Loss: 0.0856, Acc: 0.9724, F1: 0.9651
2026-06-09 16:18:50,610 - INFO - Val - Loss: 0.0147, Acc: 0.9948, F1: 0.9928
2026-06-09 16:18:51,153 - INFO - Saved new best model with F1: 0.9928
2026-06-09 16:18:51,153 - INFO - Epoch 19/30
2026-06-09 16:22:19,964 - INFO - Train - Loss: 0.0812, Acc: 0.9737, F1: 0.9670
2026-06-09 16:22:19,964 - INFO - Val - Loss: 0.0156, Acc: 0.9940, F1: 0.9917
2026-06-09 16:22:19,965 - INFO - Epoch 20/30
2026-06-09 16:25:46,380 - INFO - Train - Loss: 0.0870, Acc: 0.9716, F1: 0.9637
2026-06-09 16:25:46,380 - INFO - Val - Loss: 0.0180, Acc: 0.9942, F1: 0.9925
2026-06-09 16:25:46,381 - INFO - Epoch 21/30
2026-06-09 16:29:19,364 - INFO - Train - Loss: 0.0828, Acc: 0.9734, F1: 0.9658
2026-06-09 16:29:19,364 - INFO - Val - Loss: 0.0158, Acc: 0.9929, F1: 0.9897
2026-06-09 16:29:19,364 - INFO - Epoch 22/30
2026-06-09 16:32:51,065 - INFO - Train - Loss: 0.0742, Acc: 0.9776, F1: 0.9719
2026-06-09 16:32:51,066 - INFO - Val - Loss: 0.0190, Acc: 0.9929, F1: 0.9914
2026-06-09 16:32:51,067 - INFO - Epoch 23/30
2026-06-09 16:36:24,008 - INFO - Train - Loss: 0.0731, Acc: 0.9754, F1: 0.9690
2026-06-09 16:36:24,009 - INFO - Val - Loss: 0.0158, Acc: 0.9937, F1: 0.9923
2026-06-09 16:36:24,009 - INFO - Epoch 24/30
2026-06-09 16:40:08,377 - INFO - Train - Loss: 0.0704, Acc: 0.9766, F1: 0.9703
2026-06-09 16:40:08,378 - INFO - Val - Loss: 0.0202, Acc: 0.9929, F1: 0.9906
2026-06-09 16:40:08,378 - INFO - Epoch 25/30
2026-06-09 16:43:46,851 - INFO - Train - Loss: 0.0631, Acc: 0.9800, F1: 0.9747
2026-06-09 16:43:46,851 - INFO - Val - Loss: 0.0169, Acc: 0.9940, F1: 0.9927
2026-06-09 16:43:46,851 - INFO - Epoch 26/30
2026-06-09 16:47:13,133 - INFO - Train - Loss: 0.0636, Acc: 0.9786, F1: 0.9729
2026-06-09 16:47:13,134 - INFO - Val - Loss: 0.0176, Acc: 0.9937, F1: 0.9918
2026-06-09 16:47:13,134 - INFO - Epoch 27/30
2026-06-09 16:50:41,102 - INFO - Train - Loss: 0.0562, Acc: 0.9819, F1: 0.9756
2026-06-09 16:50:41,102 - INFO - Val - Loss: 0.0141, Acc: 0.9951, F1: 0.9936
2026-06-09 16:50:41,272 - INFO - Saved new best model with F1: 0.9936
2026-06-09 16:50:41,272 - INFO - Epoch 28/30
2026-06-09 16:54:11,869 - INFO - Train - Loss: 0.0582, Acc: 0.9799, F1: 0.9748
2026-06-09 16:54:11,869 - INFO - Val - Loss: 0.0113, Acc: 0.9959, F1: 0.9948
2026-06-09 16:54:12,013 - INFO - Saved new best model with F1: 0.9948
2026-06-09 16:54:12,013 - INFO - Epoch 29/30
2026-06-09 16:57:46,221 - INFO - Train - Loss: 0.0586, Acc: 0.9808, F1: 0.9755
2026-06-09 16:57:46,221 - INFO - Val - Loss: 0.0122, Acc: 0.9959, F1: 0.9945
2026-06-09 16:57:46,222 - INFO - Epoch 30/30
2026-06-09 17:01:06,307 - INFO - Train - Loss: 0.0566, Acc: 0.9815, F1: 0.9760
2026-06-09 17:01:06,308 - INFO - Val - Loss: 0.0127, Acc: 0.9959, F1: 0.9946
2026-06-09 17:02:48,414 - INFO - Test - Loss: 4.8007, Acc: 0.1328, F1: 0.0395, Precision: 0.1066, Recall: 0.0900
2026-06-09 17:02:48,435 - INFO - Metrics saved to d:\Code\python\plant-disease-detection\results\resnet50_metrics.json
